7.3714 	INFO 	Loaded monitor calibration from ['2025_04_09 10:33']
7.3812 	WARNING 	User requested fullscreen with size [1536  960], but screen is actually [1920, 1200]. Using actual size
7.8309 	EXP 	Created window1 = Window(allowGUI=False, allowStencil=True, autoLog=True, backendConf=UNKNOWN, backgroundFit=<method-wrapper '__getattribute__' of attributeSetter object at 0x000001AF9B32DF60>, backgroundImage=<method-wrapper '__getattribute__' of attributeSetter object at 0x000001AF9B32DFC0>, bitsMode=UNKNOWN, blendMode='avg', bpc=(8, 8, 8), color=array([1., 1., 1.]), colorSpace='rgb', depthBits=8, fullscr=True, gamma=None, gammaErrorPolicy='raise', infoMsg=UNKNOWN, lms=UNKNOWN, monitor=<psychopy.monitors.calibTools.Monitor object at 0x000001AF9B3F2020>, multiSample=False, name='window1', numSamples=2, pos=[0.0, 0.0], screen=0, size=array([1920, 1200]), stencilBits=8, stereo=False, title='PsychoPy', units='height', useFBO=True, useRetina=False, viewOri=0.0, viewPos=None, viewScale=None, waitBlanking=True, winType='pyglet')
7.8310 	EXP 	window1: backgroundImage = ''
7.8310 	EXP 	window1: backgroundFit = 'none'
7.9240 	EXP 	window1: Attempting to measure frame rate of screen (0) ...
7.9241 	EXP 	window1: recordFrameIntervals = False
8.1791 	EXP 	window1: recordFrameIntervals = True
8.3639 	EXP 	Screen (0) actual frame rate measured at 59.55Hz
8.3640 	EXP 	window1: recordFrameIntervals = False
11.6945 	INFO 	keyboard.Keyboard is using iohub backend.
11.6946 	INFO 	keyboard.Keyboard is using iohub backend.
11.6946 	INFO 	keyboard.Keyboard is using iohub backend.
11.6946 	EXP 	state_naming_task: status = STARTED
11.8082 	EXP 	Created task_instructions = TextStim(__class__=<class 'psychopy.visual.text.TextStim'>, alignHoriz=method-wrapper(...), alignText='center', alignVert=method-wrapper(...), anchorHoriz='center', anchorVert='center', antialias=True, autoDraw=False, autoLog=True, bold=False, color=array([-1., -1., -1.]), colorSpace='rgb', contrast=1.0, depth=0.0, draggable=False, flipHoriz=False, flipVert=False, font='Arial', fontFiles=[], height=0.05, italic=False, languageStyle='LTR', name='task_instructions', opacity=1, ori=0.0, pos=array([0., 0.]), rgb=UNKNOWN, text=str(...), units='height', win=Window(...), wrapWidth=1)
11.8129 	EXP 	Created stimuli_prompt = TextStim(__class__=<class 'psychopy.visual.text.TextStim'>, alignHoriz=method-wrapper(...), alignText='center', alignVert=method-wrapper(...), anchorHoriz='center', anchorVert='center', antialias=True, autoDraw=False, autoLog=True, bold=False, color=array([-1., -1., -1.]), colorSpace='rgb', contrast=1.0, depth=0.0, draggable=False, flipHoriz=False, flipVert=False, font='Arial', fontFiles=[], height=0.05, italic=False, languageStyle='LTR', name='stimuli_prompt', opacity=1, ori=0.0, pos=array([0. , 0.4]), rgb=UNKNOWN, text='What is the name of this U.S. State?', units='height', win=Window(...), wrapWidth=1)
11.8175 	EXP 	Created okay_state_pics = ImageStim(__class__=<class 'psychopy.visual.image.ImageStim'>, anchor=('center', 'center'), autoLog=True, color=array([1., 1., 1.]), colorSpace='rgb', contrast=1.0, depth=-1.0, draggable=True, flipHoriz=False, flipVert=False, image='default.png', interpolate=True, mask=None, maskParams=None, name='okay_state_pics', opacity=1, ori=1.0, pos=array([0., 0.]), size=array([0.6, 0.5]), texRes=128.0, units='height', win=Window(...))
11.8471 	EXP 	Created stimuli_prompt_2 = TextStim(__class__=<class 'psychopy.visual.text.TextStim'>, alignHoriz=method-wrapper(...), alignText='center', alignVert=method-wrapper(...), anchorHoriz='center', anchorVert='center', antialias=True, autoDraw=False, autoLog=True, bold=False, color=array([-1., -1., -1.]), colorSpace='rgb', contrast=1.0, depth=0.0, draggable=False, flipHoriz=False, flipVert=False, font='Arial', fontFiles=[], height=0.05, italic=False, languageStyle='LTR', name='stimuli_prompt_2', opacity=1, ori=0.0, pos=array([0., 0.]), rgb=UNKNOWN, text='What is the name of this U.S. state?', units='height', win=Window(...), wrapWidth=1)
11.8516 	EXP 	Created wider_state_pics = ImageStim(__class__=<class 'psychopy.visual.image.ImageStim'>, anchor=('center', 'center'), autoLog=True, color=array([1., 1., 1.]), colorSpace='rgb', contrast=1.0, depth=-1.0, draggable=False, flipHoriz=False, flipVert=False, image='default.png', interpolate=True, mask=None, maskParams=None, name='wider_state_pics', opacity=1, ori=0.0, pos=array([0., 0.]), size=array([0.95, 0.5 ]), texRes=128.0, units='height', win=Window(...))
11.8667 	EXP 	Created stimuli_prompt_3 = TextStim(__class__=<class 'psychopy.visual.text.TextStim'>, alignHoriz=method-wrapper(...), alignText='center', alignVert=method-wrapper(...), anchorHoriz='center', anchorVert='center', antialias=True, autoDraw=False, autoLog=True, bold=False, color=array([1., 1., 1.]), colorSpace='rgb', contrast=1.0, depth=0.0, draggable=False, flipHoriz=False, flipVert=False, font='Arial', fontFiles=[], height=0.05, italic=False, languageStyle='LTR', name='stimuli_prompt_3', opacity=1, ori=0.0, pos=array([0., 0.]), rgb=UNKNOWN, text='What is the name of this U.S. state?', units='height', win=Window(...), wrapWidth=1)
11.8715 	EXP 	Created taller_state_pics = ImageStim(__class__=<class 'psychopy.visual.image.ImageStim'>, anchor=('center', 'center'), autoLog=True, color=array([1., 1., 1.]), colorSpace='rgb', contrast=1.0, depth=-1.0, draggable=False, flipHoriz=False, flipVert=False, image='default.png', interpolate=True, mask=None, maskParams=None, name='taller_state_pics', opacity=1, ori=0.0, pos=array([0., 0.]), size=array([0.5 , 0.65]), texRes=128.0, units='height', win=Window(...))
11.8931 	EXP 	Created task_instructions_2 = TextStim(__class__=<class 'psychopy.visual.text.TextStim'>, alignHoriz=method-wrapper(...), alignText='center', alignVert=method-wrapper(...), anchorHoriz='center', anchorVert='center', antialias=True, autoDraw=False, autoLog=True, bold=False, color=array([-1., -1., -1.]), colorSpace='rgb', contrast=1.0, depth=0.0, draggable=False, flipHoriz=False, flipVert=False, font='Arial', fontFiles=[], height=0.05, italic=False, languageStyle='LTR', name='task_instructions_2', opacity=1, ori=0.0, pos=array([0., 0.]), rgb=UNKNOWN, text=str(...), units='height', win=Window(...), wrapWidth=1)
11.8967 	EXP 	Created stimuli_prompt_4 = TextStim(__class__=<class 'psychopy.visual.text.TextStim'>, alignHoriz=method-wrapper(...), alignText='center', alignVert=method-wrapper(...), anchorHoriz='center', anchorVert='center', antialias=True, autoDraw=False, autoLog=True, bold=False, color=array([-1., -1., -1.]), colorSpace='rgb', contrast=1.0, depth=0.0, draggable=False, flipHoriz=False, flipVert=False, font='Arial', fontFiles=[], height=0.05, italic=False, languageStyle='LTR', name='stimuli_prompt_4', opacity=1, ori=0.0, pos=array([0. , 0.4]), rgb=UNKNOWN, text=str(...), units='height', win=Window(...), wrapWidth=1)
11.9096 	EXP 	Created okay_country_pics = ImageStim(__class__=<class 'psychopy.visual.image.ImageStim'>, anchor=('center', 'center'), autoLog=True, color=array([1., 1., 1.]), colorSpace='rgb', contrast=1.0, depth=-2.0, draggable=False, flipHoriz=False, flipVert=False, image='default.png', interpolate=True, mask=None, maskParams=None, name='okay_country_pics', opacity=1, ori=0.0, pos=array([0., 0.]), size=array([0.5 , 0.65]), texRes=128.0, units='height', win=Window(...))
11.9133 	EXP 	Created text_2 = TextStim(__class__=<class 'psychopy.visual.text.TextStim'>, alignHoriz=method-wrapper(...), alignText='center', alignVert=method-wrapper(...), anchorHoriz='center', anchorVert='center', antialias=True, autoDraw=False, autoLog=True, bold=False, color=array([-1., -1., -1.]), colorSpace='rgb', contrast=1.0, depth=0.0, draggable=False, flipHoriz=False, flipVert=False, font='Arial', fontFiles=[], height=0.05, italic=False, languageStyle='LTR', name='text_2', opacity=1, ori=0.0, pos=array([0. , 0.4]), rgb=UNKNOWN, text=str(...), units='height', win=Window(...), wrapWidth=1)
11.9372 	EXP 	Created tall_country_trials = ImageStim(__class__=<class 'psychopy.visual.image.ImageStim'>, anchor=('center', 'center'), autoLog=True, color=array([1., 1., 1.]), colorSpace='rgb', contrast=1.0, depth=-1.0, draggable=False, flipHoriz=False, flipVert=False, image='south_america/Chile-Country-Outline.jpg', interpolate=True, mask=None, maskParams=None, name='tall_country_trials', opacity=1, ori=0.0, pos=array([0., 0.]), size=array([0.22, 0.6 ]), texRes=128.0, units='height', win=Window(...))
11.9685 	EXP 	Created text = TextStim(__class__=<class 'psychopy.visual.text.TextStim'>, alignHoriz=method-wrapper(...), alignText='center', alignVert=method-wrapper(...), anchorHoriz='center', anchorVert='center', antialias=True, autoDraw=False, autoLog=True, bold=False, color=array([-1., -1., -1.]), colorSpace='rgb', contrast=1.0, depth=0.0, draggable=False, flipHoriz=False, flipVert=False, font='Arial', fontFiles=[], height=0.05, italic=False, languageStyle='LTR', name='text', opacity=1, ori=0.0, pos=array([0., 0.]), rgb=UNKNOWN, text=str(...), units='height', win=Window(...), wrapWidth=1)
0.0376 	EXP 	us_state_response: autoLog = True
0.0376 	EXP 	us_state_response_2: autoLog = True
0.0376 	EXP 	us_state_response_3: autoLog = True
0.0376 	EXP 	country_response: autoLog = True
0.0376 	EXP 	textbox: autoLog = True
0.0530 	INFO 	Keyboard events cleared
0.0525 	EXP 	task_instructions: autoDraw = True
1.9347 	EXP 	Imported states/loop_okay_states_trials.xlsx as conditions, 35 conditions, 2 params
1.9353 	EXP 	New trial (rep=0, index=0): <Trial 0 (0 in rep 0) data={'image_file': 'states/West-Virginia-Outline-Map.jpg', 'correct_answer': 'West Virginia', 'thisN': 0, 'thisTrialN': 0, 'thisRepN': 0}>
2.1303 	DATA 	Keypress: space
2.5036 	EXP 	task_instructions: autoDraw = False
2.5036 	EXP 	okay_state_pics: ori = 0.0
2.5036 	EXP 	okay_state_pics: image = 'states/West-Virginia-Outline-Map.jpg'
2.5114 	EXP 	stimuli_prompt: autoDraw = True
2.5114 	EXP 	okay_state_pics: autoDraw = True
2.5114 	EXP 	us_state_response: autoDraw = True
5.2007 	DATA 	Keypress: lshift
5.4205 	DATA 	Keypress: w
5.7906 	DATA 	Keypress: e
6.0269 	DATA 	Keypress: s
6.3111 	DATA 	Keypress: t
6.4769 	DATA 	Keypress: space
6.6906 	DATA 	Keypress: v
6.8316 	DATA 	Keypress: i
6.9270 	DATA 	Keypress: r
7.0928 	DATA 	Keypress: g
7.2124 	DATA 	Keypress: i
7.8041 	DATA 	Keypress: n
7.8984 	DATA 	Keypress: a
8.3953 	DATA 	Keypress: backspace
8.6556 	DATA 	Keypress: i
8.7268 	DATA 	Keypress: a
9.4351 	EXP 	New trial (rep=0, index=1): <Trial 1 (1 in rep 0) data={'image_file': 'states/Missouri-Outline-Map.jpg', 'correct_answer': 'Missouri', 'thisN': 1, 'thisTrialN': 1, 'thisRepN': 0}>
9.5350 	DATA 	Keypress: return
9.7446 	EXP 	stimuli_prompt: autoDraw = False
9.7446 	EXP 	okay_state_pics: autoDraw = False
9.7446 	EXP 	us_state_response: autoDraw = False
9.7446 	EXP 	okay_state_pics: ori = 0.0
9.7446 	EXP 	okay_state_pics: image = 'states/Missouri-Outline-Map.jpg'
9.9486 	EXP 	stimuli_prompt: autoDraw = True
9.9486 	EXP 	okay_state_pics: autoDraw = True
9.9486 	EXP 	us_state_response: autoDraw = True
16.9389 	EXP 	New trial (rep=0, index=2): <Trial 2 (2 in rep 0) data={'image_file': 'states/Indiana-Outline-Map.jpg', 'correct_answer': 'Indiana', 'thisN': 2, 'thisTrialN': 2, 'thisRepN': 0}>
17.0469 	EXP 	stimuli_prompt: autoDraw = False
17.0469 	EXP 	okay_state_pics: autoDraw = False
17.0469 	EXP 	us_state_response: autoDraw = False
17.0469 	EXP 	okay_state_pics: ori = 0.0
17.0469 	EXP 	okay_state_pics: image = 'states/Indiana-Outline-Map.jpg'
17.4386 	EXP 	stimuli_prompt: autoDraw = True
17.4386 	EXP 	okay_state_pics: autoDraw = True
17.4386 	EXP 	us_state_response: autoDraw = True
24.4345 	EXP 	New trial (rep=0, index=3): <Trial 3 (3 in rep 0) data={'image_file': 'states/California-Outline-Map.jpg', 'correct_answer': 'California', 'thisN': 3, 'thisTrialN': 3, 'thisRepN': 0}>
24.6167 	EXP 	stimuli_prompt: autoDraw = False
24.6167 	EXP 	okay_state_pics: autoDraw = False
24.6167 	EXP 	us_state_response: autoDraw = False
24.6167 	EXP 	okay_state_pics: ori = 0.0
24.6167 	EXP 	okay_state_pics: image = 'states/California-Outline-Map.jpg'
24.9360 	EXP 	stimuli_prompt: autoDraw = True
24.9360 	EXP 	okay_state_pics: autoDraw = True
24.9360 	EXP 	us_state_response: autoDraw = True
31.9211 	EXP 	New trial (rep=0, index=4): <Trial 4 (4 in rep 0) data={'image_file': 'states/Delaware-Outline-Map.jpg', 'correct_answer': 'Delaware', 'thisN': 4, 'thisTrialN': 4, 'thisRepN': 0}>
32.0460 	EXP 	stimuli_prompt: autoDraw = False
32.0460 	EXP 	okay_state_pics: autoDraw = False
32.0460 	EXP 	us_state_response: autoDraw = False
32.0460 	EXP 	stimuli_prompt: autoDraw = False
32.0460 	EXP 	okay_state_pics: autoDraw = False
32.0460 	EXP 	us_state_response: autoDraw = False
32.0460 	EXP 	okay_state_pics: ori = 0.0
32.0460 	EXP 	okay_state_pics: image = 'states/Delaware-Outline-Map.jpg'
32.4345 	EXP 	stimuli_prompt: autoDraw = True
32.4345 	EXP 	okay_state_pics: autoDraw = True
32.4345 	EXP 	us_state_response: autoDraw = True
39.4364 	EXP 	New trial (rep=0, index=5): <Trial 5 (5 in rep 0) data={'image_file': 'states/Hawaii-Outline-Map.jpg', 'correct_answer': 'Hawaii', 'thisN': 5, 'thisTrialN': 5, 'thisRepN': 0}>
39.5227 	EXP 	stimuli_prompt: autoDraw = False
39.5227 	EXP 	okay_state_pics: autoDraw = False
39.5227 	EXP 	us_state_response: autoDraw = False
39.5227 	EXP 	okay_state_pics: ori = 0.0
39.5227 	EXP 	okay_state_pics: image = 'states/Hawaii-Outline-Map.jpg'
39.9524 	EXP 	stimuli_prompt: autoDraw = True
39.9524 	EXP 	okay_state_pics: autoDraw = True
39.9524 	EXP 	us_state_response: autoDraw = True
46.9418 	EXP 	New trial (rep=0, index=6): <Trial 6 (6 in rep 0) data={'image_file': 'states/Oregon-Outline-Map.jpg', 'correct_answer': 'Oregon', 'thisN': 6, 'thisTrialN': 6, 'thisRepN': 0}>
47.0777 	EXP 	stimuli_prompt: autoDraw = False
47.0777 	EXP 	okay_state_pics: autoDraw = False
47.0777 	EXP 	us_state_response: autoDraw = False
47.0777 	EXP 	okay_state_pics: ori = 0.0
47.0777 	EXP 	okay_state_pics: image = 'states/Oregon-Outline-Map.jpg'
47.4355 	EXP 	stimuli_prompt: autoDraw = True
47.4355 	EXP 	okay_state_pics: autoDraw = True
47.4355 	EXP 	us_state_response: autoDraw = True
54.4195 	EXP 	New trial (rep=0, index=7): <Trial 7 (7 in rep 0) data={'image_file': 'states/New-York-Outline-Map.jpg', 'correct_answer': 'New York', 'thisN': 7, 'thisTrialN': 7, 'thisRepN': 0}>
54.4962 	EXP 	stimuli_prompt: autoDraw = False
54.4962 	EXP 	okay_state_pics: autoDraw = False
54.4962 	EXP 	us_state_response: autoDraw = False
54.4962 	EXP 	stimuli_prompt: autoDraw = False
54.4962 	EXP 	okay_state_pics: autoDraw = False
54.4962 	EXP 	us_state_response: autoDraw = False
54.4962 	EXP 	okay_state_pics: ori = 0.0
54.4962 	EXP 	okay_state_pics: image = 'states/New-York-Outline-Map.jpg'
54.9456 	EXP 	stimuli_prompt: autoDraw = True
54.9456 	EXP 	okay_state_pics: autoDraw = True
54.9456 	EXP 	us_state_response: autoDraw = True
61.9430 	EXP 	New trial (rep=0, index=8): <Trial 8 (8 in rep 0) data={'image_file': 'states/New-Jersey-Outline-Map.jpg', 'correct_answer': 'New Jersey', 'thisN': 8, 'thisTrialN': 8, 'thisRepN': 0}>
62.0438 	EXP 	stimuli_prompt: autoDraw = False
62.0438 	EXP 	okay_state_pics: autoDraw = False
62.0438 	EXP 	us_state_response: autoDraw = False
62.0438 	EXP 	okay_state_pics: ori = 0.0
62.0438 	EXP 	okay_state_pics: image = 'states/New-Jersey-Outline-Map.jpg'
62.4446 	EXP 	stimuli_prompt: autoDraw = True
62.4446 	EXP 	okay_state_pics: autoDraw = True
62.4446 	EXP 	us_state_response: autoDraw = True
69.4317 	EXP 	New trial (rep=0, index=9): <Trial 9 (9 in rep 0) data={'image_file': 'states/Ohio-Outline-Map.jpg', 'correct_answer': 'Ohio', 'thisN': 9, 'thisTrialN': 9, 'thisRepN': 0}>
69.5584 	EXP 	stimuli_prompt: autoDraw = False
69.5584 	EXP 	okay_state_pics: autoDraw = False
69.5584 	EXP 	us_state_response: autoDraw = False
69.5584 	EXP 	okay_state_pics: ori = 0.0
69.5584 	EXP 	okay_state_pics: image = 'states/Ohio-Outline-Map.jpg'
69.9332 	EXP 	stimuli_prompt: autoDraw = True
69.9332 	EXP 	okay_state_pics: autoDraw = True
69.9332 	EXP 	us_state_response: autoDraw = True
76.9250 	EXP 	New trial (rep=0, index=10): <Trial 10 (10 in rep 0) data={'image_file': 'states/North-Dakota-Outline-Map.jpg', 'correct_answer': 'North Dakota', 'thisN': 10, 'thisTrialN': 10, 'thisRepN': 0}>
77.0391 	EXP 	stimuli_prompt: autoDraw = False
77.0391 	EXP 	okay_state_pics: autoDraw = False
77.0391 	EXP 	us_state_response: autoDraw = False
77.0391 	EXP 	okay_state_pics: ori = 0.0
77.0391 	EXP 	okay_state_pics: image = 'states/North-Dakota-Outline-Map.jpg'
77.4349 	EXP 	stimuli_prompt: autoDraw = True
77.4349 	EXP 	okay_state_pics: autoDraw = True
77.4349 	EXP 	us_state_response: autoDraw = True
84.4289 	EXP 	New trial (rep=0, index=11): <Trial 11 (11 in rep 0) data={'image_file': 'states/Vermont-Outline-Map.jpg', 'correct_answer': 'Vermont', 'thisN': 11, 'thisTrialN': 11, 'thisRepN': 0}>
84.4992 	EXP 	stimuli_prompt: autoDraw = False
84.4992 	EXP 	okay_state_pics: autoDraw = False
84.4992 	EXP 	us_state_response: autoDraw = False
84.4992 	EXP 	okay_state_pics: ori = 0.0
84.4992 	EXP 	okay_state_pics: image = 'states/Vermont-Outline-Map.jpg'
84.9380 	EXP 	stimuli_prompt: autoDraw = True
84.9380 	EXP 	okay_state_pics: autoDraw = True
84.9380 	EXP 	us_state_response: autoDraw = True
91.9397 	EXP 	New trial (rep=0, index=12): <Trial 12 (12 in rep 0) data={'image_file': 'states/Colorado-Outline-Map.jpg', 'correct_answer': 'Colorado', 'thisN': 12, 'thisTrialN': 12, 'thisRepN': 0}>
92.0289 	EXP 	stimuli_prompt: autoDraw = False
92.0289 	EXP 	okay_state_pics: autoDraw = False
92.0289 	EXP 	us_state_response: autoDraw = False
92.0289 	EXP 	okay_state_pics: ori = 0.0
92.0289 	EXP 	okay_state_pics: image = 'states/Colorado-Outline-Map.jpg'
92.4416 	EXP 	stimuli_prompt: autoDraw = True
92.4416 	EXP 	okay_state_pics: autoDraw = True
92.4416 	EXP 	us_state_response: autoDraw = True
99.4392 	EXP 	New trial (rep=0, index=13): <Trial 13 (13 in rep 0) data={'image_file': 'states/New-Mexico-Outline-Map.jpg', 'correct_answer': 'New Mexico', 'thisN': 13, 'thisTrialN': 13, 'thisRepN': 0}>
99.5589 	EXP 	stimuli_prompt: autoDraw = False
99.5589 	EXP 	okay_state_pics: autoDraw = False
99.5589 	EXP 	us_state_response: autoDraw = False
99.5589 	EXP 	okay_state_pics: ori = 0.0
99.5589 	EXP 	okay_state_pics: image = 'states/New-Mexico-Outline-Map.jpg'
99.9306 	EXP 	stimuli_prompt: autoDraw = True
99.9306 	EXP 	okay_state_pics: autoDraw = True
99.9306 	EXP 	us_state_response: autoDraw = True
106.9330 	EXP 	New trial (rep=0, index=14): <Trial 14 (14 in rep 0) data={'image_file': 'states/Minnesota-Outline-Map.jpg', 'correct_answer': 'Minnesota', 'thisN': 14, 'thisTrialN': 14, 'thisRepN': 0}>
107.0534 	EXP 	stimuli_prompt: autoDraw = False
107.0534 	EXP 	okay_state_pics: autoDraw = False
107.0534 	EXP 	us_state_response: autoDraw = False
107.0534 	EXP 	okay_state_pics: ori = 0.0
107.0534 	EXP 	okay_state_pics: image = 'states/Minnesota-Outline-Map.jpg'
107.4410 	EXP 	stimuli_prompt: autoDraw = True
107.4410 	EXP 	okay_state_pics: autoDraw = True
107.4410 	EXP 	us_state_response: autoDraw = True
114.4389 	EXP 	New trial (rep=0, index=15): <Trial 15 (15 in rep 0) data={'image_file': 'states/South-Carolina-Outline-Map.jpg', 'correct_answer': 'South Carolina', 'thisN': 15, 'thisTrialN': 15, 'thisRepN': 0}>
114.5338 	EXP 	stimuli_prompt: autoDraw = False
114.5338 	EXP 	okay_state_pics: autoDraw = False
114.5338 	EXP 	us_state_response: autoDraw = False
114.5338 	EXP 	okay_state_pics: ori = 0.0
114.5338 	EXP 	okay_state_pics: image = 'states/South-Carolina-Outline-Map.jpg'
114.9398 	EXP 	stimuli_prompt: autoDraw = True
114.9398 	EXP 	okay_state_pics: autoDraw = True
114.9398 	EXP 	us_state_response: autoDraw = True
121.9264 	EXP 	New trial (rep=0, index=16): <Trial 16 (16 in rep 0) data={'image_file': 'states/Wyoming-Outline-Map.jpg', 'correct_answer': 'Wyoming', 'thisN': 16, 'thisTrialN': 16, 'thisRepN': 0}>
122.0100 	EXP 	stimuli_prompt: autoDraw = False
122.0100 	EXP 	okay_state_pics: autoDraw = False
122.0100 	EXP 	us_state_response: autoDraw = False
122.0100 	EXP 	okay_state_pics: ori = 0.0
122.0100 	EXP 	okay_state_pics: image = 'states/Wyoming-Outline-Map.jpg'
122.4344 	EXP 	stimuli_prompt: autoDraw = True
122.4344 	EXP 	okay_state_pics: autoDraw = True
122.4344 	EXP 	us_state_response: autoDraw = True
129.4326 	EXP 	New trial (rep=0, index=17): <Trial 17 (17 in rep 0) data={'image_file': 'states/Florida-Outline-Map.jpg', 'correct_answer': 'Florida', 'thisN': 17, 'thisTrialN': 17, 'thisRepN': 0}>
129.5245 	EXP 	stimuli_prompt: autoDraw = False
129.5245 	EXP 	okay_state_pics: autoDraw = False
129.5245 	EXP 	us_state_response: autoDraw = False
129.5245 	EXP 	okay_state_pics: ori = 0.0
129.5245 	EXP 	okay_state_pics: image = 'states/Florida-Outline-Map.jpg'
129.9475 	EXP 	stimuli_prompt: autoDraw = True
129.9475 	EXP 	okay_state_pics: autoDraw = True
129.9475 	EXP 	us_state_response: autoDraw = True
136.9388 	EXP 	New trial (rep=0, index=18): <Trial 18 (18 in rep 0) data={'image_file': 'states/Iowa-Outline-Map.jpg', 'correct_answer': 'Iowa', 'thisN': 18, 'thisTrialN': 18, 'thisRepN': 0}>
137.0391 	EXP 	stimuli_prompt: autoDraw = False
137.0391 	EXP 	okay_state_pics: autoDraw = False
137.0391 	EXP 	us_state_response: autoDraw = False
137.0391 	EXP 	okay_state_pics: ori = 0.0
137.0391 	EXP 	okay_state_pics: image = 'states/Iowa-Outline-Map.jpg'
137.4411 	EXP 	stimuli_prompt: autoDraw = True
137.4411 	EXP 	okay_state_pics: autoDraw = True
137.4411 	EXP 	us_state_response: autoDraw = True
144.4397 	EXP 	New trial (rep=0, index=19): <Trial 19 (19 in rep 0) data={'image_file': 'states/Louisiana-Outline-Map.jpg', 'correct_answer': 'Louisiana', 'thisN': 19, 'thisTrialN': 19, 'thisRepN': 0}>
144.5751 	EXP 	stimuli_prompt: autoDraw = False
144.5751 	EXP 	okay_state_pics: autoDraw = False
144.5751 	EXP 	us_state_response: autoDraw = False
144.5751 	EXP 	okay_state_pics: ori = 0.0
144.5751 	EXP 	okay_state_pics: image = 'states/Louisiana-Outline-Map.jpg'
144.9334 	EXP 	stimuli_prompt: autoDraw = True
144.9334 	EXP 	okay_state_pics: autoDraw = True
144.9334 	EXP 	us_state_response: autoDraw = True
151.9245 	EXP 	New trial (rep=0, index=20): <Trial 20 (20 in rep 0) data={'image_file': 'states/Wisconsin-Outline-Map.jpg', 'correct_answer': 'Wisconsin', 'thisN': 20, 'thisTrialN': 20, 'thisRepN': 0}>
152.0306 	EXP 	stimuli_prompt: autoDraw = False
152.0306 	EXP 	okay_state_pics: autoDraw = False
152.0306 	EXP 	us_state_response: autoDraw = False
152.0306 	EXP 	okay_state_pics: ori = 0.0
152.0306 	EXP 	okay_state_pics: image = 'states/Wisconsin-Outline-Map.jpg'
152.4301 	EXP 	stimuli_prompt: autoDraw = True
152.4301 	EXP 	okay_state_pics: autoDraw = True
152.4301 	EXP 	us_state_response: autoDraw = True
159.4242 	EXP 	New trial (rep=0, index=21): <Trial 21 (21 in rep 0) data={'image_file': 'states/Arizona-Outline-Map.jpg', 'correct_answer': 'Arizona', 'thisN': 21, 'thisTrialN': 21, 'thisRepN': 0}>
159.4543 	EXP 	stimuli_prompt: autoDraw = False
159.4543 	EXP 	okay_state_pics: autoDraw = False
159.4543 	EXP 	us_state_response: autoDraw = False
159.4543 	EXP 	stimuli_prompt: autoDraw = False
159.4543 	EXP 	okay_state_pics: autoDraw = False
159.4543 	EXP 	us_state_response: autoDraw = False
159.4543 	EXP 	okay_state_pics: ori = 0.0
159.4543 	EXP 	okay_state_pics: image = 'states/Arizona-Outline-Map.jpg'
159.9352 	EXP 	stimuli_prompt: autoDraw = True
159.9352 	EXP 	okay_state_pics: autoDraw = True
159.9352 	EXP 	us_state_response: autoDraw = True
166.9258 	EXP 	New trial (rep=0, index=22): <Trial 22 (22 in rep 0) data={'image_file': 'states/Texas-Outline-Map.jpg', 'correct_answer': 'Texas', 'thisN': 22, 'thisTrialN': 22, 'thisRepN': 0}>
167.0314 	EXP 	stimuli_prompt: autoDraw = False
167.0314 	EXP 	okay_state_pics: autoDraw = False
167.0314 	EXP 	us_state_response: autoDraw = False
167.0314 	EXP 	okay_state_pics: ori = 0.0
167.0314 	EXP 	okay_state_pics: image = 'states/Texas-Outline-Map.jpg'
167.4290 	EXP 	stimuli_prompt: autoDraw = True
167.4290 	EXP 	okay_state_pics: autoDraw = True
167.4290 	EXP 	us_state_response: autoDraw = True
174.4200 	EXP 	New trial (rep=0, index=23): <Trial 23 (23 in rep 0) data={'image_file': 'states/Washington-Outline-Map.jpg', 'correct_answer': 'Washington', 'thisN': 23, 'thisTrialN': 23, 'thisRepN': 0}>
174.4966 	EXP 	stimuli_prompt: autoDraw = False
174.4966 	EXP 	okay_state_pics: autoDraw = False
174.4966 	EXP 	us_state_response: autoDraw = False
174.4966 	EXP 	stimuli_prompt: autoDraw = False
174.4966 	EXP 	okay_state_pics: autoDraw = False
174.4966 	EXP 	us_state_response: autoDraw = False
174.4966 	EXP 	okay_state_pics: ori = 0.0
174.4966 	EXP 	okay_state_pics: image = 'states/Washington-Outline-Map.jpg'
174.9325 	EXP 	stimuli_prompt: autoDraw = True
174.9325 	EXP 	okay_state_pics: autoDraw = True
174.9325 	EXP 	us_state_response: autoDraw = True
181.9232 	EXP 	New trial (rep=0, index=24): <Trial 24 (24 in rep 0) data={'image_file': 'states/Massachusetts-Outline-Map.jpg', 'correct_answer': 'Massachusetts', 'thisN': 24, 'thisTrialN': 24, 'thisRepN': 0}>
182.0035 	EXP 	stimuli_prompt: autoDraw = False
182.0035 	EXP 	okay_state_pics: autoDraw = False
182.0035 	EXP 	us_state_response: autoDraw = False
182.0035 	EXP 	stimuli_prompt: autoDraw = False
182.0035 	EXP 	okay_state_pics: autoDraw = False
182.0035 	EXP 	us_state_response: autoDraw = False
182.0035 	EXP 	okay_state_pics: ori = 0.0
182.0035 	EXP 	okay_state_pics: image = 'states/Massachusetts-Outline-Map.jpg'
182.4385 	EXP 	stimuli_prompt: autoDraw = True
182.4385 	EXP 	okay_state_pics: autoDraw = True
182.4385 	EXP 	us_state_response: autoDraw = True
189.4398 	EXP 	New trial (rep=0, index=25): <Trial 25 (25 in rep 0) data={'image_file': 'states/Rhode-Island-Outline-Map.jpg', 'correct_answer': 'Rhode Island', 'thisN': 25, 'thisTrialN': 25, 'thisRepN': 0}>
189.5133 	EXP 	stimuli_prompt: autoDraw = False
189.5133 	EXP 	okay_state_pics: autoDraw = False
189.5133 	EXP 	us_state_response: autoDraw = False
189.5133 	EXP 	okay_state_pics: ori = 0.0
189.5133 	EXP 	okay_state_pics: image = 'states/Rhode-Island-Outline-Map.jpg'
189.9473 	EXP 	stimuli_prompt: autoDraw = True
189.9473 	EXP 	okay_state_pics: autoDraw = True
189.9473 	EXP 	us_state_response: autoDraw = True
196.9444 	EXP 	New trial (rep=0, index=26): <Trial 26 (26 in rep 0) data={'image_file': 'states/Arkansas-Outline-Map.jpg', 'correct_answer': 'Arkansas', 'thisN': 26, 'thisTrialN': 26, 'thisRepN': 0}>
197.0332 	EXP 	stimuli_prompt: autoDraw = False
197.0332 	EXP 	okay_state_pics: autoDraw = False
197.0332 	EXP 	us_state_response: autoDraw = False
197.0332 	EXP 	okay_state_pics: ori = 0.0
197.0332 	EXP 	okay_state_pics: image = 'states/Arkansas-Outline-Map.jpg'
197.4430 	EXP 	stimuli_prompt: autoDraw = True
197.4430 	EXP 	okay_state_pics: autoDraw = True
197.4430 	EXP 	us_state_response: autoDraw = True
204.4281 	EXP 	New trial (rep=0, index=27): <Trial 27 (27 in rep 0) data={'image_file': 'states/Idaho-Outline-Map.jpg', 'correct_answer': 'Idaho', 'thisN': 27, 'thisTrialN': 27, 'thisRepN': 0}>
204.5022 	EXP 	stimuli_prompt: autoDraw = False
204.5022 	EXP 	okay_state_pics: autoDraw = False
204.5022 	EXP 	us_state_response: autoDraw = False
204.5022 	EXP 	okay_state_pics: ori = 0.0
204.5022 	EXP 	okay_state_pics: image = 'states/Idaho-Outline-Map.jpg'
204.9329 	EXP 	stimuli_prompt: autoDraw = True
204.9329 	EXP 	okay_state_pics: autoDraw = True
204.9329 	EXP 	us_state_response: autoDraw = True
211.9185 	EXP 	New trial (rep=0, index=28): <Trial 28 (28 in rep 0) data={'image_file': 'states/Maine-Outline-Map.jpg', 'correct_answer': 'Maine', 'thisN': 28, 'thisTrialN': 28, 'thisRepN': 0}>
211.9906 	EXP 	stimuli_prompt: autoDraw = False
211.9906 	EXP 	okay_state_pics: autoDraw = False
211.9906 	EXP 	us_state_response: autoDraw = False
211.9906 	EXP 	stimuli_prompt: autoDraw = False
211.9906 	EXP 	okay_state_pics: autoDraw = False
211.9906 	EXP 	us_state_response: autoDraw = False
211.9906 	EXP 	okay_state_pics: ori = 0.0
211.9906 	EXP 	okay_state_pics: image = 'states/Maine-Outline-Map.jpg'
212.4386 	EXP 	stimuli_prompt: autoDraw = True
212.4386 	EXP 	okay_state_pics: autoDraw = True
212.4386 	EXP 	us_state_response: autoDraw = True
219.4375 	EXP 	New trial (rep=0, index=29): <Trial 29 (29 in rep 0) data={'image_file': 'states/Montana-Outline-Map.jpg', 'correct_answer': 'Montana', 'thisN': 29, 'thisTrialN': 29, 'thisRepN': 0}>
219.5028 	EXP 	stimuli_prompt: autoDraw = False
219.5028 	EXP 	okay_state_pics: autoDraw = False
219.5028 	EXP 	us_state_response: autoDraw = False
219.5028 	EXP 	okay_state_pics: ori = 0.0
219.5028 	EXP 	okay_state_pics: image = 'states/Montana-Outline-Map.jpg'
219.9474 	EXP 	stimuli_prompt: autoDraw = True
219.9474 	EXP 	okay_state_pics: autoDraw = True
219.9474 	EXP 	us_state_response: autoDraw = True
226.9304 	EXP 	New trial (rep=0, index=30): <Trial 30 (30 in rep 0) data={'image_file': 'states/Kansas-Outline-Map.jpg', 'correct_answer': 'Kansas', 'thisN': 30, 'thisTrialN': 30, 'thisRepN': 0}>
226.9901 	EXP 	stimuli_prompt: autoDraw = False
226.9901 	EXP 	okay_state_pics: autoDraw = False
226.9901 	EXP 	us_state_response: autoDraw = False
226.9901 	EXP 	okay_state_pics: ori = 0.0
226.9901 	EXP 	okay_state_pics: image = 'states/Kansas-Outline-Map.jpg'
227.4351 	EXP 	stimuli_prompt: autoDraw = True
227.4351 	EXP 	okay_state_pics: autoDraw = True
227.4351 	EXP 	us_state_response: autoDraw = True
234.4322 	EXP 	New trial (rep=0, index=31): <Trial 31 (31 in rep 0) data={'image_file': 'states/Utah-Outline-Map.jpg', 'correct_answer': 'Utah', 'thisN': 31, 'thisTrialN': 31, 'thisRepN': 0}>
234.5214 	EXP 	stimuli_prompt: autoDraw = False
234.5214 	EXP 	okay_state_pics: autoDraw = False
234.5214 	EXP 	us_state_response: autoDraw = False
234.5214 	EXP 	okay_state_pics: ori = 0.0
234.5214 	EXP 	okay_state_pics: image = 'states/Utah-Outline-Map.jpg'
234.9450 	EXP 	stimuli_prompt: autoDraw = True
234.9450 	EXP 	okay_state_pics: autoDraw = True
234.9450 	EXP 	us_state_response: autoDraw = True
241.9369 	EXP 	New trial (rep=0, index=32): <Trial 32 (32 in rep 0) data={'image_file': 'states/Connecticut-Outline-Map.jpg', 'correct_answer': 'Connecticut', 'thisN': 32, 'thisTrialN': 32, 'thisRepN': 0}>
242.0213 	EXP 	stimuli_prompt: autoDraw = False
242.0213 	EXP 	okay_state_pics: autoDraw = False
242.0213 	EXP 	us_state_response: autoDraw = False
242.0213 	EXP 	okay_state_pics: ori = 0.0
242.0213 	EXP 	okay_state_pics: image = 'states/Connecticut-Outline-Map.jpg'
242.4431 	EXP 	stimuli_prompt: autoDraw = True
242.4431 	EXP 	okay_state_pics: autoDraw = True
242.4431 	EXP 	us_state_response: autoDraw = True
249.4446 	EXP 	New trial (rep=0, index=33): <Trial 33 (33 in rep 0) data={'image_file': 'states/Pennsylvania-Outline-Map.jpg', 'correct_answer': 'Pennsylvania', 'thisN': 33, 'thisTrialN': 33, 'thisRepN': 0}>
249.5095 	EXP 	stimuli_prompt: autoDraw = False
249.5095 	EXP 	okay_state_pics: autoDraw = False
249.5095 	EXP 	us_state_response: autoDraw = False
249.5095 	EXP 	okay_state_pics: ori = 0.0
249.5095 	EXP 	okay_state_pics: image = 'states/Pennsylvania-Outline-Map.jpg'
249.9313 	EXP 	stimuli_prompt: autoDraw = True
249.9313 	EXP 	okay_state_pics: autoDraw = True
249.9313 	EXP 	us_state_response: autoDraw = True
256.9237 	EXP 	New trial (rep=0, index=34): <Trial 34 (34 in rep 0) data={'image_file': 'states/Michigan-Outline-Map.jpg', 'correct_answer': 'Michigan', 'thisN': 34, 'thisTrialN': 34, 'thisRepN': 0}>
257.0565 	EXP 	stimuli_prompt: autoDraw = False
257.0565 	EXP 	okay_state_pics: autoDraw = False
257.0565 	EXP 	us_state_response: autoDraw = False
257.0565 	EXP 	stimuli_prompt: autoDraw = False
257.0565 	EXP 	okay_state_pics: autoDraw = False
257.0565 	EXP 	us_state_response: autoDraw = False
257.0565 	EXP 	okay_state_pics: ori = 0.0
257.0565 	EXP 	okay_state_pics: image = 'states/Michigan-Outline-Map.jpg'
257.4363 	EXP 	stimuli_prompt: autoDraw = True
257.4363 	EXP 	okay_state_pics: autoDraw = True
257.4363 	EXP 	us_state_response: autoDraw = True
264.4395 	EXP 	Imported states/loop_wider_states_trials.xlsx as conditions, 9 conditions, 2 params
264.4399 	EXP 	New trial (rep=0, index=0): <Trial 0 (0 in rep 0) data={'image_file': 'states/Maryland-Outline-Map.jpg', 'correct_answer': 'Maryland', 'thisN': 0, 'thisTrialN': 0, 'thisRepN': 0}>
264.5016 	EXP 	stimuli_prompt: autoDraw = False
264.5016 	EXP 	okay_state_pics: autoDraw = False
264.5016 	EXP 	us_state_response: autoDraw = False
264.5016 	EXP 	wider_state_pics: image = 'states/Maryland-Outline-Map.jpg'
264.9439 	EXP 	stimuli_prompt_2: autoDraw = True
264.9439 	EXP 	wider_state_pics: autoDraw = True
264.9439 	EXP 	us_state_response_2: autoDraw = True
271.9387 	EXP 	New trial (rep=0, index=1): <Trial 1 (1 in rep 0) data={'image_file': 'states/Tennessee-Outline-Map.jpg', 'correct_answer': 'Tennessee', 'thisN': 1, 'thisTrialN': 1, 'thisRepN': 0}>
271.9814 	EXP 	stimuli_prompt_2: autoDraw = False
271.9814 	EXP 	wider_state_pics: autoDraw = False
271.9814 	EXP 	us_state_response_2: autoDraw = False
271.9814 	EXP 	wider_state_pics: image = 'states/Tennessee-Outline-Map.jpg'
272.4293 	EXP 	stimuli_prompt_2: autoDraw = True
272.4293 	EXP 	wider_state_pics: autoDraw = True
272.4293 	EXP 	us_state_response_2: autoDraw = True
279.4247 	EXP 	New trial (rep=0, index=2): <Trial 2 (2 in rep 0) data={'image_file': 'states/South-Dakota-Outline-Map.jpg', 'correct_answer': 'South Dakota', 'thisN': 2, 'thisTrialN': 2, 'thisRepN': 0}>
279.4932 	EXP 	stimuli_prompt_2: autoDraw = False
279.4932 	EXP 	wider_state_pics: autoDraw = False
279.4932 	EXP 	us_state_response_2: autoDraw = False
279.4932 	EXP 	stimuli_prompt_2: autoDraw = False
279.4932 	EXP 	wider_state_pics: autoDraw = False
279.4932 	EXP 	us_state_response_2: autoDraw = False
279.4932 	EXP 	wider_state_pics: image = 'states/South-Dakota-Outline-Map.jpg'
279.9347 	EXP 	stimuli_prompt_2: autoDraw = True
279.9347 	EXP 	wider_state_pics: autoDraw = True
279.9347 	EXP 	us_state_response_2: autoDraw = True
286.9228 	EXP 	New trial (rep=0, index=3): <Trial 3 (3 in rep 0) data={'image_file': 'states/Alaska-Outline-Map.jpg', 'correct_answer': 'Alaska', 'thisN': 3, 'thisTrialN': 3, 'thisRepN': 0}>
286.9893 	EXP 	stimuli_prompt_2: autoDraw = False
286.9893 	EXP 	wider_state_pics: autoDraw = False
286.9893 	EXP 	us_state_response_2: autoDraw = False
286.9893 	EXP 	stimuli_prompt_2: autoDraw = False
286.9893 	EXP 	wider_state_pics: autoDraw = False
286.9893 	EXP 	us_state_response_2: autoDraw = False
286.9893 	EXP 	wider_state_pics: image = 'states/Alaska-Outline-Map.jpg'
287.4275 	EXP 	stimuli_prompt_2: autoDraw = True
287.4275 	EXP 	wider_state_pics: autoDraw = True
287.4275 	EXP 	us_state_response_2: autoDraw = True
294.4258 	EXP 	New trial (rep=0, index=4): <Trial 4 (4 in rep 0) data={'image_file': 'states/Oklahoma-Outline-Map.jpg', 'correct_answer': 'Oklahoma', 'thisN': 4, 'thisTrialN': 4, 'thisRepN': 0}>
294.4974 	EXP 	stimuli_prompt_2: autoDraw = False
294.4974 	EXP 	wider_state_pics: autoDraw = False
294.4974 	EXP 	us_state_response_2: autoDraw = False
294.4974 	EXP 	wider_state_pics: image = 'states/Oklahoma-Outline-Map.jpg'
294.9353 	EXP 	stimuli_prompt_2: autoDraw = True
294.9353 	EXP 	wider_state_pics: autoDraw = True
294.9353 	EXP 	us_state_response_2: autoDraw = True
301.9324 	EXP 	New trial (rep=0, index=5): <Trial 5 (5 in rep 0) data={'image_file': 'states/Virginia-Outline-Map.jpg', 'correct_answer': 'Virginia', 'thisN': 5, 'thisTrialN': 5, 'thisRepN': 0}>
302.0065 	EXP 	stimuli_prompt_2: autoDraw = False
302.0065 	EXP 	wider_state_pics: autoDraw = False
302.0065 	EXP 	us_state_response_2: autoDraw = False
302.0065 	EXP 	wider_state_pics: image = 'states/Virginia-Outline-Map.jpg'
302.4408 	EXP 	stimuli_prompt_2: autoDraw = True
302.4408 	EXP 	wider_state_pics: autoDraw = True
302.4408 	EXP 	us_state_response_2: autoDraw = True
309.4408 	EXP 	New trial (rep=0, index=6): <Trial 6 (6 in rep 0) data={'image_file': 'states/Kentucky-Outline-Map.jpg', 'correct_answer': 'Kentucky', 'thisN': 6, 'thisTrialN': 6, 'thisRepN': 0}>
309.5197 	EXP 	stimuli_prompt_2: autoDraw = False
309.5197 	EXP 	wider_state_pics: autoDraw = False
309.5197 	EXP 	us_state_response_2: autoDraw = False
309.5197 	EXP 	wider_state_pics: image = 'states/Kentucky-Outline-Map.jpg'
309.9297 	EXP 	stimuli_prompt_2: autoDraw = True
309.9297 	EXP 	wider_state_pics: autoDraw = True
309.9297 	EXP 	us_state_response_2: autoDraw = True
316.9149 	EXP 	New trial (rep=0, index=7): <Trial 7 (7 in rep 0) data={'image_file': 'states/North-Carolina-Outline-Map.jpg', 'correct_answer': 'North Carolina', 'thisN': 7, 'thisTrialN': 7, 'thisRepN': 0}>
316.9774 	EXP 	stimuli_prompt_2: autoDraw = False
316.9774 	EXP 	wider_state_pics: autoDraw = False
316.9774 	EXP 	us_state_response_2: autoDraw = False
316.9774 	EXP 	stimuli_prompt_2: autoDraw = False
316.9774 	EXP 	wider_state_pics: autoDraw = False
316.9774 	EXP 	us_state_response_2: autoDraw = False
316.9774 	EXP 	wider_state_pics: image = 'states/North-Carolina-Outline-Map.jpg'
317.4466 	EXP 	stimuli_prompt_2: autoDraw = True
317.4466 	EXP 	wider_state_pics: autoDraw = True
317.4466 	EXP 	us_state_response_2: autoDraw = True
324.4391 	EXP 	New trial (rep=0, index=8): <Trial 8 (8 in rep 0) data={'image_file': 'states/Nebraska-Outline-Map.jpg', 'correct_answer': 'Nebraska', 'thisN': 8, 'thisTrialN': 8, 'thisRepN': 0}>
324.4930 	EXP 	stimuli_prompt_2: autoDraw = False
324.4930 	EXP 	wider_state_pics: autoDraw = False
324.4930 	EXP 	us_state_response_2: autoDraw = False
324.4930 	EXP 	wider_state_pics: image = 'states/Nebraska-Outline-Map.jpg'
324.9412 	EXP 	stimuli_prompt_2: autoDraw = True
324.9412 	EXP 	wider_state_pics: autoDraw = True
324.9412 	EXP 	us_state_response_2: autoDraw = True
331.9486 	EXP 	Imported states/loop_taller_states_trials.xlsx as conditions, 6 conditions, 2 params
331.9491 	EXP 	New trial (rep=0, index=0): <Trial 0 (0 in rep 0) data={'image_file': 'states/Mississippi-Outline-Map.jpg', 'correct_answer': 'Mississippi', 'thisN': 0, 'thisTrialN': 0, 'thisRepN': 0}>
332.0691 	EXP 	stimuli_prompt_2: autoDraw = False
332.0691 	EXP 	wider_state_pics: autoDraw = False
332.0691 	EXP 	us_state_response_2: autoDraw = False
332.0691 	EXP 	taller_state_pics: image = 'states/Mississippi-Outline-Map.jpg'
332.4372 	EXP 	stimuli_prompt_3: autoDraw = True
332.4372 	EXP 	taller_state_pics: autoDraw = True
332.4372 	EXP 	us_state_response_3: autoDraw = True
339.4376 	EXP 	New trial (rep=0, index=1): <Trial 1 (1 in rep 0) data={'image_file': 'states/Illinois-Outline-Map.jpg', 'correct_answer': 'Illinois', 'thisN': 1, 'thisTrialN': 1, 'thisRepN': 0}>
339.5212 	EXP 	stimuli_prompt_3: autoDraw = False
339.5212 	EXP 	taller_state_pics: autoDraw = False
339.5212 	EXP 	us_state_response_3: autoDraw = False
339.5212 	EXP 	taller_state_pics: image = 'states/Illinois-Outline-Map.jpg'
339.9295 	EXP 	stimuli_prompt_3: autoDraw = True
339.9295 	EXP 	taller_state_pics: autoDraw = True
339.9295 	EXP 	us_state_response_3: autoDraw = True
346.9245 	EXP 	New trial (rep=0, index=2): <Trial 2 (2 in rep 0) data={'image_file': 'states/Alabama-Outline-Map.jpg', 'correct_answer': 'Alabama', 'thisN': 2, 'thisTrialN': 2, 'thisRepN': 0}>
346.9969 	EXP 	stimuli_prompt_3: autoDraw = False
346.9969 	EXP 	taller_state_pics: autoDraw = False
346.9969 	EXP 	us_state_response_3: autoDraw = False
346.9969 	EXP 	stimuli_prompt_3: autoDraw = False
346.9969 	EXP 	taller_state_pics: autoDraw = False
346.9969 	EXP 	us_state_response_3: autoDraw = False
346.9969 	EXP 	taller_state_pics: image = 'states/Alabama-Outline-Map.jpg'
347.4436 	EXP 	stimuli_prompt_3: autoDraw = True
347.4436 	EXP 	taller_state_pics: autoDraw = True
347.4436 	EXP 	us_state_response_3: autoDraw = True
354.4251 	EXP 	New trial (rep=0, index=3): <Trial 3 (3 in rep 0) data={'image_file': 'states/Nevada-Outline-Map.jpg', 'correct_answer': 'Nevada', 'thisN': 3, 'thisTrialN': 3, 'thisRepN': 0}>
354.5367 	EXP 	stimuli_prompt_3: autoDraw = False
354.5367 	EXP 	taller_state_pics: autoDraw = False
354.5367 	EXP 	us_state_response_3: autoDraw = False
354.5367 	EXP 	taller_state_pics: image = 'states/Nevada-Outline-Map.jpg'
354.9414 	EXP 	stimuli_prompt_3: autoDraw = True
354.9414 	EXP 	taller_state_pics: autoDraw = True
354.9414 	EXP 	us_state_response_3: autoDraw = True
361.9330 	EXP 	New trial (rep=0, index=4): <Trial 4 (4 in rep 0) data={'image_file': 'states/New-Hampshire-Outline-Map.jpg', 'correct_answer': 'New Hampshire', 'thisN': 4, 'thisTrialN': 4, 'thisRepN': 0}>
362.0032 	EXP 	stimuli_prompt_3: autoDraw = False
362.0032 	EXP 	taller_state_pics: autoDraw = False
362.0032 	EXP 	us_state_response_3: autoDraw = False
362.0032 	EXP 	taller_state_pics: image = 'states/New-Hampshire-Outline-Map.jpg'
362.4269 	EXP 	stimuli_prompt_3: autoDraw = True
362.4269 	EXP 	taller_state_pics: autoDraw = True
362.4269 	EXP 	us_state_response_3: autoDraw = True
369.4194 	EXP 	New trial (rep=0, index=5): <Trial 5 (5 in rep 0) data={'image_file': 'states/Georgia-Outline-Map.jpg', 'correct_answer': 'Georgia', 'thisN': 5, 'thisTrialN': 5, 'thisRepN': 0}>
369.5533 	EXP 	stimuli_prompt_3: autoDraw = False
369.5533 	EXP 	taller_state_pics: autoDraw = False
369.5533 	EXP 	us_state_response_3: autoDraw = False
369.5533 	EXP 	stimuli_prompt_3: autoDraw = False
369.5533 	EXP 	taller_state_pics: autoDraw = False
369.5533 	EXP 	us_state_response_3: autoDraw = False
369.5533 	EXP 	taller_state_pics: image = 'states/Georgia-Outline-Map.jpg'
369.9368 	EXP 	stimuli_prompt_3: autoDraw = True
369.9368 	EXP 	taller_state_pics: autoDraw = True
369.9368 	EXP 	us_state_response_3: autoDraw = True
376.9474 	INFO 	Keyboard events cleared
376.9468 	EXP 	stimuli_prompt_3: autoDraw = False
376.9468 	EXP 	taller_state_pics: autoDraw = False
376.9468 	EXP 	us_state_response_3: autoDraw = False
376.9468 	EXP 	task_instructions_2: autoDraw = True
383.8292 	EXP 	Imported south_america/okay_south_america.xlsx as conditions, 11 conditions, 2 params
383.8296 	EXP 	New trial (rep=0, index=0): <Trial 0 (0 in rep 0) data={'image_file': 'south_america/Uruguay-Country-Outline.jpg', 'correct_answer': 'Uruguay', 'thisN': 0, 'thisTrialN': 0, 'thisRepN': 0}>
383.9395 	DATA 	Keypress: space
383.9595 	EXP 	task_instructions_2: autoDraw = False
383.9595 	EXP 	okay_country_pics: image = 'south_america/Uruguay-Country-Outline.jpg'
384.3252 	EXP 	stimuli_prompt_4: autoDraw = True
384.3252 	EXP 	country_response: autoDraw = True
384.3252 	EXP 	okay_country_pics: autoDraw = True
391.3101 	EXP 	New trial (rep=0, index=1): <Trial 1 (1 in rep 0) data={'image_file': 'south_america/Brazil-Country-Outline.jpg', 'correct_answer': 'Brazil', 'thisN': 1, 'thisTrialN': 1, 'thisRepN': 0}>
391.3872 	EXP 	stimuli_prompt_4: autoDraw = False
391.3872 	EXP 	country_response: autoDraw = False
391.3872 	EXP 	okay_country_pics: autoDraw = False
391.3872 	EXP 	stimuli_prompt_4: autoDraw = False
391.3872 	EXP 	country_response: autoDraw = False
391.3872 	EXP 	okay_country_pics: autoDraw = False
391.3872 	EXP 	okay_country_pics: image = 'south_america/Brazil-Country-Outline.jpg'
391.8334 	EXP 	stimuli_prompt_4: autoDraw = True
391.8334 	EXP 	country_response: autoDraw = True
391.8334 	EXP 	okay_country_pics: autoDraw = True
398.8188 	EXP 	New trial (rep=0, index=2): <Trial 2 (2 in rep 0) data={'image_file': 'south_america/Guyana-Country-Outline.jpg', 'correct_answer': 'Guyana', 'thisN': 2, 'thisTrialN': 2, 'thisRepN': 0}>
398.8935 	EXP 	stimuli_prompt_4: autoDraw = False
398.8935 	EXP 	country_response: autoDraw = False
398.8935 	EXP 	okay_country_pics: autoDraw = False
398.8935 	EXP 	stimuli_prompt_4: autoDraw = False
398.8935 	EXP 	country_response: autoDraw = False
398.8935 	EXP 	okay_country_pics: autoDraw = False
398.8935 	EXP 	okay_country_pics: image = 'south_america/Guyana-Country-Outline.jpg'
399.3381 	EXP 	stimuli_prompt_4: autoDraw = True
399.3381 	EXP 	country_response: autoDraw = True
399.3381 	EXP 	okay_country_pics: autoDraw = True
406.3336 	EXP 	New trial (rep=0, index=3): <Trial 3 (3 in rep 0) data={'image_file': 'south_america/Venezuela-Country-Outline.jpg', 'correct_answer': 'Venezuela', 'thisN': 3, 'thisTrialN': 3, 'thisRepN': 0}>
406.4180 	EXP 	stimuli_prompt_4: autoDraw = False
406.4180 	EXP 	country_response: autoDraw = False
406.4180 	EXP 	okay_country_pics: autoDraw = False
406.4180 	EXP 	okay_country_pics: image = 'south_america/Venezuela-Country-Outline.jpg'
406.8412 	EXP 	stimuli_prompt_4: autoDraw = True
406.8412 	EXP 	country_response: autoDraw = True
406.8412 	EXP 	okay_country_pics: autoDraw = True
413.8302 	EXP 	New trial (rep=0, index=4): <Trial 4 (4 in rep 0) data={'image_file': 'south_america/Bolivia-Country-Outline.jpg', 'correct_answer': 'Bolivia', 'thisN': 4, 'thisTrialN': 4, 'thisRepN': 0}>
413.9020 	EXP 	stimuli_prompt_4: autoDraw = False
413.9020 	EXP 	country_response: autoDraw = False
413.9020 	EXP 	okay_country_pics: autoDraw = False
413.9020 	EXP 	okay_country_pics: image = 'south_america/Bolivia-Country-Outline.jpg'
414.3252 	EXP 	stimuli_prompt_4: autoDraw = True
414.3252 	EXP 	country_response: autoDraw = True
414.3252 	EXP 	okay_country_pics: autoDraw = True
421.3184 	EXP 	New trial (rep=0, index=5): <Trial 5 (5 in rep 0) data={'image_file': 'south_america/Colombia-Country-Outline.jpg', 'correct_answer': 'Colombia', 'thisN': 5, 'thisTrialN': 5, 'thisRepN': 0}>
421.3884 	EXP 	stimuli_prompt_4: autoDraw = False
421.3884 	EXP 	country_response: autoDraw = False
421.3884 	EXP 	okay_country_pics: autoDraw = False
421.3884 	EXP 	stimuli_prompt_4: autoDraw = False
421.3884 	EXP 	country_response: autoDraw = False
421.3884 	EXP 	okay_country_pics: autoDraw = False
421.3884 	EXP 	okay_country_pics: image = 'south_america/Colombia-Country-Outline.jpg'
421.8292 	EXP 	stimuli_prompt_4: autoDraw = True
421.8292 	EXP 	country_response: autoDraw = True
421.8292 	EXP 	okay_country_pics: autoDraw = True
428.8198 	EXP 	New trial (rep=0, index=6): <Trial 6 (6 in rep 0) data={'image_file': 'south_america/Peru-Country-Outline.jpg', 'correct_answer': 'Peru', 'thisN': 6, 'thisTrialN': 6, 'thisRepN': 0}>
428.8882 	EXP 	stimuli_prompt_4: autoDraw = False
428.8882 	EXP 	country_response: autoDraw = False
428.8882 	EXP 	okay_country_pics: autoDraw = False
428.8882 	EXP 	stimuli_prompt_4: autoDraw = False
428.8882 	EXP 	country_response: autoDraw = False
428.8882 	EXP 	okay_country_pics: autoDraw = False
428.8882 	EXP 	okay_country_pics: image = 'south_america/Peru-Country-Outline.jpg'
429.3247 	EXP 	stimuli_prompt_4: autoDraw = True
429.3247 	EXP 	country_response: autoDraw = True
429.3247 	EXP 	okay_country_pics: autoDraw = True
436.3125 	EXP 	New trial (rep=0, index=7): <Trial 7 (7 in rep 0) data={'image_file': 'south_america/Argentina-Country-Outline.jpg', 'correct_answer': 'Argentina', 'thisN': 7, 'thisTrialN': 7, 'thisRepN': 0}>
436.3542 	EXP 	stimuli_prompt_4: autoDraw = False
436.3542 	EXP 	country_response: autoDraw = False
436.3542 	EXP 	okay_country_pics: autoDraw = False
436.3542 	EXP 	stimuli_prompt_4: autoDraw = False
436.3542 	EXP 	country_response: autoDraw = False
436.3542 	EXP 	okay_country_pics: autoDraw = False
436.3542 	EXP 	okay_country_pics: image = 'south_america/Argentina-Country-Outline.jpg'
436.8306 	EXP 	stimuli_prompt_4: autoDraw = True
436.8306 	EXP 	country_response: autoDraw = True
436.8306 	EXP 	okay_country_pics: autoDraw = True
443.8216 	EXP 	New trial (rep=0, index=8): <Trial 8 (8 in rep 0) data={'image_file': 'south_america/Paraguay-Country-Outline.jpg', 'correct_answer': 'Paraguay', 'thisN': 8, 'thisTrialN': 8, 'thisRepN': 0}>
443.9136 	EXP 	stimuli_prompt_4: autoDraw = False
443.9136 	EXP 	country_response: autoDraw = False
443.9136 	EXP 	okay_country_pics: autoDraw = False
443.9136 	EXP 	stimuli_prompt_4: autoDraw = False
443.9136 	EXP 	country_response: autoDraw = False
443.9136 	EXP 	okay_country_pics: autoDraw = False
443.9136 	EXP 	okay_country_pics: image = 'south_america/Paraguay-Country-Outline.jpg'
444.3256 	EXP 	stimuli_prompt_4: autoDraw = True
444.3256 	EXP 	country_response: autoDraw = True
444.3256 	EXP 	okay_country_pics: autoDraw = True
451.3271 	EXP 	New trial (rep=0, index=9): <Trial 9 (9 in rep 0) data={'image_file': 'south_america/Suriname-Country-Outline.jpg', 'correct_answer': 'Suriname', 'thisN': 9, 'thisTrialN': 9, 'thisRepN': 0}>
451.4282 	EXP 	stimuli_prompt_4: autoDraw = False
451.4282 	EXP 	country_response: autoDraw = False
451.4282 	EXP 	okay_country_pics: autoDraw = False
451.4282 	EXP 	okay_country_pics: image = 'south_america/Suriname-Country-Outline.jpg'
451.8396 	EXP 	stimuli_prompt_4: autoDraw = True
451.8396 	EXP 	country_response: autoDraw = True
451.8396 	EXP 	okay_country_pics: autoDraw = True
458.8347 	EXP 	New trial (rep=0, index=10): <Trial 10 (10 in rep 0) data={'image_file': 'south_america/Ecuador-Country-Outline.jpg', 'correct_answer': 'Ecuador', 'thisN': 10, 'thisTrialN': 10, 'thisRepN': 0}>
458.9249 	EXP 	stimuli_prompt_4: autoDraw = False
458.9249 	EXP 	country_response: autoDraw = False
458.9249 	EXP 	okay_country_pics: autoDraw = False
458.9249 	EXP 	okay_country_pics: image = 'south_america/Ecuador-Country-Outline.jpg'
459.3352 	EXP 	stimuli_prompt_4: autoDraw = True
459.3352 	EXP 	country_response: autoDraw = True
459.3352 	EXP 	okay_country_pics: autoDraw = True
466.3499 	EXP 	stimuli_prompt_4: autoDraw = False
466.3499 	EXP 	country_response: autoDraw = False
466.3499 	EXP 	okay_country_pics: autoDraw = False
466.8273 	EXP 	text_2: autoDraw = True
466.8273 	EXP 	tall_country_trials: autoDraw = True
466.8273 	EXP 	textbox: autoDraw = True
473.8425 	EXP 	text_2: autoDraw = False
473.8425 	EXP 	tall_country_trials: autoDraw = False
473.8425 	EXP 	textbox: autoDraw = False
473.8425 	EXP 	text: autoDraw = True
483.8506 	EXP 	text: autoDraw = False
483.8507 	EXP 	state_naming_task: status = STOPPED
483.8876 	INFO 	saved data to 'C:\\Users\\josef\\OneDrive\\Desktop\\Filler Task for TOT Study\\data/079527_state_naming_task_2025-04-11_21h55.59.593.csv'
483.8894 	INFO 	saved data to C:\Users\josef\OneDrive\Desktop\Filler Task for TOT Study\data/079527_state_naming_task_2025-04-11_21h55.59.593.psydat
