7.4609 	INFO 	Loaded monitor calibration from ['2025_04_09 10:33']
7.4731 	WARNING 	User requested fullscreen with size [1536  960], but screen is actually [1920, 1200]. Using actual size
7.8665 	EXP 	Created window1 = Window(allowGUI=False, allowStencil=False, autoLog=True, backendConf=UNKNOWN, backgroundFit=<method-wrapper '__getattribute__' of attributeSetter object at 0x000001B38D15B940>, backgroundImage=<method-wrapper '__getattribute__' of attributeSetter object at 0x000001B38D159090>, bitsMode=UNKNOWN, blendMode='avg', bpc=(8, 8, 8), color=array([1., 1., 1.]), colorSpace='rgb', depthBits=8, fullscr=True, gamma=None, gammaErrorPolicy='raise', infoMsg=UNKNOWN, lms=UNKNOWN, monitor=<psychopy.monitors.calibTools.Monitor object at 0x000001B399C41AE0>, multiSample=False, name='window1', numSamples=2, pos=[0.0, 0.0], screen=0, size=array([1920, 1200]), stencilBits=0, stereo=False, title='PsychoPy', units='height', useFBO=True, useRetina=False, viewOri=0.0, viewPos=None, viewScale=None, waitBlanking=True, winType='pyglet')
7.8666 	EXP 	window1: backgroundImage = ''
7.8666 	EXP 	window1: backgroundFit = 'none'
7.9388 	EXP 	window1: Attempting to measure frame rate of screen (0) ...
7.9388 	EXP 	window1: recordFrameIntervals = False
8.1815 	EXP 	window1: recordFrameIntervals = True
8.3650 	EXP 	Screen (0) actual frame rate measured at 60.08Hz
8.3650 	EXP 	window1: recordFrameIntervals = False
11.6914 	INFO 	keyboard.Keyboard is using iohub backend.
11.6915 	INFO 	keyboard.Keyboard is using iohub backend.
11.6915 	INFO 	keyboard.Keyboard is using iohub backend.
11.6915 	EXP 	state_naming_task: status = STARTED
11.7872 	EXP 	Created task_instructions = TextStim(__class__=<class 'psychopy.visual.text.TextStim'>, alignHoriz=method-wrapper(...), alignText='center', alignVert=method-wrapper(...), anchorHoriz='center', anchorVert='center', antialias=True, autoDraw=False, autoLog=True, bold=False, color=array([-1., -1., -1.]), colorSpace='rgb', contrast=1.0, depth=0.0, draggable=False, flipHoriz=False, flipVert=False, font='Arial', fontFiles=[], height=0.05, italic=False, languageStyle='LTR', name='task_instructions', opacity=1, ori=0.0, pos=array([0., 0.]), rgb=UNKNOWN, text=str(...), units='height', win=Window(...), wrapWidth=1)
11.8345 	EXP 	Created image = ImageStim(__class__=<class 'psychopy.visual.image.ImageStim'>, anchor=('center', 'center'), autoLog=True, color=array([1., 1., 1.]), colorSpace='rgb', contrast=1.0, depth=0.0, draggable=False, flipHoriz=False, flipVert=False, image=str(...), interpolate=True, mask=None, maskParams=None, name='image', opacity=1, ori=0.0, pos=array([0., 0.]), size=array([0.5, 0.5]), texRes=128.0, units='height', win=Window(...))
11.8557 	EXP 	Created text = TextStim(__class__=<class 'psychopy.visual.text.TextStim'>, alignHoriz=method-wrapper(...), alignText='center', alignVert=method-wrapper(...), anchorHoriz='center', anchorVert='center', antialias=True, autoDraw=False, autoLog=True, bold=False, color=array([-1., -1., -1.]), colorSpace='rgb', contrast=1.0, depth=-2.0, draggable=False, flipHoriz=False, flipVert=False, font='Arial', fontFiles=[], height=0.05, italic=False, languageStyle='LTR', name='text', opacity=1, ori=0.0, pos=array([0. , 0.1]), rgb=UNKNOWN, text=str(...), units='height', win=Window(...), wrapWidth=1)
0.0471 	INFO 	Keyboard events cleared
0.0468 	EXP 	task_instructions: autoDraw = True
1.3671 	DATA 	Keypress: space
1.3786 	EXP 	task_instructions: autoDraw = False
1.8795 	INFO 	Keyboard events cleared
1.8790 	EXP 	image: autoDraw = True
1.8790 	EXP 	text: autoDraw = True
5.7138 	DATA 	Keypress: escape
5.9129 	EXP 	state_naming_task: status = STOPPED
5.9279 	EXP 	image: autoDraw = False
5.9279 	EXP 	text: autoDraw = False
5.9281 	EXP 	state_naming_task: status = STOPPED
5.9536 	INFO 	saved data to 'C:\\Users\\josef\\OneDrive\\Desktop\\Filler Task for TOT Study\\data/089020_state_naming_task_2025-04-11_11h03.37.670.csv'
5.9546 	INFO 	saved data to C:\Users\josef\OneDrive\Desktop\Filler Task for TOT Study\data/089020_state_naming_task_2025-04-11_11h03.37.670.psydat
