14.3437 	INFO 	Loaded monitor calibration from ['2025_04_09 10:33']
14.3611 	WARNING 	User requested fullscreen with size [1536  960], but screen is actually [1920, 1200]. Using actual size
14.7953 	EXP 	Created window1 = Window(allowGUI=False, allowStencil=True, autoLog=True, backendConf=UNKNOWN, backgroundFit=<method-wrapper '__getattribute__' of attributeSetter object at 0x000001EF6FAFDF60>, backgroundImage=<method-wrapper '__getattribute__' of attributeSetter object at 0x000001EF6FAFDFC0>, bitsMode=UNKNOWN, blendMode='avg', bpc=(8, 8, 8), color=array([1., 1., 1.]), colorSpace='rgb', depthBits=8, fullscr=True, gamma=None, gammaErrorPolicy='raise', infoMsg=UNKNOWN, lms=UNKNOWN, monitor=<psychopy.monitors.calibTools.Monitor object at 0x000001EF6FBC2020>, multiSample=False, name='window1', numSamples=2, pos=[0.0, 0.0], screen=0, size=array([1920, 1200]), stencilBits=8, stereo=False, title='PsychoPy', units='height', useFBO=True, useRetina=False, viewOri=0.0, viewPos=None, viewScale=None, waitBlanking=True, winType='pyglet')
14.7954 	EXP 	window1: backgroundImage = ''
14.7954 	EXP 	window1: backgroundFit = 'none'
14.8722 	EXP 	window1: Attempting to measure frame rate of screen (0) ...
14.8723 	EXP 	window1: recordFrameIntervals = False
15.1088 	EXP 	window1: recordFrameIntervals = True
15.2930 	EXP 	Screen (0) actual frame rate measured at 59.81Hz
15.2931 	EXP 	window1: recordFrameIntervals = False
18.7203 	INFO 	keyboard.Keyboard is using iohub backend.
18.7203 	INFO 	keyboard.Keyboard is using iohub backend.
18.7204 	INFO 	keyboard.Keyboard is using iohub backend.
18.7204 	EXP 	state_naming_task: status = STARTED
18.8352 	EXP 	Created task_instructions = TextStim(__class__=<class 'psychopy.visual.text.TextStim'>, alignHoriz=method-wrapper(...), alignText='center', alignVert=method-wrapper(...), anchorHoriz='center', anchorVert='center', antialias=True, autoDraw=False, autoLog=True, bold=False, color=array([-1., -1., -1.]), colorSpace='rgb', contrast=1.0, depth=0.0, draggable=False, flipHoriz=False, flipVert=False, font='Arial', fontFiles=[], height=0.05, italic=False, languageStyle='LTR', name='task_instructions', opacity=1, ori=0.0, pos=array([0., 0.]), rgb=UNKNOWN, text=str(...), units='height', win=Window(...), wrapWidth=1)
18.8403 	EXP 	Created stimuli_prompt = TextStim(__class__=<class 'psychopy.visual.text.TextStim'>, alignHoriz=method-wrapper(...), alignText='center', alignVert=method-wrapper(...), anchorHoriz='center', anchorVert='center', antialias=True, autoDraw=False, autoLog=True, bold=False, color=array([-1., -1., -1.]), colorSpace='rgb', contrast=1.0, depth=0.0, draggable=False, flipHoriz=False, flipVert=False, font='Arial', fontFiles=[], height=0.05, italic=False, languageStyle='LTR', name='stimuli_prompt', opacity=1, ori=0.0, pos=array([0. , 0.4]), rgb=UNKNOWN, text='What is the name of this U.S. State?', units='height', win=Window(...), wrapWidth=1)
18.8455 	EXP 	Created okay_state_pics = ImageStim(__class__=<class 'psychopy.visual.image.ImageStim'>, anchor=('center', 'center'), autoLog=True, color=array([1., 1., 1.]), colorSpace='rgb', contrast=1.0, depth=-1.0, draggable=True, flipHoriz=False, flipVert=False, image='default.png', interpolate=True, mask=None, maskParams=None, name='okay_state_pics', opacity=1, ori=1.0, pos=array([0., 0.]), size=array([0.6, 0.5]), texRes=128.0, units='height', win=Window(...))
18.8751 	EXP 	Created stimuli_prompt_2 = TextStim(__class__=<class 'psychopy.visual.text.TextStim'>, alignHoriz=method-wrapper(...), alignText='center', alignVert=method-wrapper(...), anchorHoriz='center', anchorVert='center', antialias=True, autoDraw=False, autoLog=True, bold=False, color=array([1., 1., 1.]), colorSpace='rgb', contrast=1.0, depth=0.0, draggable=False, flipHoriz=False, flipVert=False, font='Arial', fontFiles=[], height=0.05, italic=False, languageStyle='LTR', name='stimuli_prompt_2', opacity=1, ori=0.0, pos=array([0., 0.]), rgb=UNKNOWN, text='What is the name of this U.S. state?', units='height', win=Window(...), wrapWidth=1)
18.8791 	EXP 	Created wider_state_pics = ImageStim(__class__=<class 'psychopy.visual.image.ImageStim'>, anchor=('center', 'center'), autoLog=True, color=array([1., 1., 1.]), colorSpace='rgb', contrast=1.0, depth=-1.0, draggable=False, flipHoriz=False, flipVert=False, image='default.png', interpolate=True, mask=None, maskParams=None, name='wider_state_pics', opacity=1, ori=0.0, pos=array([0., 0.]), size=array([0.95, 0.5 ]), texRes=128.0, units='height', win=Window(...))
18.8928 	EXP 	Created stimuli_prompt_3 = TextStim(__class__=<class 'psychopy.visual.text.TextStim'>, alignHoriz=method-wrapper(...), alignText='center', alignVert=method-wrapper(...), anchorHoriz='center', anchorVert='center', antialias=True, autoDraw=False, autoLog=True, bold=False, color=array([1., 1., 1.]), colorSpace='rgb', contrast=1.0, depth=0.0, draggable=False, flipHoriz=False, flipVert=False, font='Arial', fontFiles=[], height=0.05, italic=False, languageStyle='LTR', name='stimuli_prompt_3', opacity=1, ori=0.0, pos=array([0., 0.]), rgb=UNKNOWN, text='What is the name of this U.S. state?', units='height', win=Window(...), wrapWidth=1)
18.8967 	EXP 	Created taller_state_pics = ImageStim(__class__=<class 'psychopy.visual.image.ImageStim'>, anchor=('center', 'center'), autoLog=True, color=array([1., 1., 1.]), colorSpace='rgb', contrast=1.0, depth=-1.0, draggable=False, flipHoriz=False, flipVert=False, image='default.png', interpolate=True, mask=None, maskParams=None, name='taller_state_pics', opacity=1, ori=0.0, pos=array([0., 0.]), size=array([0.5 , 0.65]), texRes=128.0, units='height', win=Window(...))
18.9178 	EXP 	Created task_instructions_2 = TextStim(__class__=<class 'psychopy.visual.text.TextStim'>, alignHoriz=method-wrapper(...), alignText='center', alignVert=method-wrapper(...), anchorHoriz='center', anchorVert='center', antialias=True, autoDraw=False, autoLog=True, bold=False, color=array([-1., -1., -1.]), colorSpace='rgb', contrast=1.0, depth=0.0, draggable=False, flipHoriz=False, flipVert=False, font='Arial', fontFiles=[], height=0.05, italic=False, languageStyle='LTR', name='task_instructions_2', opacity=1, ori=0.0, pos=array([0., 0.]), rgb=UNKNOWN, text=str(...), units='height', win=Window(...), wrapWidth=1)
18.9216 	EXP 	Created stimuli_prompt_4 = TextStim(__class__=<class 'psychopy.visual.text.TextStim'>, alignHoriz=method-wrapper(...), alignText='center', alignVert=method-wrapper(...), anchorHoriz='center', anchorVert='center', antialias=True, autoDraw=False, autoLog=True, bold=False, color=array([-1., -1., -1.]), colorSpace='rgb', contrast=1.0, depth=0.0, draggable=False, flipHoriz=False, flipVert=False, font='Arial', fontFiles=[], height=0.05, italic=False, languageStyle='LTR', name='stimuli_prompt_4', opacity=1, ori=0.0, pos=array([0. , 0.4]), rgb=UNKNOWN, text=str(...), units='height', win=Window(...), wrapWidth=1)
18.9350 	EXP 	Created okay_country_pics = ImageStim(__class__=<class 'psychopy.visual.image.ImageStim'>, anchor=('center', 'center'), autoLog=True, color=array([1., 1., 1.]), colorSpace='rgb', contrast=1.0, depth=-2.0, draggable=False, flipHoriz=False, flipVert=False, image='default.png', interpolate=True, mask=None, maskParams=None, name='okay_country_pics', opacity=1, ori=0.0, pos=array([0., 0.]), size=array([0.5, 0.7]), texRes=128.0, units='height', win=Window(...))
18.9388 	EXP 	Created text_2 = TextStim(__class__=<class 'psychopy.visual.text.TextStim'>, alignHoriz=method-wrapper(...), alignText='center', alignVert=method-wrapper(...), anchorHoriz='center', anchorVert='center', antialias=True, autoDraw=False, autoLog=True, bold=False, color=array([-1., -1., -1.]), colorSpace='rgb', contrast=1.0, depth=0.0, draggable=False, flipHoriz=False, flipVert=False, font='Arial', fontFiles=[], height=0.05, italic=False, languageStyle='LTR', name='text_2', opacity=1, ori=0.0, pos=array([0. , 0.4]), rgb=UNKNOWN, text=str(...), units='height', win=Window(...), wrapWidth=1)
18.9658 	EXP 	Created tall_country_trials = ImageStim(__class__=<class 'psychopy.visual.image.ImageStim'>, anchor=('center', 'center'), autoLog=True, color=array([1., 1., 1.]), colorSpace='rgb', contrast=1.0, depth=-1.0, draggable=False, flipHoriz=False, flipVert=False, image='south_america/Chile-Country-Outline.jpg', interpolate=True, mask=None, maskParams=None, name='tall_country_trials', opacity=1, ori=0.0, pos=array([0., 0.]), size=array([0.22, 0.6 ]), texRes=128.0, units='height', win=Window(...))
18.9837 	EXP 	Created text = TextStim(__class__=<class 'psychopy.visual.text.TextStim'>, alignHoriz=method-wrapper(...), alignText='center', alignVert=method-wrapper(...), anchorHoriz='center', anchorVert='center', antialias=True, autoDraw=False, autoLog=True, bold=False, color=array([-1., -1., -1.]), colorSpace='rgb', contrast=1.0, depth=0.0, draggable=False, flipHoriz=False, flipVert=False, font='Arial', fontFiles=[], height=0.05, italic=False, languageStyle='LTR', name='text', opacity=1, ori=0.0, pos=array([0., 0.]), rgb=UNKNOWN, text=str(...), units='height', win=Window(...), wrapWidth=1)
0.0035 	EXP 	us_state_response: autoLog = True
0.0035 	EXP 	us_state_response_2: autoLog = True
0.0035 	EXP 	us_state_response_3: autoLog = True
0.0035 	EXP 	country_response: autoLog = True
0.0035 	EXP 	textbox: autoLog = True
0.0171 	INFO 	Keyboard events cleared
0.0166 	EXP 	task_instructions: autoDraw = True
18.4278 	EXP 	Imported states/loop_okay_states_trials.xlsx as conditions, 35 conditions, 2 params
18.4287 	EXP 	New trial (rep=0, index=0): <Trial 0 (0 in rep 0) data={'image_file': 'states/Florida-Outline-Map.jpg', 'correct_answer': 'Florida', 'thisN': 0, 'thisTrialN': 0, 'thisRepN': 0}>
18.5178 	DATA 	Keypress: space
18.7335 	EXP 	task_instructions: autoDraw = False
18.7335 	EXP 	okay_state_pics: ori = 0.0
18.7335 	EXP 	okay_state_pics: image = 'states/Florida-Outline-Map.jpg'
18.9381 	EXP 	stimuli_prompt: autoDraw = True
18.9381 	EXP 	okay_state_pics: autoDraw = True
18.9381 	EXP 	us_state_response: autoDraw = True
20.1276 	DATA 	Keypress: lshift
20.3415 	DATA 	Keypress: f
20.5077 	DATA 	Keypress: l
20.6975 	DATA 	Keypress: o
20.8172 	DATA 	Keypress: r
20.9110 	DATA 	Keypress: i
21.0300 	DATA 	Keypress: d
21.1492 	DATA 	Keypress: a
25.9257 	EXP 	New trial (rep=0, index=1): <Trial 1 (1 in rep 0) data={'image_file': 'states/Iowa-Outline-Map.jpg', 'correct_answer': 'Iowa', 'thisN': 1, 'thisTrialN': 1, 'thisRepN': 0}>
26.4352 	EXP 	stimuli_prompt: autoDraw = False
26.4352 	EXP 	okay_state_pics: autoDraw = False
26.4352 	EXP 	us_state_response: autoDraw = False
26.4352 	EXP 	okay_state_pics: ori = 0.0
26.4352 	EXP 	okay_state_pics: image = 'states/Iowa-Outline-Map.jpg'
26.4431 	EXP 	stimuli_prompt: autoDraw = True
26.4431 	EXP 	okay_state_pics: autoDraw = True
26.4431 	EXP 	us_state_response: autoDraw = True
30.1617 	DATA 	Keypress: lshift
31.8020 	DATA 	Keypress: i
32.0394 	DATA 	Keypress: d
32.4190 	DATA 	Keypress: a
32.5378 	DATA 	Keypress: h
32.6085 	DATA 	Keypress: o
33.4411 	EXP 	New trial (rep=0, index=2): <Trial 2 (2 in rep 0) data={'image_file': 'states/Ohio-Outline-Map.jpg', 'correct_answer': 'Ohio', 'thisN': 2, 'thisTrialN': 2, 'thisRepN': 0}>
33.6401 	EXP 	stimuli_prompt: autoDraw = False
33.6401 	EXP 	okay_state_pics: autoDraw = False
33.6401 	EXP 	us_state_response: autoDraw = False
33.6401 	EXP 	okay_state_pics: ori = 0.0
33.6401 	EXP 	okay_state_pics: image = 'states/Ohio-Outline-Map.jpg'
33.9398 	EXP 	stimuli_prompt: autoDraw = True
33.9398 	EXP 	okay_state_pics: autoDraw = True
33.9398 	EXP 	us_state_response: autoDraw = True
35.3412 	DATA 	Keypress: lshift
35.4598 	DATA 	Keypress: o
35.6494 	DATA 	Keypress: h
35.7880 	DATA 	Keypress: i
35.9071 	DATA 	Keypress: o
40.9293 	EXP 	New trial (rep=0, index=3): <Trial 3 (3 in rep 0) data={'image_file': 'states/Vermont-Outline-Map.jpg', 'correct_answer': 'Vermont', 'thisN': 3, 'thisTrialN': 3, 'thisRepN': 0}>
41.0296 	EXP 	stimuli_prompt: autoDraw = False
41.0296 	EXP 	okay_state_pics: autoDraw = False
41.0296 	EXP 	us_state_response: autoDraw = False
41.0296 	EXP 	okay_state_pics: ori = 0.0
41.0296 	EXP 	okay_state_pics: image = 'states/Vermont-Outline-Map.jpg'
41.4437 	EXP 	stimuli_prompt: autoDraw = True
41.4437 	EXP 	okay_state_pics: autoDraw = True
41.4437 	EXP 	us_state_response: autoDraw = True
44.8432 	DATA 	Keypress: lshift
45.0300 	DATA 	Keypress: m
45.2638 	DATA 	Keypress: i
45.4975 	DATA 	Keypress: n
45.6146 	DATA 	Keypress: n
45.7101 	DATA 	Keypress: e
45.9182 	DATA 	Keypress: s
46.0113 	DATA 	Keypress: o
46.1288 	DATA 	Keypress: t
46.3149 	DATA 	Keypress: a
48.4411 	EXP 	New trial (rep=0, index=4): <Trial 4 (4 in rep 0) data={'image_file': 'states/North-Dakota-Outline-Map.jpg', 'correct_answer': 'North Dakota', 'thisN': 4, 'thisTrialN': 4, 'thisRepN': 0}>
48.5462 	EXP 	stimuli_prompt: autoDraw = False
48.5462 	EXP 	okay_state_pics: autoDraw = False
48.5462 	EXP 	us_state_response: autoDraw = False
48.5462 	EXP 	okay_state_pics: ori = 0.0
48.5462 	EXP 	okay_state_pics: image = 'states/North-Dakota-Outline-Map.jpg'
48.9336 	EXP 	stimuli_prompt: autoDraw = True
48.9336 	EXP 	okay_state_pics: autoDraw = True
48.9336 	EXP 	us_state_response: autoDraw = True
52.5625 	DATA 	Keypress: lshift
52.7472 	DATA 	Keypress: w
52.9569 	DATA 	Keypress: y
53.1421 	DATA 	Keypress: o
53.4663 	DATA 	Keypress: m
53.6279 	DATA 	Keypress: i
53.6983 	DATA 	Keypress: n
53.7701 	DATA 	Keypress: g
55.9256 	EXP 	New trial (rep=0, index=5): <Trial 5 (5 in rep 0) data={'image_file': 'states/Arizona-Outline-Map.jpg', 'correct_answer': 'Arizona', 'thisN': 5, 'thisTrialN': 5, 'thisRepN': 0}>
55.9553 	EXP 	stimuli_prompt: autoDraw = False
55.9553 	EXP 	okay_state_pics: autoDraw = False
55.9553 	EXP 	us_state_response: autoDraw = False
55.9553 	EXP 	okay_state_pics: ori = 0.0
55.9553 	EXP 	okay_state_pics: image = 'states/Arizona-Outline-Map.jpg'
56.4354 	EXP 	stimuli_prompt: autoDraw = True
56.4354 	EXP 	okay_state_pics: autoDraw = True
56.4354 	EXP 	us_state_response: autoDraw = True
58.1544 	DATA 	Keypress: lshift
58.3432 	DATA 	Keypress: n
58.5257 	DATA 	Keypress: e
58.6418 	DATA 	Keypress: w
58.9434 	DATA 	Keypress: space
59.0827 	DATA 	Keypress: lshift
59.2672 	DATA 	Keypress: m
59.5003 	DATA 	Keypress: e
59.7799 	DATA 	Keypress: x
60.1973 	DATA 	Keypress: i
60.3355 	DATA 	Keypress: c
60.4288 	DATA 	Keypress: o
63.4209 	EXP 	New trial (rep=0, index=6): <Trial 6 (6 in rep 0) data={'image_file': 'states/Hawaii-Outline-Map.jpg', 'correct_answer': 'Hawaii', 'thisN': 6, 'thisTrialN': 6, 'thisRepN': 0}>
63.4946 	EXP 	stimuli_prompt: autoDraw = False
63.4946 	EXP 	okay_state_pics: autoDraw = False
63.4946 	EXP 	us_state_response: autoDraw = False
63.4946 	EXP 	okay_state_pics: ori = 0.0
63.4946 	EXP 	okay_state_pics: image = 'states/Hawaii-Outline-Map.jpg'
63.9261 	EXP 	stimuli_prompt: autoDraw = True
63.9261 	EXP 	okay_state_pics: autoDraw = True
63.9261 	EXP 	us_state_response: autoDraw = True
65.0601 	DATA 	Keypress: lshift
65.5670 	DATA 	Keypress: h
65.8205 	DATA 	Keypress: a
66.0271 	DATA 	Keypress: w
66.1907 	DATA 	Keypress: a
66.4421 	DATA 	Keypress: i
66.5568 	DATA 	Keypress: i
70.9219 	EXP 	New trial (rep=0, index=7): <Trial 7 (7 in rep 0) data={'image_file': 'states/Wisconsin-Outline-Map.jpg', 'correct_answer': 'Wisconsin', 'thisN': 7, 'thisTrialN': 7, 'thisRepN': 0}>
71.0399 	EXP 	stimuli_prompt: autoDraw = False
71.0399 	EXP 	okay_state_pics: autoDraw = False
71.0399 	EXP 	us_state_response: autoDraw = False
71.0399 	EXP 	okay_state_pics: ori = 0.0
71.0399 	EXP 	okay_state_pics: image = 'states/Wisconsin-Outline-Map.jpg'
71.4440 	EXP 	stimuli_prompt: autoDraw = True
71.4440 	EXP 	okay_state_pics: autoDraw = True
71.4440 	EXP 	us_state_response: autoDraw = True
77.5249 	DATA 	Keypress: lshift
78.4188 	EXP 	New trial (rep=0, index=8): <Trial 8 (8 in rep 0) data={'image_file': 'states/Louisiana-Outline-Map.jpg', 'correct_answer': 'Louisiana', 'thisN': 8, 'thisTrialN': 8, 'thisRepN': 0}>
78.5159 	EXP 	stimuli_prompt: autoDraw = False
78.5159 	EXP 	okay_state_pics: autoDraw = False
78.5159 	EXP 	us_state_response: autoDraw = False
78.5159 	EXP 	okay_state_pics: ori = 0.0
78.5159 	EXP 	okay_state_pics: image = 'states/Louisiana-Outline-Map.jpg'
78.9413 	EXP 	stimuli_prompt: autoDraw = True
78.9413 	EXP 	okay_state_pics: autoDraw = True
78.9413 	EXP 	us_state_response: autoDraw = True
79.8124 	DATA 	Keypress: l
80.0423 	DATA 	Keypress: o
80.2453 	DATA 	Keypress: u
80.8373 	DATA 	Keypress: i
80.9743 	DATA 	Keypress: s
81.1567 	DATA 	Keypress: i
81.5208 	DATA 	Keypress: a
81.6130 	DATA 	Keypress: n
81.7253 	DATA 	Keypress: a
85.9277 	EXP 	New trial (rep=0, index=9): <Trial 9 (9 in rep 0) data={'image_file': 'states/New-York-Outline-Map.jpg', 'correct_answer': 'New York', 'thisN': 9, 'thisTrialN': 9, 'thisRepN': 0}>
85.9788 	EXP 	stimuli_prompt: autoDraw = False
85.9788 	EXP 	okay_state_pics: autoDraw = False
85.9788 	EXP 	us_state_response: autoDraw = False
85.9788 	EXP 	okay_state_pics: ori = 0.0
85.9788 	EXP 	okay_state_pics: image = 'states/New-York-Outline-Map.jpg'
86.4267 	EXP 	stimuli_prompt: autoDraw = True
86.4267 	EXP 	okay_state_pics: autoDraw = True
86.4267 	EXP 	us_state_response: autoDraw = True
87.6290 	DATA 	Keypress: lshift
87.7410 	DATA 	Keypress: n
87.9223 	DATA 	Keypress: e
88.0356 	DATA 	Keypress: w
88.1259 	DATA 	Keypress: space
88.2631 	DATA 	Keypress: lshift
88.3743 	DATA 	Keypress: y
88.5541 	DATA 	Keypress: o
88.6444 	DATA 	Keypress: r
88.7817 	DATA 	Keypress: k
93.4242 	EXP 	New trial (rep=0, index=10): <Trial 10 (10 in rep 0) data={'image_file': 'states/Colorado-Outline-Map.jpg', 'correct_answer': 'Colorado', 'thisN': 10, 'thisTrialN': 10, 'thisRepN': 0}>
93.5147 	EXP 	stimuli_prompt: autoDraw = False
93.5147 	EXP 	okay_state_pics: autoDraw = False
93.5147 	EXP 	us_state_response: autoDraw = False
93.5147 	EXP 	okay_state_pics: ori = 0.0
93.5147 	EXP 	okay_state_pics: image = 'states/Colorado-Outline-Map.jpg'
93.9334 	EXP 	stimuli_prompt: autoDraw = True
93.9334 	EXP 	okay_state_pics: autoDraw = True
93.9334 	EXP 	us_state_response: autoDraw = True
95.4685 	DATA 	Keypress: lshift
95.6515 	DATA 	Keypress: c
95.8060 	DATA 	Keypress: o
95.9884 	DATA 	Keypress: l
96.1202 	DATA 	Keypress: o
96.1875 	DATA 	Keypress: r
96.3228 	DATA 	Keypress: a
96.4152 	DATA 	Keypress: d
96.5246 	DATA 	Keypress: o
100.9276 	EXP 	New trial (rep=0, index=11): <Trial 11 (11 in rep 0) data={'image_file': 'states/Delaware-Outline-Map.jpg', 'correct_answer': 'Delaware', 'thisN': 11, 'thisTrialN': 11, 'thisRepN': 0}>
100.9926 	EXP 	stimuli_prompt: autoDraw = False
100.9926 	EXP 	okay_state_pics: autoDraw = False
100.9926 	EXP 	us_state_response: autoDraw = False
100.9926 	EXP 	okay_state_pics: ori = 0.0
100.9926 	EXP 	okay_state_pics: image = 'states/Delaware-Outline-Map.jpg'
101.4333 	EXP 	stimuli_prompt: autoDraw = True
101.4333 	EXP 	okay_state_pics: autoDraw = True
101.4333 	EXP 	us_state_response: autoDraw = True
104.2815 	DATA 	Keypress: lshift
104.5264 	DATA 	Keypress: r
104.6832 	DATA 	Keypress: h
104.7507 	DATA 	Keypress: o
104.8406 	DATA 	Keypress: d
104.9967 	DATA 	Keypress: e
105.3123 	DATA 	Keypress: space
105.4265 	DATA 	Keypress: lshift
105.5370 	DATA 	Keypress: i
105.6932 	DATA 	Keypress: s
105.7821 	DATA 	Keypress: l
105.8728 	DATA 	Keypress: a
106.0062 	DATA 	Keypress: n
106.1853 	DATA 	Keypress: d
108.4219 	EXP 	New trial (rep=0, index=12): <Trial 12 (12 in rep 0) data={'image_file': 'states/California-Outline-Map.jpg', 'correct_answer': 'California', 'thisN': 12, 'thisTrialN': 12, 'thisRepN': 0}>
108.5780 	EXP 	stimuli_prompt: autoDraw = False
108.5780 	EXP 	okay_state_pics: autoDraw = False
108.5780 	EXP 	us_state_response: autoDraw = False
108.5780 	EXP 	okay_state_pics: ori = 0.0
108.5780 	EXP 	okay_state_pics: image = 'states/California-Outline-Map.jpg'
108.9268 	EXP 	stimuli_prompt: autoDraw = True
108.9268 	EXP 	okay_state_pics: autoDraw = True
108.9268 	EXP 	us_state_response: autoDraw = True
109.9573 	DATA 	Keypress: lshift
110.1586 	DATA 	Keypress: c
110.3588 	DATA 	Keypress: a
110.4924 	DATA 	Keypress: l
110.6272 	DATA 	Keypress: i
110.7853 	DATA 	Keypress: f
110.8960 	DATA 	Keypress: o
111.0077 	DATA 	Keypress: r
111.1408 	DATA 	Keypress: n
111.2529 	DATA 	Keypress: i
111.3213 	DATA 	Keypress: a
115.9158 	EXP 	New trial (rep=0, index=13): <Trial 13 (13 in rep 0) data={'image_file': 'states/New-Mexico-Outline-Map.jpg', 'correct_answer': 'New Mexico', 'thisN': 13, 'thisTrialN': 13, 'thisRepN': 0}>
116.0135 	EXP 	stimuli_prompt: autoDraw = False
116.0135 	EXP 	okay_state_pics: autoDraw = False
116.0135 	EXP 	us_state_response: autoDraw = False
116.0135 	EXP 	stimuli_prompt: autoDraw = False
116.0135 	EXP 	okay_state_pics: autoDraw = False
116.0135 	EXP 	us_state_response: autoDraw = False
116.0135 	EXP 	okay_state_pics: ori = 0.0
116.0135 	EXP 	okay_state_pics: image = 'states/New-Mexico-Outline-Map.jpg'
116.4287 	EXP 	stimuli_prompt: autoDraw = True
116.4287 	EXP 	okay_state_pics: autoDraw = True
116.4287 	EXP 	us_state_response: autoDraw = True
119.1168 	DATA 	Keypress: lshift
122.2599 	DATA 	Keypress: w
122.4083 	DATA 	Keypress: y
122.5956 	DATA 	Keypress: o
122.7941 	DATA 	Keypress: m
122.9051 	DATA 	Keypress: i
122.9730 	DATA 	Keypress: n
123.0600 	DATA 	Keypress: g
123.4132 	EXP 	New trial (rep=0, index=14): <Trial 14 (14 in rep 0) data={'image_file': 'states/Texas-Outline-Map.jpg', 'correct_answer': 'Texas', 'thisN': 14, 'thisTrialN': 14, 'thisRepN': 0}>
123.5710 	EXP 	stimuli_prompt: autoDraw = False
123.5710 	EXP 	okay_state_pics: autoDraw = False
123.5710 	EXP 	us_state_response: autoDraw = False
123.5710 	EXP 	stimuli_prompt: autoDraw = False
123.5710 	EXP 	okay_state_pics: autoDraw = False
123.5710 	EXP 	us_state_response: autoDraw = False
123.5710 	EXP 	okay_state_pics: ori = 0.0
123.5710 	EXP 	okay_state_pics: image = 'states/Texas-Outline-Map.jpg'
123.9392 	EXP 	stimuli_prompt: autoDraw = True
123.9392 	EXP 	okay_state_pics: autoDraw = True
123.9392 	EXP 	us_state_response: autoDraw = True
124.7373 	DATA 	Keypress: lshift
124.9348 	DATA 	Keypress: t
125.1115 	DATA 	Keypress: e
125.3333 	DATA 	Keypress: x
125.5328 	DATA 	Keypress: a
125.6426 	DATA 	Keypress: s
130.9261 	EXP 	New trial (rep=0, index=15): <Trial 15 (15 in rep 0) data={'image_file': 'states/Idaho-Outline-Map.jpg', 'correct_answer': 'Idaho', 'thisN': 15, 'thisTrialN': 15, 'thisRepN': 0}>
131.0025 	EXP 	stimuli_prompt: autoDraw = False
131.0025 	EXP 	okay_state_pics: autoDraw = False
131.0025 	EXP 	us_state_response: autoDraw = False
131.0025 	EXP 	okay_state_pics: ori = 0.0
131.0025 	EXP 	okay_state_pics: image = 'states/Idaho-Outline-Map.jpg'
131.4353 	EXP 	stimuli_prompt: autoDraw = True
131.4353 	EXP 	okay_state_pics: autoDraw = True
131.4353 	EXP 	us_state_response: autoDraw = True
134.3651 	DATA 	Keypress: lshift
136.3804 	DATA 	Keypress: i
136.5575 	DATA 	Keypress: o
136.8210 	DATA 	Keypress: a
137.1708 	DATA 	Keypress: backspace
137.2583 	DATA 	Keypress: w
137.4344 	DATA 	Keypress: a
138.4205 	EXP 	New trial (rep=0, index=16): <Trial 16 (16 in rep 0) data={'image_file': 'states/New-Jersey-Outline-Map.jpg', 'correct_answer': 'New Jersey', 'thisN': 16, 'thisTrialN': 16, 'thisRepN': 0}>
138.4829 	EXP 	stimuli_prompt: autoDraw = False
138.4829 	EXP 	okay_state_pics: autoDraw = False
138.4829 	EXP 	us_state_response: autoDraw = False
138.4829 	EXP 	okay_state_pics: ori = 0.0
138.4829 	EXP 	okay_state_pics: image = 'states/New-Jersey-Outline-Map.jpg'
138.9347 	EXP 	stimuli_prompt: autoDraw = True
138.9347 	EXP 	okay_state_pics: autoDraw = True
138.9347 	EXP 	us_state_response: autoDraw = True
140.8844 	DATA 	Keypress: lshift
141.0596 	DATA 	Keypress: i
141.3217 	DATA 	Keypress: d
141.3437 	DATA 	Keypress: k
145.9306 	EXP 	New trial (rep=0, index=17): <Trial 17 (17 in rep 0) data={'image_file': 'states/Kansas-Outline-Map.jpg', 'correct_answer': 'Kansas', 'thisN': 17, 'thisTrialN': 17, 'thisRepN': 0}>
145.9922 	EXP 	stimuli_prompt: autoDraw = False
145.9922 	EXP 	okay_state_pics: autoDraw = False
145.9922 	EXP 	us_state_response: autoDraw = False
145.9922 	EXP 	okay_state_pics: ori = 0.0
145.9922 	EXP 	okay_state_pics: image = 'states/Kansas-Outline-Map.jpg'
146.4421 	EXP 	stimuli_prompt: autoDraw = True
146.4421 	EXP 	okay_state_pics: autoDraw = True
146.4421 	EXP 	us_state_response: autoDraw = True
150.9920 	DATA 	Keypress: lshift
151.1661 	DATA 	Keypress: c
151.3182 	DATA 	Keypress: o
151.4931 	DATA 	Keypress: l
151.6234 	DATA 	Keypress: o
151.6667 	DATA 	Keypress: r
151.7969 	DATA 	Keypress: a
151.9064 	DATA 	Keypress: d
152.0151 	DATA 	Keypress: o
153.4277 	EXP 	New trial (rep=0, index=18): <Trial 18 (18 in rep 0) data={'image_file': 'states/Pennsylvania-Outline-Map.jpg', 'correct_answer': 'Pennsylvania', 'thisN': 18, 'thisTrialN': 18, 'thisRepN': 0}>
153.4946 	EXP 	stimuli_prompt: autoDraw = False
153.4946 	EXP 	okay_state_pics: autoDraw = False
153.4946 	EXP 	us_state_response: autoDraw = False
153.4946 	EXP 	okay_state_pics: ori = 0.0
153.4946 	EXP 	okay_state_pics: image = 'states/Pennsylvania-Outline-Map.jpg'
153.9420 	EXP 	stimuli_prompt: autoDraw = True
153.9420 	EXP 	okay_state_pics: autoDraw = True
153.9420 	EXP 	us_state_response: autoDraw = True
156.2682 	DATA 	Keypress: lshift
156.4619 	DATA 	Keypress: w
156.7111 	DATA 	Keypress: a
156.8761 	DATA 	Keypress: s
156.9846 	DATA 	Keypress: h
157.1151 	DATA 	Keypress: i
157.2006 	DATA 	Keypress: n
157.2878 	DATA 	Keypress: g
157.5053 	DATA 	Keypress: t
157.5494 	DATA 	Keypress: o
157.6135 	DATA 	Keypress: n
160.9319 	EXP 	New trial (rep=0, index=19): <Trial 19 (19 in rep 0) data={'image_file': 'states/Montana-Outline-Map.jpg', 'correct_answer': 'Montana', 'thisN': 19, 'thisTrialN': 19, 'thisRepN': 0}>
160.9984 	EXP 	stimuli_prompt: autoDraw = False
160.9984 	EXP 	okay_state_pics: autoDraw = False
160.9984 	EXP 	us_state_response: autoDraw = False
160.9984 	EXP 	okay_state_pics: ori = 0.0
160.9984 	EXP 	okay_state_pics: image = 'states/Montana-Outline-Map.jpg'
161.4227 	EXP 	stimuli_prompt: autoDraw = True
161.4227 	EXP 	okay_state_pics: autoDraw = True
161.4227 	EXP 	us_state_response: autoDraw = True
165.6907 	DATA 	Keypress: lshift
165.8429 	DATA 	Keypress: n
165.9942 	DATA 	Keypress: e
166.1046 	DATA 	Keypress: w
166.2110 	DATA 	Keypress: space
166.3178 	DATA 	Keypress: lshift
166.6870 	DATA 	Keypress: m
166.9263 	DATA 	Keypress: e
167.1199 	DATA 	Keypress: x
167.2285 	DATA 	Keypress: i
167.3821 	DATA 	Keypress: c
167.5341 	DATA 	Keypress: o
168.4186 	EXP 	New trial (rep=0, index=20): <Trial 20 (20 in rep 0) data={'image_file': 'states/Rhode-Island-Outline-Map.jpg', 'correct_answer': 'Rhode Island', 'thisN': 20, 'thisTrialN': 20, 'thisRepN': 0}>
168.4896 	EXP 	stimuli_prompt: autoDraw = False
168.4896 	EXP 	okay_state_pics: autoDraw = False
168.4896 	EXP 	us_state_response: autoDraw = False
168.4896 	EXP 	okay_state_pics: ori = 0.0
168.4896 	EXP 	okay_state_pics: image = 'states/Rhode-Island-Outline-Map.jpg'
168.9356 	EXP 	stimuli_prompt: autoDraw = True
168.9356 	EXP 	okay_state_pics: autoDraw = True
168.9356 	EXP 	us_state_response: autoDraw = True
170.2527 	DATA 	Keypress: i
170.3602 	DATA 	Keypress: d
170.4455 	DATA 	Keypress: k
175.9201 	EXP 	New trial (rep=0, index=21): <Trial 21 (21 in rep 0) data={'image_file': 'states/West-Virginia-Outline-Map.jpg', 'correct_answer': 'West Virginia', 'thisN': 21, 'thisTrialN': 21, 'thisRepN': 0}>
176.0323 	EXP 	stimuli_prompt: autoDraw = False
176.0323 	EXP 	okay_state_pics: autoDraw = False
176.0323 	EXP 	us_state_response: autoDraw = False
176.0323 	EXP 	okay_state_pics: ori = 0.0
176.0323 	EXP 	okay_state_pics: image = 'states/West-Virginia-Outline-Map.jpg'
176.4321 	EXP 	stimuli_prompt: autoDraw = True
176.4321 	EXP 	okay_state_pics: autoDraw = True
176.4321 	EXP 	us_state_response: autoDraw = True
183.4252 	EXP 	New trial (rep=0, index=22): <Trial 22 (22 in rep 0) data={'image_file': 'states/Indiana-Outline-Map.jpg', 'correct_answer': 'Indiana', 'thisN': 22, 'thisTrialN': 22, 'thisRepN': 0}>
183.4985 	EXP 	stimuli_prompt: autoDraw = False
183.4985 	EXP 	okay_state_pics: autoDraw = False
183.4985 	EXP 	us_state_response: autoDraw = False
183.4985 	EXP 	okay_state_pics: ori = 0.0
183.4985 	EXP 	okay_state_pics: image = 'states/Indiana-Outline-Map.jpg'
183.9392 	EXP 	stimuli_prompt: autoDraw = True
183.9392 	EXP 	okay_state_pics: autoDraw = True
183.9392 	EXP 	us_state_response: autoDraw = True
190.9287 	EXP 	New trial (rep=0, index=23): <Trial 23 (23 in rep 0) data={'image_file': 'states/Oregon-Outline-Map.jpg', 'correct_answer': 'Oregon', 'thisN': 23, 'thisTrialN': 23, 'thisRepN': 0}>
191.0095 	EXP 	stimuli_prompt: autoDraw = False
191.0095 	EXP 	okay_state_pics: autoDraw = False
191.0095 	EXP 	us_state_response: autoDraw = False
191.0095 	EXP 	okay_state_pics: ori = 0.0
191.0095 	EXP 	okay_state_pics: image = 'states/Oregon-Outline-Map.jpg'
191.4269 	EXP 	stimuli_prompt: autoDraw = True
191.4269 	EXP 	okay_state_pics: autoDraw = True
191.4269 	EXP 	us_state_response: autoDraw = True
198.4235 	EXP 	New trial (rep=0, index=24): <Trial 24 (24 in rep 0) data={'image_file': 'states/Missouri-Outline-Map.jpg', 'correct_answer': 'Missouri', 'thisN': 24, 'thisTrialN': 24, 'thisRepN': 0}>
198.5115 	EXP 	stimuli_prompt: autoDraw = False
198.5115 	EXP 	okay_state_pics: autoDraw = False
198.5115 	EXP 	us_state_response: autoDraw = False
198.5115 	EXP 	okay_state_pics: ori = 0.0
198.5115 	EXP 	okay_state_pics: image = 'states/Missouri-Outline-Map.jpg'
198.9270 	EXP 	stimuli_prompt: autoDraw = True
198.9270 	EXP 	okay_state_pics: autoDraw = True
198.9270 	EXP 	us_state_response: autoDraw = True
205.9106 	EXP 	New trial (rep=0, index=25): <Trial 25 (25 in rep 0) data={'image_file': 'states/Michigan-Outline-Map.jpg', 'correct_answer': 'Michigan', 'thisN': 25, 'thisTrialN': 25, 'thisRepN': 0}>
206.0121 	EXP 	stimuli_prompt: autoDraw = False
206.0121 	EXP 	okay_state_pics: autoDraw = False
206.0121 	EXP 	us_state_response: autoDraw = False
206.0121 	EXP 	stimuli_prompt: autoDraw = False
206.0121 	EXP 	okay_state_pics: autoDraw = False
206.0121 	EXP 	us_state_response: autoDraw = False
206.0121 	EXP 	okay_state_pics: ori = 0.0
206.0121 	EXP 	okay_state_pics: image = 'states/Michigan-Outline-Map.jpg'
206.4264 	EXP 	stimuli_prompt: autoDraw = True
206.4264 	EXP 	okay_state_pics: autoDraw = True
206.4264 	EXP 	us_state_response: autoDraw = True
213.4236 	EXP 	New trial (rep=0, index=26): <Trial 26 (26 in rep 0) data={'image_file': 'states/Massachusetts-Outline-Map.jpg', 'correct_answer': 'Massachusetts', 'thisN': 26, 'thisTrialN': 26, 'thisRepN': 0}>
213.4894 	EXP 	stimuli_prompt: autoDraw = False
213.4894 	EXP 	okay_state_pics: autoDraw = False
213.4894 	EXP 	us_state_response: autoDraw = False
213.4894 	EXP 	okay_state_pics: ori = 0.0
213.4894 	EXP 	okay_state_pics: image = 'states/Massachusetts-Outline-Map.jpg'
213.9227 	EXP 	stimuli_prompt: autoDraw = True
213.9227 	EXP 	okay_state_pics: autoDraw = True
213.9227 	EXP 	us_state_response: autoDraw = True
220.9231 	EXP 	New trial (rep=0, index=27): <Trial 27 (27 in rep 0) data={'image_file': 'states/Connecticut-Outline-Map.jpg', 'correct_answer': 'Connecticut', 'thisN': 27, 'thisTrialN': 27, 'thisRepN': 0}>
221.0186 	EXP 	stimuli_prompt: autoDraw = False
221.0186 	EXP 	okay_state_pics: autoDraw = False
221.0186 	EXP 	us_state_response: autoDraw = False
221.0186 	EXP 	okay_state_pics: ori = 0.0
221.0186 	EXP 	okay_state_pics: image = 'states/Connecticut-Outline-Map.jpg'
221.4304 	EXP 	stimuli_prompt: autoDraw = True
221.4304 	EXP 	okay_state_pics: autoDraw = True
221.4304 	EXP 	us_state_response: autoDraw = True
228.4290 	EXP 	New trial (rep=0, index=28): <Trial 28 (28 in rep 0) data={'image_file': 'states/Arkansas-Outline-Map.jpg', 'correct_answer': 'Arkansas', 'thisN': 28, 'thisTrialN': 28, 'thisRepN': 0}>
228.5194 	EXP 	stimuli_prompt: autoDraw = False
228.5194 	EXP 	okay_state_pics: autoDraw = False
228.5194 	EXP 	us_state_response: autoDraw = False
228.5194 	EXP 	okay_state_pics: ori = 0.0
228.5194 	EXP 	okay_state_pics: image = 'states/Arkansas-Outline-Map.jpg'
228.9283 	EXP 	stimuli_prompt: autoDraw = True
228.9283 	EXP 	okay_state_pics: autoDraw = True
228.9283 	EXP 	us_state_response: autoDraw = True
235.9192 	EXP 	New trial (rep=0, index=29): <Trial 29 (29 in rep 0) data={'image_file': 'states/South-Carolina-Outline-Map.jpg', 'correct_answer': 'South Carolina', 'thisN': 29, 'thisTrialN': 29, 'thisRepN': 0}>
236.0033 	EXP 	stimuli_prompt: autoDraw = False
236.0033 	EXP 	okay_state_pics: autoDraw = False
236.0033 	EXP 	us_state_response: autoDraw = False
236.0033 	EXP 	okay_state_pics: ori = 0.0
236.0033 	EXP 	okay_state_pics: image = 'states/South-Carolina-Outline-Map.jpg'
236.4330 	EXP 	stimuli_prompt: autoDraw = True
236.4330 	EXP 	okay_state_pics: autoDraw = True
236.4330 	EXP 	us_state_response: autoDraw = True
243.4273 	EXP 	New trial (rep=0, index=30): <Trial 30 (30 in rep 0) data={'image_file': 'states/Maine-Outline-Map.jpg', 'correct_answer': 'Maine', 'thisN': 30, 'thisTrialN': 30, 'thisRepN': 0}>
243.4992 	EXP 	stimuli_prompt: autoDraw = False
243.4992 	EXP 	okay_state_pics: autoDraw = False
243.4992 	EXP 	us_state_response: autoDraw = False
243.4992 	EXP 	okay_state_pics: ori = 0.0
243.4992 	EXP 	okay_state_pics: image = 'states/Maine-Outline-Map.jpg'
243.9275 	EXP 	stimuli_prompt: autoDraw = True
243.9275 	EXP 	okay_state_pics: autoDraw = True
243.9275 	EXP 	us_state_response: autoDraw = True
250.9178 	EXP 	New trial (rep=0, index=31): <Trial 31 (31 in rep 0) data={'image_file': 'states/Utah-Outline-Map.jpg', 'correct_answer': 'Utah', 'thisN': 31, 'thisTrialN': 31, 'thisRepN': 0}>
251.0028 	EXP 	stimuli_prompt: autoDraw = False
251.0028 	EXP 	okay_state_pics: autoDraw = False
251.0028 	EXP 	us_state_response: autoDraw = False
251.0028 	EXP 	stimuli_prompt: autoDraw = False
251.0028 	EXP 	okay_state_pics: autoDraw = False
251.0028 	EXP 	us_state_response: autoDraw = False
251.0028 	EXP 	okay_state_pics: ori = 0.0
251.0028 	EXP 	okay_state_pics: image = 'states/Utah-Outline-Map.jpg'
251.4288 	EXP 	stimuli_prompt: autoDraw = True
251.4288 	EXP 	okay_state_pics: autoDraw = True
251.4288 	EXP 	us_state_response: autoDraw = True
258.4211 	EXP 	New trial (rep=0, index=32): <Trial 32 (32 in rep 0) data={'image_file': 'states/Washington-Outline-Map.jpg', 'correct_answer': 'Washington', 'thisN': 32, 'thisTrialN': 32, 'thisRepN': 0}>
258.4949 	EXP 	stimuli_prompt: autoDraw = False
258.4949 	EXP 	okay_state_pics: autoDraw = False
258.4949 	EXP 	us_state_response: autoDraw = False
258.4949 	EXP 	okay_state_pics: ori = 0.0
258.4949 	EXP 	okay_state_pics: image = 'states/Washington-Outline-Map.jpg'
258.9402 	EXP 	stimuli_prompt: autoDraw = True
258.9402 	EXP 	okay_state_pics: autoDraw = True
258.9402 	EXP 	us_state_response: autoDraw = True
265.9342 	EXP 	New trial (rep=0, index=33): <Trial 33 (33 in rep 0) data={'image_file': 'states/Minnesota-Outline-Map.jpg', 'correct_answer': 'Minnesota', 'thisN': 33, 'thisTrialN': 33, 'thisRepN': 0}>
266.0236 	EXP 	stimuli_prompt: autoDraw = False
266.0236 	EXP 	okay_state_pics: autoDraw = False
266.0236 	EXP 	us_state_response: autoDraw = False
266.0236 	EXP 	okay_state_pics: ori = 0.0
266.0236 	EXP 	okay_state_pics: image = 'states/Minnesota-Outline-Map.jpg'
266.4256 	EXP 	stimuli_prompt: autoDraw = True
266.4256 	EXP 	okay_state_pics: autoDraw = True
266.4256 	EXP 	us_state_response: autoDraw = True
273.4146 	EXP 	New trial (rep=0, index=34): <Trial 34 (34 in rep 0) data={'image_file': 'states/Wyoming-Outline-Map.jpg', 'correct_answer': 'Wyoming', 'thisN': 34, 'thisTrialN': 34, 'thisRepN': 0}>
273.5007 	EXP 	stimuli_prompt: autoDraw = False
273.5007 	EXP 	okay_state_pics: autoDraw = False
273.5007 	EXP 	us_state_response: autoDraw = False
273.5007 	EXP 	stimuli_prompt: autoDraw = False
273.5007 	EXP 	okay_state_pics: autoDraw = False
273.5007 	EXP 	us_state_response: autoDraw = False
273.5007 	EXP 	okay_state_pics: ori = 0.0
273.5007 	EXP 	okay_state_pics: image = 'states/Wyoming-Outline-Map.jpg'
273.9228 	EXP 	stimuli_prompt: autoDraw = True
273.9228 	EXP 	okay_state_pics: autoDraw = True
273.9228 	EXP 	us_state_response: autoDraw = True
280.9127 	EXP 	Imported states/loop_wider_states_trials.xlsx as conditions, 9 conditions, 2 params
280.9130 	EXP 	New trial (rep=0, index=0): <Trial 0 (0 in rep 0) data={'image_file': 'states/Maryland-Outline-Map.jpg', 'correct_answer': 'Maryland', 'thisN': 0, 'thisTrialN': 0, 'thisRepN': 0}>
280.9731 	EXP 	stimuli_prompt: autoDraw = False
280.9731 	EXP 	okay_state_pics: autoDraw = False
280.9731 	EXP 	us_state_response: autoDraw = False
280.9731 	EXP 	stimuli_prompt: autoDraw = False
280.9731 	EXP 	okay_state_pics: autoDraw = False
280.9731 	EXP 	us_state_response: autoDraw = False
280.9731 	EXP 	wider_state_pics: image = 'states/Maryland-Outline-Map.jpg'
281.4353 	EXP 	stimuli_prompt_2: autoDraw = True
281.4353 	EXP 	wider_state_pics: autoDraw = True
281.4353 	EXP 	us_state_response_2: autoDraw = True
288.4288 	EXP 	New trial (rep=0, index=1): <Trial 1 (1 in rep 0) data={'image_file': 'states/Virginia-Outline-Map.jpg', 'correct_answer': 'Virginia', 'thisN': 1, 'thisTrialN': 1, 'thisRepN': 0}>
288.4802 	EXP 	stimuli_prompt_2: autoDraw = False
288.4802 	EXP 	wider_state_pics: autoDraw = False
288.4802 	EXP 	us_state_response_2: autoDraw = False
288.4802 	EXP 	wider_state_pics: image = 'states/Virginia-Outline-Map.jpg'
288.9394 	EXP 	stimuli_prompt_2: autoDraw = True
288.9394 	EXP 	wider_state_pics: autoDraw = True
288.9394 	EXP 	us_state_response_2: autoDraw = True
295.9380 	EXP 	New trial (rep=0, index=2): <Trial 2 (2 in rep 0) data={'image_file': 'states/Tennessee-Outline-Map.jpg', 'correct_answer': 'Tennessee', 'thisN': 2, 'thisTrialN': 2, 'thisRepN': 0}>
295.9801 	EXP 	stimuli_prompt_2: autoDraw = False
295.9801 	EXP 	wider_state_pics: autoDraw = False
295.9801 	EXP 	us_state_response_2: autoDraw = False
295.9801 	EXP 	wider_state_pics: image = 'states/Tennessee-Outline-Map.jpg'
296.4363 	EXP 	stimuli_prompt_2: autoDraw = True
296.4363 	EXP 	wider_state_pics: autoDraw = True
296.4363 	EXP 	us_state_response_2: autoDraw = True
303.4323 	EXP 	New trial (rep=0, index=3): <Trial 3 (3 in rep 0) data={'image_file': 'states/South-Dakota-Outline-Map.jpg', 'correct_answer': 'South Dakota', 'thisN': 3, 'thisTrialN': 3, 'thisRepN': 0}>
303.5036 	EXP 	stimuli_prompt_2: autoDraw = False
303.5036 	EXP 	wider_state_pics: autoDraw = False
303.5036 	EXP 	us_state_response_2: autoDraw = False
303.5036 	EXP 	wider_state_pics: image = 'states/South-Dakota-Outline-Map.jpg'
303.9212 	EXP 	stimuli_prompt_2: autoDraw = True
303.9212 	EXP 	wider_state_pics: autoDraw = True
303.9212 	EXP 	us_state_response_2: autoDraw = True
310.9164 	EXP 	New trial (rep=0, index=4): <Trial 4 (4 in rep 0) data={'image_file': 'states/Alaska-Outline-Map.jpg', 'correct_answer': 'Alaska', 'thisN': 4, 'thisTrialN': 4, 'thisRepN': 0}>
311.0193 	EXP 	stimuli_prompt_2: autoDraw = False
311.0193 	EXP 	wider_state_pics: autoDraw = False
311.0193 	EXP 	us_state_response_2: autoDraw = False
311.0193 	EXP 	stimuli_prompt_2: autoDraw = False
311.0193 	EXP 	wider_state_pics: autoDraw = False
311.0193 	EXP 	us_state_response_2: autoDraw = False
311.0193 	EXP 	wider_state_pics: image = 'states/Alaska-Outline-Map.jpg'
311.4326 	EXP 	stimuli_prompt_2: autoDraw = True
311.4326 	EXP 	wider_state_pics: autoDraw = True
311.4326 	EXP 	us_state_response_2: autoDraw = True
318.4326 	EXP 	New trial (rep=0, index=5): <Trial 5 (5 in rep 0) data={'image_file': 'states/Nebraska-Outline-Map.jpg', 'correct_answer': 'Nebraska', 'thisN': 5, 'thisTrialN': 5, 'thisRepN': 0}>
318.5093 	EXP 	stimuli_prompt_2: autoDraw = False
318.5093 	EXP 	wider_state_pics: autoDraw = False
318.5093 	EXP 	us_state_response_2: autoDraw = False
318.5093 	EXP 	wider_state_pics: image = 'states/Nebraska-Outline-Map.jpg'
318.9219 	EXP 	stimuli_prompt_2: autoDraw = True
318.9219 	EXP 	wider_state_pics: autoDraw = True
318.9219 	EXP 	us_state_response_2: autoDraw = True
325.9059 	EXP 	New trial (rep=0, index=6): <Trial 6 (6 in rep 0) data={'image_file': 'states/Kentucky-Outline-Map.jpg', 'correct_answer': 'Kentucky', 'thisN': 6, 'thisTrialN': 6, 'thisRepN': 0}>
325.9924 	EXP 	stimuli_prompt_2: autoDraw = False
325.9924 	EXP 	wider_state_pics: autoDraw = False
325.9924 	EXP 	us_state_response_2: autoDraw = False
325.9924 	EXP 	stimuli_prompt_2: autoDraw = False
325.9924 	EXP 	wider_state_pics: autoDraw = False
325.9924 	EXP 	us_state_response_2: autoDraw = False
325.9924 	EXP 	wider_state_pics: image = 'states/Kentucky-Outline-Map.jpg'
326.4400 	EXP 	stimuli_prompt_2: autoDraw = True
326.4400 	EXP 	wider_state_pics: autoDraw = True
326.4400 	EXP 	us_state_response_2: autoDraw = True
333.4355 	EXP 	New trial (rep=0, index=7): <Trial 7 (7 in rep 0) data={'image_file': 'states/Oklahoma-Outline-Map.jpg', 'correct_answer': 'Oklahoma', 'thisN': 7, 'thisTrialN': 7, 'thisRepN': 0}>
333.5191 	EXP 	stimuli_prompt_2: autoDraw = False
333.5191 	EXP 	wider_state_pics: autoDraw = False
333.5191 	EXP 	us_state_response_2: autoDraw = False
333.5191 	EXP 	wider_state_pics: image = 'states/Oklahoma-Outline-Map.jpg'
333.9263 	EXP 	stimuli_prompt_2: autoDraw = True
333.9263 	EXP 	wider_state_pics: autoDraw = True
333.9263 	EXP 	us_state_response_2: autoDraw = True
340.9165 	EXP 	New trial (rep=0, index=8): <Trial 8 (8 in rep 0) data={'image_file': 'states/North-Carolina-Outline-Map.jpg', 'correct_answer': 'North Carolina', 'thisN': 8, 'thisTrialN': 8, 'thisRepN': 0}>
340.9672 	EXP 	stimuli_prompt_2: autoDraw = False
340.9672 	EXP 	wider_state_pics: autoDraw = False
340.9672 	EXP 	us_state_response_2: autoDraw = False
340.9672 	EXP 	stimuli_prompt_2: autoDraw = False
340.9672 	EXP 	wider_state_pics: autoDraw = False
340.9672 	EXP 	us_state_response_2: autoDraw = False
340.9672 	EXP 	wider_state_pics: image = 'states/North-Carolina-Outline-Map.jpg'
341.4336 	EXP 	stimuli_prompt_2: autoDraw = True
341.4336 	EXP 	wider_state_pics: autoDraw = True
341.4336 	EXP 	us_state_response_2: autoDraw = True
348.4313 	EXP 	Imported states/loop_taller_states_trials.xlsx as conditions, 6 conditions, 2 params
348.4316 	EXP 	New trial (rep=0, index=0): <Trial 0 (0 in rep 0) data={'image_file': 'states/Illinois-Outline-Map.jpg', 'correct_answer': 'Illinois', 'thisN': 0, 'thisTrialN': 0, 'thisRepN': 0}>
348.4946 	EXP 	stimuli_prompt_2: autoDraw = False
348.4946 	EXP 	wider_state_pics: autoDraw = False
348.4946 	EXP 	us_state_response_2: autoDraw = False
348.4946 	EXP 	taller_state_pics: image = 'states/Illinois-Outline-Map.jpg'
348.9203 	EXP 	stimuli_prompt_3: autoDraw = True
348.9203 	EXP 	taller_state_pics: autoDraw = True
348.9203 	EXP 	us_state_response_3: autoDraw = True
355.9074 	EXP 	New trial (rep=0, index=1): <Trial 1 (1 in rep 0) data={'image_file': 'states/Nevada-Outline-Map.jpg', 'correct_answer': 'Nevada', 'thisN': 1, 'thisTrialN': 1, 'thisRepN': 0}>
356.0013 	EXP 	stimuli_prompt_3: autoDraw = False
356.0013 	EXP 	taller_state_pics: autoDraw = False
356.0013 	EXP 	us_state_response_3: autoDraw = False
356.0013 	EXP 	stimuli_prompt_3: autoDraw = False
356.0013 	EXP 	taller_state_pics: autoDraw = False
356.0013 	EXP 	us_state_response_3: autoDraw = False
356.0013 	EXP 	taller_state_pics: image = 'states/Nevada-Outline-Map.jpg'
356.4247 	EXP 	stimuli_prompt_3: autoDraw = True
356.4247 	EXP 	taller_state_pics: autoDraw = True
356.4247 	EXP 	us_state_response_3: autoDraw = True
363.4201 	EXP 	New trial (rep=0, index=2): <Trial 2 (2 in rep 0) data={'image_file': 'states/Alabama-Outline-Map.jpg', 'correct_answer': 'Alabama', 'thisN': 2, 'thisTrialN': 2, 'thisRepN': 0}>
363.5161 	EXP 	stimuli_prompt_3: autoDraw = False
363.5161 	EXP 	taller_state_pics: autoDraw = False
363.5161 	EXP 	us_state_response_3: autoDraw = False
363.5161 	EXP 	taller_state_pics: image = 'states/Alabama-Outline-Map.jpg'
363.9366 	EXP 	stimuli_prompt_3: autoDraw = True
363.9366 	EXP 	taller_state_pics: autoDraw = True
363.9366 	EXP 	us_state_response_3: autoDraw = True
370.9284 	EXP 	New trial (rep=0, index=3): <Trial 3 (3 in rep 0) data={'image_file': 'states/Mississippi-Outline-Map.jpg', 'correct_answer': 'Mississippi', 'thisN': 3, 'thisTrialN': 3, 'thisRepN': 0}>
371.0393 	EXP 	stimuli_prompt_3: autoDraw = False
371.0393 	EXP 	taller_state_pics: autoDraw = False
371.0393 	EXP 	us_state_response_3: autoDraw = False
371.0393 	EXP 	taller_state_pics: image = 'states/Mississippi-Outline-Map.jpg'
371.4398 	EXP 	stimuli_prompt_3: autoDraw = True
371.4398 	EXP 	taller_state_pics: autoDraw = True
371.4398 	EXP 	us_state_response_3: autoDraw = True
378.4259 	EXP 	New trial (rep=0, index=4): <Trial 4 (4 in rep 0) data={'image_file': 'states/Georgia-Outline-Map.jpg', 'correct_answer': 'Georgia', 'thisN': 4, 'thisTrialN': 4, 'thisRepN': 0}>
378.5273 	EXP 	stimuli_prompt_3: autoDraw = False
378.5273 	EXP 	taller_state_pics: autoDraw = False
378.5273 	EXP 	us_state_response_3: autoDraw = False
378.5273 	EXP 	taller_state_pics: image = 'states/Georgia-Outline-Map.jpg'
378.9281 	EXP 	stimuli_prompt_3: autoDraw = True
378.9281 	EXP 	taller_state_pics: autoDraw = True
378.9281 	EXP 	us_state_response_3: autoDraw = True
385.9302 	EXP 	New trial (rep=0, index=5): <Trial 5 (5 in rep 0) data={'image_file': 'states/New-Hampshire-Outline-Map.jpg', 'correct_answer': 'New Hampshire', 'thisN': 5, 'thisTrialN': 5, 'thisRepN': 0}>
385.9874 	EXP 	stimuli_prompt_3: autoDraw = False
385.9874 	EXP 	taller_state_pics: autoDraw = False
385.9874 	EXP 	us_state_response_3: autoDraw = False
385.9874 	EXP 	taller_state_pics: image = 'states/New-Hampshire-Outline-Map.jpg'
386.4270 	EXP 	stimuli_prompt_3: autoDraw = True
386.4270 	EXP 	taller_state_pics: autoDraw = True
386.4270 	EXP 	us_state_response_3: autoDraw = True
393.4468 	INFO 	Keyboard events cleared
393.4460 	EXP 	stimuli_prompt_3: autoDraw = False
393.4460 	EXP 	taller_state_pics: autoDraw = False
393.4460 	EXP 	us_state_response_3: autoDraw = False
393.4460 	EXP 	task_instructions_2: autoDraw = True
407.1581 	EXP 	Imported south_america/okay_south_america.xlsx as conditions, 11 conditions, 2 params
407.1586 	EXP 	New trial (rep=0, index=0): <Trial 0 (0 in rep 0) data={'image_file': 'south_america/Colombia-Country-Outline.jpg', 'correct_answer': 'Colombia', 'thisN': 0, 'thisTrialN': 0, 'thisRepN': 0}>
407.2610 	DATA 	Keypress: space
407.3277 	EXP 	task_instructions_2: autoDraw = False
407.3277 	EXP 	okay_country_pics: image = 'south_america/Colombia-Country-Outline.jpg'
407.6706 	EXP 	stimuli_prompt_4: autoDraw = True
407.6706 	EXP 	country_response: autoDraw = True
407.6706 	EXP 	okay_country_pics: autoDraw = True
414.6689 	EXP 	New trial (rep=0, index=1): <Trial 1 (1 in rep 0) data={'image_file': 'south_america/Argentina-Country-Outline.jpg', 'correct_answer': 'Argentina', 'thisN': 1, 'thisTrialN': 1, 'thisRepN': 0}>
414.7261 	EXP 	stimuli_prompt_4: autoDraw = False
414.7261 	EXP 	country_response: autoDraw = False
414.7261 	EXP 	okay_country_pics: autoDraw = False
414.7261 	EXP 	okay_country_pics: image = 'south_america/Argentina-Country-Outline.jpg'
415.1659 	EXP 	stimuli_prompt_4: autoDraw = True
415.1659 	EXP 	country_response: autoDraw = True
415.1659 	EXP 	okay_country_pics: autoDraw = True
422.1497 	EXP 	New trial (rep=0, index=2): <Trial 2 (2 in rep 0) data={'image_file': 'south_america/Peru-Country-Outline.jpg', 'correct_answer': 'Peru', 'thisN': 2, 'thisTrialN': 2, 'thisRepN': 0}>
422.2237 	EXP 	stimuli_prompt_4: autoDraw = False
422.2237 	EXP 	country_response: autoDraw = False
422.2237 	EXP 	okay_country_pics: autoDraw = False
422.2237 	EXP 	stimuli_prompt_4: autoDraw = False
422.2237 	EXP 	country_response: autoDraw = False
422.2237 	EXP 	okay_country_pics: autoDraw = False
422.2237 	EXP 	okay_country_pics: image = 'south_america/Peru-Country-Outline.jpg'
422.6631 	EXP 	stimuli_prompt_4: autoDraw = True
422.6631 	EXP 	country_response: autoDraw = True
422.6631 	EXP 	okay_country_pics: autoDraw = True
429.6577 	EXP 	New trial (rep=0, index=3): <Trial 3 (3 in rep 0) data={'image_file': 'south_america/Ecuador-Country-Outline.jpg', 'correct_answer': 'Ecuador', 'thisN': 3, 'thisTrialN': 3, 'thisRepN': 0}>
429.7472 	EXP 	stimuli_prompt_4: autoDraw = False
429.7472 	EXP 	country_response: autoDraw = False
429.7472 	EXP 	okay_country_pics: autoDraw = False
429.7472 	EXP 	okay_country_pics: image = 'south_america/Ecuador-Country-Outline.jpg'
430.1663 	EXP 	stimuli_prompt_4: autoDraw = True
430.1663 	EXP 	country_response: autoDraw = True
430.1663 	EXP 	okay_country_pics: autoDraw = True
437.1508 	EXP 	New trial (rep=0, index=4): <Trial 4 (4 in rep 0) data={'image_file': 'south_america/Suriname-Country-Outline.jpg', 'correct_answer': 'Suriname', 'thisN': 4, 'thisTrialN': 4, 'thisRepN': 0}>
437.2781 	EXP 	stimuli_prompt_4: autoDraw = False
437.2781 	EXP 	country_response: autoDraw = False
437.2781 	EXP 	okay_country_pics: autoDraw = False
437.2781 	EXP 	stimuli_prompt_4: autoDraw = False
437.2781 	EXP 	country_response: autoDraw = False
437.2781 	EXP 	okay_country_pics: autoDraw = False
437.2781 	EXP 	okay_country_pics: image = 'south_america/Suriname-Country-Outline.jpg'
437.6589 	EXP 	stimuli_prompt_4: autoDraw = True
437.6589 	EXP 	country_response: autoDraw = True
437.6589 	EXP 	okay_country_pics: autoDraw = True
444.6514 	EXP 	New trial (rep=0, index=5): <Trial 5 (5 in rep 0) data={'image_file': 'south_america/Brazil-Country-Outline.jpg', 'correct_answer': 'Brazil', 'thisN': 5, 'thisTrialN': 5, 'thisRepN': 0}>
444.7126 	EXP 	stimuli_prompt_4: autoDraw = False
444.7126 	EXP 	country_response: autoDraw = False
444.7126 	EXP 	okay_country_pics: autoDraw = False
444.7126 	EXP 	stimuli_prompt_4: autoDraw = False
444.7126 	EXP 	country_response: autoDraw = False
444.7126 	EXP 	okay_country_pics: autoDraw = False
444.7126 	EXP 	okay_country_pics: image = 'south_america/Brazil-Country-Outline.jpg'
445.1716 	EXP 	stimuli_prompt_4: autoDraw = True
445.1716 	EXP 	country_response: autoDraw = True
445.1716 	EXP 	okay_country_pics: autoDraw = True
452.1549 	EXP 	New trial (rep=0, index=6): <Trial 6 (6 in rep 0) data={'image_file': 'south_america/Bolivia-Country-Outline.jpg', 'correct_answer': 'Bolivia', 'thisN': 6, 'thisTrialN': 6, 'thisRepN': 0}>
452.2329 	EXP 	stimuli_prompt_4: autoDraw = False
452.2329 	EXP 	country_response: autoDraw = False
452.2329 	EXP 	okay_country_pics: autoDraw = False
452.2329 	EXP 	okay_country_pics: image = 'south_america/Bolivia-Country-Outline.jpg'
452.6708 	EXP 	stimuli_prompt_4: autoDraw = True
452.6708 	EXP 	country_response: autoDraw = True
452.6708 	EXP 	okay_country_pics: autoDraw = True
459.6554 	EXP 	New trial (rep=0, index=7): <Trial 7 (7 in rep 0) data={'image_file': 'south_america/Paraguay-Country-Outline.jpg', 'correct_answer': 'Paraguay', 'thisN': 7, 'thisTrialN': 7, 'thisRepN': 0}>
459.7615 	EXP 	stimuli_prompt_4: autoDraw = False
459.7615 	EXP 	country_response: autoDraw = False
459.7615 	EXP 	okay_country_pics: autoDraw = False
459.7615 	EXP 	okay_country_pics: image = 'south_america/Paraguay-Country-Outline.jpg'
460.1594 	EXP 	stimuli_prompt_4: autoDraw = True
460.1594 	EXP 	country_response: autoDraw = True
460.1594 	EXP 	okay_country_pics: autoDraw = True
467.1490 	EXP 	New trial (rep=0, index=8): <Trial 8 (8 in rep 0) data={'image_file': 'south_america/Guyana-Country-Outline.jpg', 'correct_answer': 'Guyana', 'thisN': 8, 'thisTrialN': 8, 'thisRepN': 0}>
467.2350 	EXP 	stimuli_prompt_4: autoDraw = False
467.2350 	EXP 	country_response: autoDraw = False
467.2350 	EXP 	okay_country_pics: autoDraw = False
467.2350 	EXP 	stimuli_prompt_4: autoDraw = False
467.2350 	EXP 	country_response: autoDraw = False
467.2350 	EXP 	okay_country_pics: autoDraw = False
467.2350 	EXP 	okay_country_pics: image = 'south_america/Guyana-Country-Outline.jpg'
467.6532 	EXP 	stimuli_prompt_4: autoDraw = True
467.6532 	EXP 	country_response: autoDraw = True
467.6532 	EXP 	okay_country_pics: autoDraw = True
474.6481 	EXP 	New trial (rep=0, index=9): <Trial 9 (9 in rep 0) data={'image_file': 'south_america/Uruguay-Country-Outline.jpg', 'correct_answer': 'Uruguay', 'thisN': 9, 'thisTrialN': 9, 'thisRepN': 0}>
474.7449 	EXP 	stimuli_prompt_4: autoDraw = False
474.7449 	EXP 	country_response: autoDraw = False
474.7449 	EXP 	okay_country_pics: autoDraw = False
474.7449 	EXP 	stimuli_prompt_4: autoDraw = False
474.7449 	EXP 	country_response: autoDraw = False
474.7449 	EXP 	okay_country_pics: autoDraw = False
474.7449 	EXP 	okay_country_pics: image = 'south_america/Uruguay-Country-Outline.jpg'
475.1636 	EXP 	stimuli_prompt_4: autoDraw = True
475.1636 	EXP 	country_response: autoDraw = True
475.1636 	EXP 	okay_country_pics: autoDraw = True
482.1602 	EXP 	New trial (rep=0, index=10): <Trial 10 (10 in rep 0) data={'image_file': 'south_america/Venezuela-Country-Outline.jpg', 'correct_answer': 'Venezuela', 'thisN': 10, 'thisTrialN': 10, 'thisRepN': 0}>
482.2447 	EXP 	stimuli_prompt_4: autoDraw = False
482.2447 	EXP 	country_response: autoDraw = False
482.2447 	EXP 	okay_country_pics: autoDraw = False
482.2447 	EXP 	okay_country_pics: image = 'south_america/Venezuela-Country-Outline.jpg'
482.6627 	EXP 	stimuli_prompt_4: autoDraw = True
482.6627 	EXP 	country_response: autoDraw = True
482.6627 	EXP 	okay_country_pics: autoDraw = True
489.6745 	EXP 	stimuli_prompt_4: autoDraw = False
489.6745 	EXP 	country_response: autoDraw = False
489.6745 	EXP 	okay_country_pics: autoDraw = False
490.1582 	EXP 	text_2: autoDraw = True
490.1582 	EXP 	tall_country_trials: autoDraw = True
490.1582 	EXP 	textbox: autoDraw = True
497.1700 	EXP 	text_2: autoDraw = False
497.1700 	EXP 	tall_country_trials: autoDraw = False
497.1700 	EXP 	textbox: autoDraw = False
497.1700 	EXP 	text_2: autoDraw = False
497.1700 	EXP 	tall_country_trials: autoDraw = False
497.1700 	EXP 	textbox: autoDraw = False
497.1700 	EXP 	text: autoDraw = True
507.1761 	EXP 	text: autoDraw = False
507.1762 	EXP 	state_naming_task: status = STOPPED
507.2152 	INFO 	saved data to 'C:\\Users\\josef\\OneDrive\\Desktop\\Filler Task for TOT Study\\data/098930_state_naming_task_2025-04-11_21h43.00.569.csv'
507.2171 	INFO 	saved data to C:\Users\josef\OneDrive\Desktop\Filler Task for TOT Study\data/098930_state_naming_task_2025-04-11_21h43.00.569.psydat
