8.8792 	INFO 	Loaded monitor calibration from ['2025_04_09 10:33']
8.8841 	WARNING 	User requested fullscreen with size [1536  960], but screen is actually [1920, 1200]. Using actual size
9.2581 	EXP 	Created window1 = Window(allowGUI=False, allowStencil=True, autoLog=True, backendConf=UNKNOWN, backgroundFit=<method-wrapper '__getattribute__' of attributeSetter object at 0x000001E852BE5660>, backgroundImage=<method-wrapper '__getattribute__' of attributeSetter object at 0x000001E852BE5600>, bitsMode=UNKNOWN, blendMode='avg', bpc=(8, 8, 8), color=array([1., 1., 1.]), colorSpace='rgb', depthBits=8, fullscr=True, gamma=None, gammaErrorPolicy='raise', infoMsg=UNKNOWN, lms=UNKNOWN, monitor=<psychopy.monitors.calibTools.Monitor object at 0x000001E852C9F5B0>, multiSample=False, name='window1', numSamples=2, pos=[0.0, 0.0], screen=0, size=array([1920, 1200]), stencilBits=8, stereo=False, title='PsychoPy', units='height', useFBO=True, useRetina=False, viewOri=0.0, viewPos=None, viewScale=None, waitBlanking=True, winType='pyglet')
9.2582 	EXP 	window1: backgroundImage = ''
9.2582 	EXP 	window1: backgroundFit = 'none'
9.3326 	EXP 	window1: Attempting to measure frame rate of screen (0) ...
9.3327 	EXP 	window1: recordFrameIntervals = False
9.5549 	EXP 	window1: recordFrameIntervals = True
9.7384 	EXP 	Screen (0) actual frame rate measured at 60.02Hz
9.7384 	EXP 	window1: recordFrameIntervals = False
13.1603 	INFO 	keyboard.Keyboard is using iohub backend.
13.1603 	INFO 	keyboard.Keyboard is using iohub backend.
13.1604 	INFO 	keyboard.Keyboard is using iohub backend.
13.1604 	EXP 	state_naming_task: status = STARTED
13.2758 	EXP 	Created task_instructions = TextStim(__class__=<class 'psychopy.visual.text.TextStim'>, alignHoriz=method-wrapper(...), alignText='center', alignVert=method-wrapper(...), anchorHoriz='center', anchorVert='center', antialias=True, autoDraw=False, autoLog=True, bold=False, color=array([-1., -1., -1.]), colorSpace='rgb', contrast=1.0, depth=0.0, draggable=False, flipHoriz=False, flipVert=False, font='Arial', fontFiles=[], height=0.05, italic=False, languageStyle='LTR', name='task_instructions', opacity=1, ori=0.0, pos=array([0., 0.]), rgb=UNKNOWN, text=str(...), units='height', win=Window(...), wrapWidth=1)
13.2819 	EXP 	Created stimuli_prompt = TextStim(__class__=<class 'psychopy.visual.text.TextStim'>, alignHoriz=method-wrapper(...), alignText='center', alignVert=method-wrapper(...), anchorHoriz='center', anchorVert='center', antialias=True, autoDraw=False, autoLog=True, bold=False, color=array([-1., -1., -1.]), colorSpace='rgb', contrast=1.0, depth=0.0, draggable=False, flipHoriz=False, flipVert=False, font='Arial', fontFiles=[], height=0.05, italic=False, languageStyle='LTR', name='stimuli_prompt', opacity=1, ori=0.0, pos=array([0. , 0.4]), rgb=UNKNOWN, text='What is the name of this U.S. State?', units='height', win=Window(...), wrapWidth=1)
13.2871 	EXP 	Created okay_state_pics = ImageStim(__class__=<class 'psychopy.visual.image.ImageStim'>, anchor=('center', 'center'), autoLog=True, color=array([1., 1., 1.]), colorSpace='rgb', contrast=1.0, depth=-1.0, draggable=True, flipHoriz=False, flipVert=False, image='default.png', interpolate=True, mask=None, maskParams=None, name='okay_state_pics', opacity=1, ori=1.0, pos=array([0., 0.]), size=array([0.6, 0.5]), texRes=128.0, units='height', win=Window(...))
13.3294 	EXP 	Created stimuli_prompt_2 = TextStim(__class__=<class 'psychopy.visual.text.TextStim'>, alignHoriz=method-wrapper(...), alignText='center', alignVert=method-wrapper(...), anchorHoriz='center', anchorVert='center', antialias=True, autoDraw=False, autoLog=True, bold=False, color=array([1., 1., 1.]), colorSpace='rgb', contrast=1.0, depth=0.0, draggable=False, flipHoriz=False, flipVert=False, font='Arial', fontFiles=[], height=0.05, italic=False, languageStyle='LTR', name='stimuli_prompt_2', opacity=1, ori=0.0, pos=array([0., 0.]), rgb=UNKNOWN, text='What is the name of this U.S. state?', units='height', win=Window(...), wrapWidth=1)
13.3335 	EXP 	Created wider_state_pics = ImageStim(__class__=<class 'psychopy.visual.image.ImageStim'>, anchor=('center', 'center'), autoLog=True, color=array([1., 1., 1.]), colorSpace='rgb', contrast=1.0, depth=-1.0, draggable=False, flipHoriz=False, flipVert=False, image='default.png', interpolate=True, mask=None, maskParams=None, name='wider_state_pics', opacity=1, ori=0.0, pos=array([0., 0.]), size=array([0.95, 0.5 ]), texRes=128.0, units='height', win=Window(...))
13.3492 	EXP 	Created stimuli_prompt_3 = TextStim(__class__=<class 'psychopy.visual.text.TextStim'>, alignHoriz=method-wrapper(...), alignText='center', alignVert=method-wrapper(...), anchorHoriz='center', anchorVert='center', antialias=True, autoDraw=False, autoLog=True, bold=False, color=array([1., 1., 1.]), colorSpace='rgb', contrast=1.0, depth=0.0, draggable=False, flipHoriz=False, flipVert=False, font='Arial', fontFiles=[], height=0.05, italic=False, languageStyle='LTR', name='stimuli_prompt_3', opacity=1, ori=0.0, pos=array([0., 0.]), rgb=UNKNOWN, text='What is the name of this U.S. state?', units='height', win=Window(...), wrapWidth=1)
13.3535 	EXP 	Created taller_state_pics = ImageStim(__class__=<class 'psychopy.visual.image.ImageStim'>, anchor=('center', 'center'), autoLog=True, color=array([1., 1., 1.]), colorSpace='rgb', contrast=1.0, depth=-1.0, draggable=False, flipHoriz=False, flipVert=False, image='default.png', interpolate=True, mask=None, maskParams=None, name='taller_state_pics', opacity=1, ori=0.0, pos=array([0., 0.]), size=array([0.5, 0.4]), texRes=128.0, units='height', win=Window(...))
13.3740 	EXP 	Created text = TextStim(__class__=<class 'psychopy.visual.text.TextStim'>, alignHoriz=method-wrapper(...), alignText='center', alignVert=method-wrapper(...), anchorHoriz='center', anchorVert='center', antialias=True, autoDraw=False, autoLog=True, bold=False, color=array([-1., -1., -1.]), colorSpace='rgb', contrast=1.0, depth=0.0, draggable=False, flipHoriz=False, flipVert=False, font='Arial', fontFiles=[], height=0.05, italic=False, languageStyle='LTR', name='text', opacity=1, ori=0.0, pos=array([0., 0.]), rgb=UNKNOWN, text=str(...), units='height', win=Window(...), wrapWidth=1)
0.0031 	EXP 	us_state_response: autoLog = True
0.0031 	EXP 	us_state_response_2: autoLog = True
0.0031 	EXP 	us_state_response_3: autoLog = True
0.0303 	INFO 	Keyboard events cleared
0.0298 	EXP 	task_instructions: autoDraw = True
1.4965 	EXP 	Imported states/loop_taller_states_trials.xlsx as conditions, 6 conditions, 2 params
1.4968 	EXP 	New trial (rep=0, index=0): <Trial 0 (0 in rep 0) data={'image_file': 'states/Illinois-Outline-Map.jpg', 'correct_answer': 'Illinois', 'thisN': 0, 'thisTrialN': 0, 'thisRepN': 0}>
1.5533 	DATA 	Keypress: space
1.5765 	EXP 	task_instructions: autoDraw = False
1.5765 	EXP 	taller_state_pics: image = 'states/Illinois-Outline-Map.jpg'
1.9966 	EXP 	stimuli_prompt_3: autoDraw = True
1.9966 	EXP 	taller_state_pics: autoDraw = True
1.9966 	EXP 	us_state_response_3: autoDraw = True
7.1831 	DATA 	Keypress: space
8.9957 	EXP 	New trial (rep=0, index=1): <Trial 1 (1 in rep 0) data={'image_file': 'states/Alabama-Outline-Map.jpg', 'correct_answer': 'Alabama', 'thisN': 1, 'thisTrialN': 1, 'thisRepN': 0}>
9.0738 	EXP 	stimuli_prompt_3: autoDraw = False
9.0738 	EXP 	taller_state_pics: autoDraw = False
9.0738 	EXP 	us_state_response_3: autoDraw = False
9.0738 	EXP 	taller_state_pics: image = 'states/Alabama-Outline-Map.jpg'
9.5115 	EXP 	stimuli_prompt_3: autoDraw = True
9.5115 	EXP 	taller_state_pics: autoDraw = True
9.5115 	EXP 	us_state_response_3: autoDraw = True
16.4910 	EXP 	New trial (rep=0, index=2): <Trial 2 (2 in rep 0) data={'image_file': 'states/Georgia-Outline-Map.jpg', 'correct_answer': 'Georgia', 'thisN': 2, 'thisTrialN': 2, 'thisRepN': 0}>
16.6496 	EXP 	stimuli_prompt_3: autoDraw = False
16.6496 	EXP 	taller_state_pics: autoDraw = False
16.6496 	EXP 	us_state_response_3: autoDraw = False
16.6496 	EXP 	taller_state_pics: image = 'states/Georgia-Outline-Map.jpg'
17.0139 	EXP 	stimuli_prompt_3: autoDraw = True
17.0139 	EXP 	taller_state_pics: autoDraw = True
17.0139 	EXP 	us_state_response_3: autoDraw = True
24.0058 	EXP 	New trial (rep=0, index=3): <Trial 3 (3 in rep 0) data={'image_file': 'states/Mississippi-Outline-Map.jpg', 'correct_answer': 'Mississippi', 'thisN': 3, 'thisTrialN': 3, 'thisRepN': 0}>
24.0716 	EXP 	stimuli_prompt_3: autoDraw = False
24.0716 	EXP 	taller_state_pics: autoDraw = False
24.0716 	EXP 	us_state_response_3: autoDraw = False
24.0716 	EXP 	taller_state_pics: image = 'states/Mississippi-Outline-Map.jpg'
24.5044 	EXP 	stimuli_prompt_3: autoDraw = True
24.5044 	EXP 	taller_state_pics: autoDraw = True
24.5044 	EXP 	us_state_response_3: autoDraw = True
31.4894 	EXP 	New trial (rep=0, index=4): <Trial 4 (4 in rep 0) data={'image_file': 'states/New-Hampshire-Outline-Map.jpg', 'correct_answer': 'New Hampshire', 'thisN': 4, 'thisTrialN': 4, 'thisRepN': 0}>
31.5720 	EXP 	stimuli_prompt_3: autoDraw = False
31.5720 	EXP 	taller_state_pics: autoDraw = False
31.5720 	EXP 	us_state_response_3: autoDraw = False
31.5720 	EXP 	taller_state_pics: image = 'states/New-Hampshire-Outline-Map.jpg'
32.0348 	EXP 	stimuli_prompt_3: autoDraw = True
32.0348 	EXP 	taller_state_pics: autoDraw = True
32.0348 	EXP 	us_state_response_3: autoDraw = True
34.4764 	DATA 	Keypress: escape
34.6974 	EXP 	state_naming_task: status = STOPPED
34.7188 	EXP 	stimuli_prompt_3: autoDraw = False
34.7188 	EXP 	taller_state_pics: autoDraw = False
34.7188 	EXP 	us_state_response_3: autoDraw = False
34.7189 	EXP 	state_naming_task: status = STOPPED
34.7457 	INFO 	saved data to 'C:\\Users\\josef\\OneDrive\\Desktop\\Filler Task for TOT Study\\data/106805_state_naming_task_2025-04-11_20h31.33.978.csv'
34.7472 	INFO 	saved data to C:\Users\josef\OneDrive\Desktop\Filler Task for TOT Study\data/106805_state_naming_task_2025-04-11_20h31.33.978.psydat
