5.3828 	INFO 	Loaded monitor calibration from ['2025_04_09 10:33']
5.7251 	EXP 	Created window1 = Window(allowGUI=False, allowStencil=True, autoLog=True, backendConf=UNKNOWN, backgroundFit=<method-wrapper '__getattribute__' of attributeSetter object at 0x000001D382D560E0>, backgroundImage=<method-wrapper '__getattribute__' of attributeSetter object at 0x000001D382D56E00>, bitsMode=UNKNOWN, blendMode='avg', bpc=(8, 8, 8), color=array([1., 1., 1.]), colorSpace='rgb', depthBits=8, fullscr=True, gamma=None, gammaErrorPolicy='raise', infoMsg=UNKNOWN, lms=UNKNOWN, monitor=<psychopy.monitors.calibTools.Monitor object at 0x000001D383CE2110>, multiSample=False, name='window1', numSamples=2, pos=[0.0, 0.0], screen=0, size=array([1920, 1080]), stencilBits=8, stereo=False, title='PsychoPy', units='height', useFBO=True, useRetina=False, viewOri=0.0, viewPos=None, viewScale=None, waitBlanking=True, winType='pyglet')
5.7251 	EXP 	window1: backgroundImage = ''
5.7251 	EXP 	window1: backgroundFit = 'none'
5.7924 	EXP 	window1: Attempting to measure frame rate of screen (0) ...
5.7924 	EXP 	window1: recordFrameIntervals = False
6.0435 	EXP 	window1: recordFrameIntervals = True
6.2271 	EXP 	Screen (0) actual frame rate measured at 59.91Hz
6.2271 	EXP 	window1: recordFrameIntervals = False
9.1392 	INFO 	keyboard.Keyboard is using iohub backend.
9.1393 	INFO 	keyboard.Keyboard is using iohub backend.
9.1393 	INFO 	keyboard.Keyboard is using iohub backend.
9.1393 	EXP 	state_naming_task: status = STARTED
9.2265 	EXP 	Created task_instructions = TextStim(__class__=<class 'psychopy.visual.text.TextStim'>, alignHoriz=method-wrapper(...), alignText='center', alignVert=method-wrapper(...), anchorHoriz='center', anchorVert='center', antialias=True, autoDraw=False, autoLog=True, bold=False, color=array([-1., -1., -1.]), colorSpace='rgb', contrast=1.0, depth=0.0, draggable=False, flipHoriz=False, flipVert=False, font='Arial', fontFiles=[], height=0.05, italic=False, languageStyle='LTR', name='task_instructions', opacity=1, ori=0.0, pos=array([0., 0.]), rgb=UNKNOWN, text=str(...), units='height', win=Window(...), wrapWidth=1)
9.2844 	EXP 	Created image = ImageStim(__class__=<class 'psychopy.visual.image.ImageStim'>, anchor=('center', 'center'), autoLog=True, color=array([1., 1., 1.]), colorSpace='rgb', contrast=1.0, depth=0.0, draggable=False, flipHoriz=False, flipVert=False, image=str(...), interpolate=True, mask=None, maskParams=None, name='image', opacity=1, ori=0.0, pos=array([0., 0.]), size=array([0.5, 0.5]), texRes=128.0, units='height', win=Window(...))
0.0071 	EXP 	textbox: autoLog = True
0.0148 	INFO 	Keyboard events cleared
0.0142 	EXP 	task_instructions: autoDraw = True
0.5703 	DATA 	Keypress: space
0.5805 	EXP 	task_instructions: autoDraw = False
1.0817 	INFO 	Keyboard events cleared
1.0813 	EXP 	image: autoDraw = True
1.0813 	EXP 	textbox: autoDraw = True
5.5565 	DATA 	Keypress: space
5.7232 	DATA 	Keypress: lshift
5.9225 	DATA 	Keypress: a
7.6915 	DATA 	Keypress: l
8.2760 	DATA 	Keypress: a
8.4249 	DATA 	Keypress: b
9.4604 	DATA 	Keypress: a
9.5440 	DATA 	Keypress: m
9.6602 	DATA 	Keypress: a
10.7116 	DATA 	Keypress: return
11.5288 	DATA 	Keypress: return
11.9287 	DATA 	Keypress: return
13.4322 	DATA 	Keypress: f11
14.8995 	DATA 	Keypress: backspace
15.9834 	DATA 	Keypress: backspace
16.2846 	DATA 	Keypress: backspace
16.4187 	DATA 	Keypress: backspace
16.5199 	DATA 	Keypress: backspace
16.6514 	DATA 	Keypress: backspace
23.9768 	DATA 	Keypress: return
24.5613 	DATA 	Keypress: return
25.0430 	DATA 	Keypress: escape
25.2077 	EXP 	state_naming_task: status = STOPPED
25.2237 	EXP 	image: autoDraw = False
25.2237 	EXP 	textbox: autoDraw = False
25.2238 	EXP 	state_naming_task: status = STOPPED
25.2267 	INFO 	saved data to 'C:\\Users\\josef\\OneDrive\\Desktop\\Filler Task for TOT Study\\data/127659_state_naming_task_2025-04-11_10h30.09.028.csv'
25.2274 	INFO 	saved data to C:\Users\josef\OneDrive\Desktop\Filler Task for TOT Study\data/127659_state_naming_task_2025-04-11_10h30.09.028.psydat
