6.6570 	INFO 	Loaded monitor calibration from ['2025_04_09 10:33']
6.6709 	WARNING 	User requested fullscreen with size [1536  960], but screen is actually [1920, 1200]. Using actual size
7.0931 	EXP 	Created window1 = Window(allowGUI=False, allowStencil=True, autoLog=True, backendConf=UNKNOWN, backgroundFit=<method-wrapper '__getattribute__' of attributeSetter object at 0x000001996933E800>, backgroundImage=<method-wrapper '__getattribute__' of attributeSetter object at 0x000001996933E860>, bitsMode=UNKNOWN, blendMode='avg', bpc=(8, 8, 8), color=array([1., 1., 1.]), colorSpace='rgb', depthBits=8, fullscr=True, gamma=None, gammaErrorPolicy='raise', infoMsg=UNKNOWN, lms=UNKNOWN, monitor=<psychopy.monitors.calibTools.Monitor object at 0x0000019969421FF0>, multiSample=False, name='window1', numSamples=2, pos=[0.0, 0.0], screen=0, size=array([1920, 1200]), stencilBits=8, stereo=False, title='PsychoPy', units='height', useFBO=True, useRetina=False, viewOri=0.0, viewPos=None, viewScale=None, waitBlanking=True, winType='pyglet')
7.0932 	EXP 	window1: backgroundImage = ''
7.0932 	EXP 	window1: backgroundFit = 'none'
7.1711 	EXP 	window1: Attempting to measure frame rate of screen (0) ...
7.1711 	EXP 	window1: recordFrameIntervals = False
7.4025 	EXP 	window1: recordFrameIntervals = True
7.4389 	WARNING 	t of last frame was 20.20ms (=1/49)
7.6191 	EXP 	Screen (0) actual frame rate measured at 59.95Hz
7.6192 	EXP 	window1: recordFrameIntervals = False
11.2570 	INFO 	keyboard.Keyboard is using iohub backend.
11.2571 	INFO 	keyboard.Keyboard is using iohub backend.
11.2571 	INFO 	keyboard.Keyboard is using iohub backend.
11.2571 	EXP 	state_naming_task: status = STARTED
11.3620 	EXP 	Created task_instructions = TextStim(__class__=<class 'psychopy.visual.text.TextStim'>, alignHoriz=method-wrapper(...), alignText='center', alignVert=method-wrapper(...), anchorHoriz='center', anchorVert='center', antialias=True, autoDraw=False, autoLog=True, bold=False, color=array([-1., -1., -1.]), colorSpace='rgb', contrast=1.0, depth=0.0, draggable=False, flipHoriz=False, flipVert=False, font='Arial', fontFiles=[], height=0.05, italic=False, languageStyle='LTR', name='task_instructions', opacity=1, ori=0.0, pos=array([0., 0.]), rgb=UNKNOWN, text=str(...), units='height', win=Window(...), wrapWidth=1)
11.4265 	EXP 	Created image = ImageStim(__class__=<class 'psychopy.visual.image.ImageStim'>, anchor=('center', 'center'), autoLog=True, color=array([1., 1., 1.]), colorSpace='rgb', contrast=1.0, depth=0.0, draggable=False, flipHoriz=False, flipVert=False, image=str(...), interpolate=True, mask=None, maskParams=None, name='image', opacity=1, ori=0.0, pos=array([0.  , 0.25]), size=array([0.5, 0.5]), texRes=128.0, units='height', win=Window(...))
0.0095 	EXP 	textbox: autoLog = True
0.0142 	INFO 	Keyboard events cleared
0.0138 	EXP 	task_instructions: autoDraw = True
9.1380 	DATA 	Keypress: space
9.1477 	EXP 	task_instructions: autoDraw = False
9.6491 	INFO 	Keyboard events cleared
9.6485 	EXP 	image: autoDraw = True
9.6485 	EXP 	textbox: autoDraw = True
16.5034 	DATA 	Keypress: escape
16.6847 	EXP 	state_naming_task: status = STOPPED
16.6986 	EXP 	image: autoDraw = False
16.6986 	EXP 	textbox: autoDraw = False
16.6987 	EXP 	state_naming_task: status = STOPPED
16.7252 	INFO 	saved data to 'C:\\Users\\josef\\OneDrive\\Desktop\\Filler Task for TOT Study\\data/153751_state_naming_task_2025-04-11_10h49.15.319.csv'
16.7261 	INFO 	saved data to C:\Users\josef\OneDrive\Desktop\Filler Task for TOT Study\data/153751_state_naming_task_2025-04-11_10h49.15.319.psydat
