22.4122 	INFO 	Loaded monitor calibration from ['2025_04_09 10:33']
22.4272 	WARNING 	User requested fullscreen with size [1536  960], but screen is actually [1920, 1200]. Using actual size
22.8513 	EXP 	Created window1 = Window(allowGUI=False, allowStencil=True, autoLog=True, backendConf=UNKNOWN, backgroundFit=<method-wrapper '__getattribute__' of attributeSetter object at 0x0000021CD40BD720>, backgroundImage=<method-wrapper '__getattribute__' of attributeSetter object at 0x0000021CC739F1C0>, bitsMode=UNKNOWN, blendMode='avg', bpc=(8, 8, 8), color=array([1., 1., 1.]), colorSpace='rgb', depthBits=8, fullscr=True, gamma=None, gammaErrorPolicy='raise', infoMsg=UNKNOWN, lms=UNKNOWN, monitor=<psychopy.monitors.calibTools.Monitor object at 0x0000021CD41A2890>, multiSample=False, name='window1', numSamples=2, pos=[0.0, 0.0], screen=0, size=array([1920, 1200]), stencilBits=8, stereo=False, title='PsychoPy', units='height', useFBO=True, useRetina=False, viewOri=0.0, viewPos=None, viewScale=None, waitBlanking=True, winType='pyglet')
22.8514 	EXP 	window1: backgroundImage = ''
22.8514 	EXP 	window1: backgroundFit = 'none'
22.9240 	EXP 	window1: Attempting to measure frame rate of screen (0) ...
22.9241 	EXP 	window1: recordFrameIntervals = False
23.1471 	EXP 	window1: recordFrameIntervals = True
23.3327 	EXP 	Screen (0) actual frame rate measured at 59.43Hz
23.3328 	EXP 	window1: recordFrameIntervals = False
26.7584 	INFO 	keyboard.Keyboard is using iohub backend.
26.7585 	INFO 	keyboard.Keyboard is using iohub backend.
26.7585 	EXP 	state_naming_task: status = STARTED
26.8632 	EXP 	Created task_instructions = TextStim(__class__=<class 'psychopy.visual.text.TextStim'>, alignHoriz=method-wrapper(...), alignText='center', alignVert=method-wrapper(...), anchorHoriz='center', anchorVert='center', antialias=True, autoDraw=False, autoLog=True, bold=False, color=array([-1., -1., -1.]), colorSpace='rgb', contrast=1.0, depth=0.0, draggable=False, flipHoriz=False, flipVert=False, font='Arial', fontFiles=[], height=0.05, italic=False, languageStyle='LTR', name='task_instructions', opacity=1, ori=0.0, pos=array([0., 0.]), rgb=UNKNOWN, text=str(...), units='height', win=Window(...), wrapWidth=1)
26.9331 	EXP 	Created image = ImageStim(__class__=<class 'psychopy.visual.image.ImageStim'>, anchor=('center', 'center'), autoLog=True, color=array([1., 1., 1.]), colorSpace='rgb', contrast=1.0, depth=0.0, draggable=False, flipHoriz=False, flipVert=False, image=str(...), interpolate=True, mask=None, maskParams=None, name='image', opacity=1, ori=0.0, pos=array([0., 0.]), size=array([0.5, 0.5]), texRes=128.0, units='height', win=Window(...))
26.9426 	EXP 	Created stimuli_prompt = TextStim(__class__=<class 'psychopy.visual.text.TextStim'>, alignHoriz=method-wrapper(...), alignText='center', alignVert=method-wrapper(...), anchorHoriz='center', anchorVert='center', antialias=True, autoDraw=False, autoLog=True, bold=False, color=array([-1., -1., -1.]), colorSpace='rgb', contrast=1.0, depth=-1.0, draggable=False, flipHoriz=False, flipVert=False, font='Arial', fontFiles=[], height=0.05, italic=False, languageStyle='LTR', name='stimuli_prompt', opacity=1, ori=0.0, pos=array([0. , 0.5]), rgb=UNKNOWN, text='What is the name of this U.S. State?', units='height', win=Window(...), wrapWidth=1)
0.0095 	DATA 	Mouse: Left button down, pos=(1818,133)
0.0099 	DATA 	Mouse:  Left button up, pos=(1889,120)
0.0169 	EXP 	textbox: autoLog = True
0.0309 	INFO 	Keyboard events cleared
0.0305 	EXP 	task_instructions: autoDraw = True
0.0826 	DATA 	Mouse: Right button down, pos=(1877,113)
0.0830 	DATA 	Mouse:  Right button up, pos=(1877,113)
0.4347 	DATA 	Mouse: Left button down, pos=(1904,94)
0.4351 	DATA 	Mouse:  Left button up, pos=(1911,73)
2.4209 	DATA 	Keypress: space
2.4325 	EXP 	task_instructions: autoDraw = False
2.9326 	EXP 	image: autoDraw = True
2.9326 	EXP 	stimuli_prompt: autoDraw = True
2.9326 	EXP 	textbox: autoDraw = True
4.5025 	DATA 	Keypress: escape
4.6160 	EXP 	state_naming_task: status = STOPPED
4.6314 	EXP 	image: autoDraw = False
4.6314 	EXP 	stimuli_prompt: autoDraw = False
4.6314 	EXP 	textbox: autoDraw = False
4.6316 	EXP 	state_naming_task: status = STOPPED
4.6558 	INFO 	saved data to 'C:\\Users\\josef\\OneDrive\\Desktop\\Filler Task for TOT Study\\data/199958_state_naming_task_2025-04-11_11h55.52.826.csv'
4.6566 	INFO 	saved data to C:\Users\josef\OneDrive\Desktop\Filler Task for TOT Study\data/199958_state_naming_task_2025-04-11_11h55.52.826.psydat
