8.1638 	DEBUG 	Fullscreen settings ignored as running in pilot mode.
8.1662 	INFO 	Loaded monitor calibration from ['2025_04_09 10:33']
8.5950 	EXP 	Created window1 = Window(allowGUI=False, allowStencil=True, autoLog=True, backendConf=UNKNOWN, backgroundFit=<method-wrapper '__getattribute__' of attributeSetter object at 0x000002664E246DA0>, backgroundImage=<method-wrapper '__getattribute__' of attributeSetter object at 0x000002664E246D40>, bitsMode=UNKNOWN, blendMode='avg', bpc=(8, 8, 8), color=array([1., 1., 1.]), colorSpace='rgb', depthBits=8, fullscr=False, gamma=None, gammaErrorPolicy='raise', infoMsg=UNKNOWN, lms=UNKNOWN, monitor=<psychopy.monitors.calibTools.Monitor object at 0x000002664E2F39D0>, multiSample=False, name='window1', numSamples=2, pos=[560.0, 300.0], screen=0, size=array([800, 600]), stencilBits=8, stereo=False, title='PsychoPy', units='height', useFBO=True, useRetina=False, viewOri=0.0, viewPos=None, viewScale=None, waitBlanking=True, winType='pyglet')
8.5951 	EXP 	window1: backgroundImage = ''
8.5951 	EXP 	window1: backgroundFit = 'none'
8.6057 	DEBUG 	TextBox2 loaded 1 chars with 0 blanks and 1 valid
8.6067 	DEBUG 	TextBox2 loaded 1 chars with 0 blanks and 1 valid
8.6078 	DEBUG 	TextBox2 loaded 1 chars with 0 blanks and 1 valid
8.6087 	DEBUG 	TextBox2 loaded 1 chars with 0 blanks and 1 valid
8.6096 	DEBUG 	TextBox2 loaded 1 chars with 0 blanks and 1 valid
8.6109 	DEBUG 	TextBox2 loaded 1 chars with 0 blanks and 1 valid
8.6121 	DEBUG 	TextBox2 loaded 1 chars with 0 blanks and 1 valid
8.6130 	DEBUG 	TextBox2 loaded 1 chars with 0 blanks and 1 valid
8.6139 	DEBUG 	TextBox2 loaded 1 chars with 0 blanks and 1 valid
8.6143 	DEBUG 	TextBox2 loaded 1 chars with 0 blanks and 1 valid
8.6147 	DEBUG 	TextBox2 loaded 1 chars with 0 blanks and 1 valid
8.6153 	DEBUG 	TextBox2 loaded 1 chars with 0 blanks and 1 valid
8.6161 	DEBUG 	TextBox2 loaded 1 chars with 0 blanks and 1 valid
8.6170 	DEBUG 	TextBox2 loaded 1 chars with 0 blanks and 1 valid
8.6180 	DEBUG 	TextBox2 loaded 1 chars with 0 blanks and 1 valid
8.6192 	DEBUG 	TextBox2 loaded 1 chars with 0 blanks and 1 valid
8.6197 	DEBUG 	TextBox2 loaded 1 chars with 0 blanks and 1 valid
8.6206 	DEBUG 	TextBox2 loaded 1 chars with 0 blanks and 1 valid
8.6217 	DEBUG 	TextBox2 loaded 1 chars with 0 blanks and 1 valid
8.6222 	DEBUG 	TextBox2 loaded 1 chars with 0 blanks and 1 valid
8.6226 	DEBUG 	Uploading Texture Font fontname to graphics card
8.6245 	DEBUG 	Upload of Texture Font fontname complete
8.6344 	DEBUG 	TextBox2 loaded 1 chars with 0 blanks and 1 valid
8.6361 	DEBUG 	TextBox2 loaded 1 chars with 0 blanks and 1 valid
8.6375 	DEBUG 	TextBox2 loaded 1 chars with 0 blanks and 1 valid
8.6381 	DEBUG 	Uploading Texture Font fontname to graphics card
8.6393 	DEBUG 	Upload of Texture Font fontname complete
8.6426 	EXP 	window1: Attempting to measure frame rate of screen (0) ...
8.6426 	EXP 	window1: recordFrameIntervals = False
8.8119 	EXP 	window1: recordFrameIntervals = True
9.0473 	EXP 	Screen (0) actual frame rate measured at 59.32Hz
9.0473 	EXP 	window1: recordFrameIntervals = False
9.0539 	DEBUG 	TextBox2 loaded 1 chars with 0 blanks and 1 valid
9.0546 	DEBUG 	TextBox2 loaded 1 chars with 0 blanks and 1 valid
9.0556 	DEBUG 	TextBox2 loaded 1 chars with 0 blanks and 1 valid
9.0568 	DEBUG 	TextBox2 loaded 1 chars with 0 blanks and 1 valid
9.0581 	DEBUG 	TextBox2 loaded 1 chars with 0 blanks and 1 valid
9.0593 	DEBUG 	TextBox2 loaded 1 chars with 0 blanks and 1 valid
9.0603 	DEBUG 	TextBox2 loaded 1 chars with 0 blanks and 1 valid
9.0613 	DEBUG 	TextBox2 loaded 1 chars with 0 blanks and 1 valid
9.0622 	DEBUG 	TextBox2 loaded 1 chars with 0 blanks and 1 valid
9.0632 	DEBUG 	TextBox2 loaded 1 chars with 0 blanks and 1 valid
9.0643 	DEBUG 	TextBox2 loaded 1 chars with 0 blanks and 1 valid
9.0652 	DEBUG 	TextBox2 loaded 1 chars with 0 blanks and 1 valid
9.0655 	DEBUG 	Uploading Texture Font fontname to graphics card
9.0667 	DEBUG 	Upload of Texture Font fontname complete
9.0821 	WARNING 	launchHubServer: If using the iohub mouse or eyetracker devices, fullScr should be True.
12.4879 	INFO 	keyboard.Keyboard is using iohub backend.
12.4879 	INFO 	keyboard.Keyboard is using iohub backend.
12.4879 	EXP 	state_naming_task: status = STARTED
12.5858 	EXP 	Created task_instructions = TextStim(__class__=<class 'psychopy.visual.text.TextStim'>, alignHoriz=method-wrapper(...), alignText='center', alignVert=method-wrapper(...), anchorHoriz='center', anchorVert='center', antialias=True, autoDraw=False, autoLog=True, bold=False, color=array([-1., -1., -1.]), colorSpace='rgb', contrast=1.0, depth=0.0, draggable=False, flipHoriz=False, flipVert=False, font='Arial', fontFiles=[], height=0.05, italic=False, languageStyle='LTR', name='task_instructions', opacity=1, ori=0.0, pos=array([0., 0.]), rgb=UNKNOWN, text=str(...), units='height', win=Window(...), wrapWidth=1)
12.5914 	EXP 	Created stimuli_prompt = TextStim(__class__=<class 'psychopy.visual.text.TextStim'>, alignHoriz=method-wrapper(...), alignText='center', alignVert=method-wrapper(...), anchorHoriz='center', anchorVert='center', antialias=True, autoDraw=False, autoLog=True, bold=False, color=array([-1., -1., -1.]), colorSpace='rgb', contrast=1.0, depth=0.0, draggable=False, flipHoriz=False, flipVert=False, font='Arial', fontFiles=[], height=0.05, italic=False, languageStyle='LTR', name='stimuli_prompt', opacity=1, ori=0.0, pos=array([0. , 0.4]), rgb=UNKNOWN, text='What is the name of this U.S. State?', units='height', win=Window(...), wrapWidth=1)
12.6514 	DEBUG 	Saving data for state_naming_task ExperimentHandler
12.6524 	INFO 	saved data to C:\Users\josef\OneDrive\Desktop\Filler Task for TOT Study\data/220405_state_naming_task_2025-04-11_14h33.35.328.psydat
12.6536 	INFO 	saved data to 'C:\\Users\\josef\\OneDrive\\Desktop\\Filler Task for TOT Study\\data/220405_state_naming_task_2025-04-11_14h33.35.328.csv'
