7.0001 	INFO 	Loaded monitor calibration from ['2025_04_09 10:33']
7.0204 	WARNING 	User requested fullscreen with size [1536  960], but screen is actually [1920, 1200]. Using actual size
7.3780 	EXP 	Created window1 = Window(allowGUI=False, allowStencil=True, autoLog=True, backendConf=UNKNOWN, backgroundFit=<method-wrapper '__getattribute__' of attributeSetter object at 0x000001E66FC1A710>, backgroundImage=<method-wrapper '__getattribute__' of attributeSetter object at 0x000001E66FC1A770>, bitsMode=UNKNOWN, blendMode='avg', bpc=(8, 8, 8), color=array([1., 1., 1.]), colorSpace='rgb', depthBits=8, fullscr=True, gamma=None, gammaErrorPolicy='raise', infoMsg=UNKNOWN, lms=UNKNOWN, monitor=<psychopy.monitors.calibTools.Monitor object at 0x000001E67A3DB1F0>, multiSample=False, name='window1', numSamples=2, pos=[0.0, 0.0], screen=0, size=array([1920, 1200]), stencilBits=8, stereo=False, title='PsychoPy', units='height', useFBO=True, useRetina=False, viewOri=0.0, viewPos=None, viewScale=None, waitBlanking=True, winType='pyglet')
7.3781 	EXP 	window1: backgroundImage = ''
7.3782 	EXP 	window1: backgroundFit = 'none'
7.4503 	EXP 	window1: Attempting to measure frame rate of screen (0) ...
7.4503 	EXP 	window1: recordFrameIntervals = False
7.6746 	EXP 	window1: recordFrameIntervals = True
7.8575 	EXP 	Screen (0) actual frame rate measured at 60.19Hz
7.8575 	EXP 	window1: recordFrameIntervals = False
11.0895 	INFO 	keyboard.Keyboard is using iohub backend.
11.0896 	INFO 	keyboard.Keyboard is using iohub backend.
11.0897 	INFO 	keyboard.Keyboard is using iohub backend.
11.0897 	EXP 	state_naming_task: status = STARTED
11.1957 	EXP 	Created task_instructions = TextStim(__class__=<class 'psychopy.visual.text.TextStim'>, alignHoriz=method-wrapper(...), alignText='center', alignVert=method-wrapper(...), anchorHoriz='center', anchorVert='center', antialias=True, autoDraw=False, autoLog=True, bold=False, color=array([-1., -1., -1.]), colorSpace='rgb', contrast=1.0, depth=0.0, draggable=False, flipHoriz=False, flipVert=False, font='Arial', fontFiles=[], height=0.05, italic=False, languageStyle='LTR', name='task_instructions', opacity=1, ori=0.0, pos=array([0., 0.]), rgb=UNKNOWN, text=str(...), units='height', win=Window(...), wrapWidth=1)
11.1999 	EXP 	Created stimuli_prompt = TextStim(__class__=<class 'psychopy.visual.text.TextStim'>, alignHoriz=method-wrapper(...), alignText='center', alignVert=method-wrapper(...), anchorHoriz='center', anchorVert='center', antialias=True, autoDraw=False, autoLog=True, bold=False, color=array([-1., -1., -1.]), colorSpace='rgb', contrast=1.0, depth=0.0, draggable=False, flipHoriz=False, flipVert=False, font='Arial', fontFiles=[], height=0.05, italic=False, languageStyle='LTR', name='stimuli_prompt', opacity=1, ori=0.0, pos=array([0. , 0.4]), rgb=UNKNOWN, text='What is the name of this U.S. State?', units='height', win=Window(...), wrapWidth=1)
11.2043 	EXP 	Created okay_state_pics = ImageStim(__class__=<class 'psychopy.visual.image.ImageStim'>, anchor=('center', 'center'), autoLog=True, color=array([1., 1., 1.]), colorSpace='rgb', contrast=1.0, depth=-1.0, draggable=True, flipHoriz=False, flipVert=False, image='default.png', interpolate=True, mask=None, maskParams=None, name='okay_state_pics', opacity=1, ori=1.0, pos=array([0., 0.]), size=array([0.6, 0.5]), texRes=128.0, units='height', win=Window(...))
11.2502 	EXP 	Created stimuli_prompt_2 = TextStim(__class__=<class 'psychopy.visual.text.TextStim'>, alignHoriz=method-wrapper(...), alignText='center', alignVert=method-wrapper(...), anchorHoriz='center', anchorVert='center', antialias=True, autoDraw=False, autoLog=True, bold=False, color=array([1., 1., 1.]), colorSpace='rgb', contrast=1.0, depth=0.0, draggable=False, flipHoriz=False, flipVert=False, font='Arial', fontFiles=[], height=0.05, italic=False, languageStyle='LTR', name='stimuli_prompt_2', opacity=1, ori=0.0, pos=array([0., 0.]), rgb=UNKNOWN, text='What is the name of this U.S. state?', units='height', win=Window(...), wrapWidth=1)
11.2544 	EXP 	Created wider_state_pics = ImageStim(__class__=<class 'psychopy.visual.image.ImageStim'>, anchor=('center', 'center'), autoLog=True, color=array([1., 1., 1.]), colorSpace='rgb', contrast=1.0, depth=-1.0, draggable=False, flipHoriz=False, flipVert=False, image='default.png', interpolate=True, mask=None, maskParams=None, name='wider_state_pics', opacity=1, ori=0.0, pos=array([0., 0.]), size=array([0.95, 0.5 ]), texRes=128.0, units='height', win=Window(...))
11.2674 	EXP 	Created stimuli_prompt_3 = TextStim(__class__=<class 'psychopy.visual.text.TextStim'>, alignHoriz=method-wrapper(...), alignText='center', alignVert=method-wrapper(...), anchorHoriz='center', anchorVert='center', antialias=True, autoDraw=False, autoLog=True, bold=False, color=array([1., 1., 1.]), colorSpace='rgb', contrast=1.0, depth=0.0, draggable=False, flipHoriz=False, flipVert=False, font='Arial', fontFiles=[], height=0.05, italic=False, languageStyle='LTR', name='stimuli_prompt_3', opacity=1, ori=0.0, pos=array([0., 0.]), rgb=UNKNOWN, text='What is the name of this U.S. state?', units='height', win=Window(...), wrapWidth=1)
11.2714 	EXP 	Created taller_state_pics = ImageStim(__class__=<class 'psychopy.visual.image.ImageStim'>, anchor=('center', 'center'), autoLog=True, color=array([1., 1., 1.]), colorSpace='rgb', contrast=1.0, depth=-1.0, draggable=False, flipHoriz=False, flipVert=False, image='default.png', interpolate=True, mask=None, maskParams=None, name='taller_state_pics', opacity=1, ori=0.0, pos=array([0., 0.]), size=array([0.5 , 0.65]), texRes=128.0, units='height', win=Window(...))
11.2927 	EXP 	Created task_instructions_2 = TextStim(__class__=<class 'psychopy.visual.text.TextStim'>, alignHoriz=method-wrapper(...), alignText='center', alignVert=method-wrapper(...), anchorHoriz='center', anchorVert='center', antialias=True, autoDraw=False, autoLog=True, bold=False, color=array([-1., -1., -1.]), colorSpace='rgb', contrast=1.0, depth=0.0, draggable=False, flipHoriz=False, flipVert=False, font='Arial', fontFiles=[], height=0.05, italic=False, languageStyle='LTR', name='task_instructions_2', opacity=1, ori=0.0, pos=array([0., 0.]), rgb=UNKNOWN, text=str(...), units='height', win=Window(...), wrapWidth=1)
11.2962 	EXP 	Created stimuli_prompt_4 = TextStim(__class__=<class 'psychopy.visual.text.TextStim'>, alignHoriz=method-wrapper(...), alignText='center', alignVert=method-wrapper(...), anchorHoriz='center', anchorVert='center', antialias=True, autoDraw=False, autoLog=True, bold=False, color=array([-1., -1., -1.]), colorSpace='rgb', contrast=1.0, depth=0.0, draggable=False, flipHoriz=False, flipVert=False, font='Arial', fontFiles=[], height=0.05, italic=False, languageStyle='LTR', name='stimuli_prompt_4', opacity=1, ori=0.0, pos=array([0. , 0.2]), rgb=UNKNOWN, text=str(...), units='height', win=Window(...), wrapWidth=1)
11.3006 	EXP 	Created okay_country_pics = ImageStim(__class__=<class 'psychopy.visual.image.ImageStim'>, anchor=('center', 'center'), autoLog=True, color=array([1., 1., 1.]), colorSpace='rgb', contrast=1.0, depth=-1.0, draggable=False, flipHoriz=False, flipVert=False, image='default.png', interpolate=True, mask=None, maskParams=None, name='okay_country_pics', opacity=1, ori=0.0, pos=array([0., 0.]), size=array([0.5, 0.7]), texRes=128.0, units='height', win=Window(...))
11.3186 	EXP 	Created text = TextStim(__class__=<class 'psychopy.visual.text.TextStim'>, alignHoriz=method-wrapper(...), alignText='center', alignVert=method-wrapper(...), anchorHoriz='center', anchorVert='center', antialias=True, autoDraw=False, autoLog=True, bold=False, color=array([1., 1., 1.]), colorSpace='rgb', contrast=1.0, depth=0.0, draggable=False, flipHoriz=False, flipVert=False, font='Arial', fontFiles=[], height=0.05, italic=False, languageStyle='LTR', name='text', opacity=1, ori=0.0, pos=array([0., 0.]), rgb=UNKNOWN, text=str(...), units='height', win=Window(...), wrapWidth=1)
0.0030 	EXP 	us_state_response: autoLog = True
0.0030 	EXP 	us_state_response_2: autoLog = True
0.0030 	EXP 	us_state_response_3: autoLog = True
0.0030 	EXP 	country_response: autoLog = True
0.0300 	INFO 	Keyboard events cleared
0.0295 	EXP 	task_instructions: autoDraw = True
0.8006 	DATA 	Keypress: space
0.8157 	INFO 	Keyboard events cleared
0.8153 	EXP 	task_instructions: autoDraw = False
0.8153 	EXP 	task_instructions_2: autoDraw = True
1.3552 	EXP 	Imported south_america/okay_south_america.xlsx as conditions, 12 conditions, 2 params
1.3557 	EXP 	New trial (rep=0, index=0): <Trial 0 (0 in rep 0) data={'image_file': 'south_america/Bolivia-Country-Outline.jpg', 'correct_answer': 'Bolivia', 'thisN': 0, 'thisTrialN': 0, 'thisRepN': 0}>
1.4217 	DATA 	Keypress: space
1.4417 	EXP 	task_instructions_2: autoDraw = False
1.4417 	EXP 	okay_country_pics: image = 'south_america/Bolivia-Country-Outline.jpg'
1.8564 	EXP 	stimuli_prompt_4: autoDraw = True
1.8564 	EXP 	okay_country_pics: autoDraw = True
1.8564 	EXP 	country_response: autoDraw = True
8.8595 	EXP 	New trial (rep=0, index=1): <Trial 1 (1 in rep 0) data={'image_file': 'south_america/Argentina-Country-Outline.jpg', 'correct_answer': 'Argentina', 'thisN': 1, 'thisTrialN': 1, 'thisRepN': 0}>
8.9100 	EXP 	stimuli_prompt_4: autoDraw = False
8.9100 	EXP 	okay_country_pics: autoDraw = False
8.9100 	EXP 	country_response: autoDraw = False
8.9100 	EXP 	okay_country_pics: image = 'south_america/Argentina-Country-Outline.jpg'
9.3728 	EXP 	stimuli_prompt_4: autoDraw = True
9.3728 	EXP 	okay_country_pics: autoDraw = True
9.3728 	EXP 	country_response: autoDraw = True
12.3838 	DATA 	Keypress: escape
12.5427 	EXP 	state_naming_task: status = STOPPED
12.5653 	EXP 	stimuli_prompt_4: autoDraw = False
12.5653 	EXP 	okay_country_pics: autoDraw = False
12.5653 	EXP 	country_response: autoDraw = False
12.5655 	EXP 	state_naming_task: status = STOPPED
12.5901 	INFO 	saved data to 'C:\\Users\\josef\\OneDrive\\Desktop\\Filler Task for TOT Study\\data/301296_state_naming_task_2025-04-11_21h18.27.353.csv'
12.5913 	INFO 	saved data to C:\Users\josef\OneDrive\Desktop\Filler Task for TOT Study\data/301296_state_naming_task_2025-04-11_21h18.27.353.psydat
