9.5266 	INFO 	Loaded monitor calibration from ['2025_04_09 10:33']
9.5451 	WARNING 	User requested fullscreen with size [1536  960], but screen is actually [1920, 1200]. Using actual size
10.0844 	EXP 	Created window1 = Window(allowGUI=False, allowStencil=False, autoLog=True, backendConf=UNKNOWN, backgroundFit=<method-wrapper '__getattribute__' of attributeSetter object at 0x000001FA0491F940>, backgroundImage=<method-wrapper '__getattribute__' of attributeSetter object at 0x000001FA0491D090>, bitsMode=UNKNOWN, blendMode='avg', bpc=(8, 8, 8), color=array([1., 1., 1.]), colorSpace='rgb', depthBits=8, fullscr=True, gamma=None, gammaErrorPolicy='raise', infoMsg=UNKNOWN, lms=UNKNOWN, monitor=<psychopy.monitors.calibTools.Monitor object at 0x000001FA113C1AE0>, multiSample=False, name='window1', numSamples=2, pos=[0.0, 0.0], screen=0, size=array([1920, 1200]), stencilBits=0, stereo=False, title='PsychoPy', units='height', useFBO=True, useRetina=False, viewOri=0.0, viewPos=None, viewScale=None, waitBlanking=True, winType='pyglet')
10.0844 	EXP 	window1: backgroundImage = ''
10.0845 	EXP 	window1: backgroundFit = 'none'
10.1723 	EXP 	window1: Attempting to measure frame rate of screen (0) ...
10.1723 	EXP 	window1: recordFrameIntervals = False
10.4166 	EXP 	window1: recordFrameIntervals = True
10.6013 	EXP 	Screen (0) actual frame rate measured at 59.63Hz
10.6014 	EXP 	window1: recordFrameIntervals = False
14.3743 	INFO 	keyboard.Keyboard is using iohub backend.
14.3744 	INFO 	keyboard.Keyboard is using iohub backend.
14.3745 	INFO 	keyboard.Keyboard is using iohub backend.
14.3745 	EXP 	state_naming_task: status = STARTED
14.4818 	EXP 	Created task_instructions = TextStim(__class__=<class 'psychopy.visual.text.TextStim'>, alignHoriz=method-wrapper(...), alignText='center', alignVert=method-wrapper(...), anchorHoriz='center', anchorVert='center', antialias=True, autoDraw=False, autoLog=True, bold=False, color=array([-1., -1., -1.]), colorSpace='rgb', contrast=1.0, depth=0.0, draggable=False, flipHoriz=False, flipVert=False, font='Arial', fontFiles=[], height=0.05, italic=False, languageStyle='LTR', name='task_instructions', opacity=1, ori=0.0, pos=array([0., 0.]), rgb=UNKNOWN, text=str(...), units='height', win=Window(...), wrapWidth=1)
14.5301 	EXP 	Created image = ImageStim(__class__=<class 'psychopy.visual.image.ImageStim'>, anchor=('center', 'center'), autoLog=True, color=array([1., 1., 1.]), colorSpace='rgb', contrast=1.0, depth=0.0, draggable=False, flipHoriz=False, flipVert=False, image=str(...), interpolate=True, mask=None, maskParams=None, name='image', opacity=1, ori=0.0, pos=array([0., 0.]), size=array([0.5, 0.5]), texRes=128.0, units='height', win=Window(...))
14.5437 	EXP 	Created text = TextStim(__class__=<class 'psychopy.visual.text.TextStim'>, alignHoriz=method-wrapper(...), alignText='center', alignVert=method-wrapper(...), anchorHoriz='center', anchorVert='center', antialias=True, autoDraw=False, autoLog=True, bold=False, color=array([-1., -1., -1.]), colorSpace='rgb', contrast=1.0, depth=-2.0, draggable=False, flipHoriz=False, flipVert=False, font='Arial', fontFiles=[], height=0.05, italic=False, languageStyle='LTR', name='text', opacity=1, ori=0.0, pos=array([0. , 0.1]), rgb=UNKNOWN, text=str(...), units='height', win=Window(...), wrapWidth=1)
0.0227 	INFO 	Keyboard events cleared
0.0222 	EXP 	task_instructions: autoDraw = True
0.9787 	DATA 	Keypress: space
0.9974 	EXP 	task_instructions: autoDraw = False
1.5315 	INFO 	Keyboard events cleared
1.5311 	EXP 	image: autoDraw = True
1.5311 	EXP 	text: autoDraw = True
3.4669 	DATA 	Keypress: escape
3.6340 	EXP 	state_naming_task: status = STOPPED
3.6555 	EXP 	image: autoDraw = False
3.6555 	EXP 	text: autoDraw = False
3.6556 	EXP 	state_naming_task: status = STOPPED
3.6671 	INFO 	saved data to 'C:\\Users\\josef\\OneDrive\\Desktop\\Filler Task for TOT Study\\data/305697_state_naming_task_2025-04-11_11h22.16.652.csv'
3.6678 	INFO 	saved data to C:\Users\josef\OneDrive\Desktop\Filler Task for TOT Study\data/305697_state_naming_task_2025-04-11_11h22.16.652.psydat
