6.8506 	DEBUG 	Fullscreen settings ignored as running in pilot mode.
6.8519 	INFO 	Loaded monitor calibration from ['2025_04_09 10:33']
7.2639 	EXP 	Created window1 = Window(allowGUI=False, allowStencil=True, autoLog=True, backendConf=UNKNOWN, backgroundFit=<method-wrapper '__getattribute__' of attributeSetter object at 0x000002065228A860>, backgroundImage=<method-wrapper '__getattribute__' of attributeSetter object at 0x00000206522884C0>, bitsMode=UNKNOWN, blendMode='avg', bpc=(8, 8, 8), color=array([1., 1., 1.]), colorSpace='rgb', depthBits=8, fullscr=False, gamma=None, gammaErrorPolicy='raise', infoMsg=UNKNOWN, lms=UNKNOWN, monitor=<psychopy.monitors.calibTools.Monitor object at 0x000002065B283220>, multiSample=False, name='window1', numSamples=2, pos=[560.0, 300.0], screen=0, size=array([800, 600]), stencilBits=8, stereo=False, title='PsychoPy', units='height', useFBO=True, useRetina=False, viewOri=0.0, viewPos=None, viewScale=None, waitBlanking=True, winType='pyglet')
7.2640 	EXP 	window1: backgroundImage = ''
7.2640 	EXP 	window1: backgroundFit = 'none'
7.2766 	DEBUG 	TextBox2 loaded 1 chars with 0 blanks and 1 valid
7.2776 	DEBUG 	TextBox2 loaded 1 chars with 0 blanks and 1 valid
7.2788 	DEBUG 	TextBox2 loaded 1 chars with 0 blanks and 1 valid
7.2801 	DEBUG 	TextBox2 loaded 1 chars with 0 blanks and 1 valid
7.2811 	DEBUG 	TextBox2 loaded 1 chars with 0 blanks and 1 valid
7.2817 	DEBUG 	TextBox2 loaded 1 chars with 0 blanks and 1 valid
7.2829 	DEBUG 	TextBox2 loaded 1 chars with 0 blanks and 1 valid
7.2838 	DEBUG 	TextBox2 loaded 1 chars with 0 blanks and 1 valid
7.2847 	DEBUG 	TextBox2 loaded 1 chars with 0 blanks and 1 valid
7.2852 	DEBUG 	TextBox2 loaded 1 chars with 0 blanks and 1 valid
7.2856 	DEBUG 	TextBox2 loaded 1 chars with 0 blanks and 1 valid
7.2862 	DEBUG 	TextBox2 loaded 1 chars with 0 blanks and 1 valid
7.2872 	DEBUG 	TextBox2 loaded 1 chars with 0 blanks and 1 valid
7.2880 	DEBUG 	TextBox2 loaded 1 chars with 0 blanks and 1 valid
7.2891 	DEBUG 	TextBox2 loaded 1 chars with 0 blanks and 1 valid
7.2904 	DEBUG 	TextBox2 loaded 1 chars with 0 blanks and 1 valid
7.2909 	DEBUG 	TextBox2 loaded 1 chars with 0 blanks and 1 valid
7.2918 	DEBUG 	TextBox2 loaded 1 chars with 0 blanks and 1 valid
7.2929 	DEBUG 	TextBox2 loaded 1 chars with 0 blanks and 1 valid
7.2934 	DEBUG 	TextBox2 loaded 1 chars with 0 blanks and 1 valid
7.2938 	DEBUG 	Uploading Texture Font fontname to graphics card
7.2985 	DEBUG 	Upload of Texture Font fontname complete
7.3063 	DEBUG 	TextBox2 loaded 1 chars with 0 blanks and 1 valid
7.3076 	DEBUG 	TextBox2 loaded 1 chars with 0 blanks and 1 valid
7.3088 	DEBUG 	TextBox2 loaded 1 chars with 0 blanks and 1 valid
7.3091 	DEBUG 	Uploading Texture Font fontname to graphics card
7.3121 	DEBUG 	Upload of Texture Font fontname complete
7.3145 	EXP 	window1: Attempting to measure frame rate of screen (0) ...
7.3145 	EXP 	window1: recordFrameIntervals = False
7.4893 	EXP 	window1: recordFrameIntervals = True
7.7232 	EXP 	Screen (0) actual frame rate measured at 59.80Hz
7.7233 	EXP 	window1: recordFrameIntervals = False
7.7319 	DEBUG 	TextBox2 loaded 1 chars with 0 blanks and 1 valid
7.7329 	DEBUG 	TextBox2 loaded 1 chars with 0 blanks and 1 valid
7.7345 	DEBUG 	TextBox2 loaded 1 chars with 0 blanks and 1 valid
7.7366 	DEBUG 	TextBox2 loaded 1 chars with 0 blanks and 1 valid
7.7379 	DEBUG 	TextBox2 loaded 1 chars with 0 blanks and 1 valid
7.7397 	DEBUG 	TextBox2 loaded 1 chars with 0 blanks and 1 valid
7.7408 	DEBUG 	TextBox2 loaded 1 chars with 0 blanks and 1 valid
7.7423 	DEBUG 	TextBox2 loaded 1 chars with 0 blanks and 1 valid
7.7436 	DEBUG 	TextBox2 loaded 1 chars with 0 blanks and 1 valid
7.7449 	DEBUG 	TextBox2 loaded 1 chars with 0 blanks and 1 valid
7.7466 	DEBUG 	TextBox2 loaded 1 chars with 0 blanks and 1 valid
7.7479 	DEBUG 	TextBox2 loaded 1 chars with 0 blanks and 1 valid
7.7485 	DEBUG 	Uploading Texture Font fontname to graphics card
7.7514 	DEBUG 	Upload of Texture Font fontname complete
7.7686 	WARNING 	launchHubServer: If using the iohub mouse or eyetracker devices, fullScr should be True.
11.2872 	INFO 	keyboard.Keyboard is using iohub backend.
11.2873 	INFO 	keyboard.Keyboard is using iohub backend.
11.2873 	EXP 	state_naming_task: status = STARTED
11.3820 	EXP 	Created task_instructions = TextStim(__class__=<class 'psychopy.visual.text.TextStim'>, alignHoriz=method-wrapper(...), alignText='center', alignVert=method-wrapper(...), anchorHoriz='center', anchorVert='center', antialias=True, autoDraw=False, autoLog=True, bold=False, color=array([-1., -1., -1.]), colorSpace='rgb', contrast=1.0, depth=0.0, draggable=False, flipHoriz=False, flipVert=False, font='Arial', fontFiles=[], height=0.05, italic=False, languageStyle='LTR', name='task_instructions', opacity=1, ori=0.0, pos=array([0., 0.]), rgb=UNKNOWN, text=str(...), units='height', win=Window(...), wrapWidth=1)
11.3877 	EXP 	Created stimuli_prompt = TextStim(__class__=<class 'psychopy.visual.text.TextStim'>, alignHoriz=method-wrapper(...), alignText='center', alignVert=method-wrapper(...), anchorHoriz='center', anchorVert='center', antialias=True, autoDraw=False, autoLog=True, bold=False, color=array([-1., -1., -1.]), colorSpace='rgb', contrast=1.0, depth=0.0, draggable=False, flipHoriz=False, flipVert=False, font='Arial', fontFiles=[], height=0.05, italic=False, languageStyle='LTR', name='stimuli_prompt', opacity=1, ori=0.0, pos=array([0. , 0.4]), rgb=UNKNOWN, text='What is the name of this U.S. State?', units='height', win=Window(...), wrapWidth=1)
11.4506 	DEBUG 	Saving data for state_naming_task ExperimentHandler
11.4515 	INFO 	saved data to C:\Users\josef\OneDrive\Desktop\Filler Task for TOT Study\data/363695_state_naming_task_2025-04-11_14h31.46.913.psydat
11.4527 	INFO 	saved data to 'C:\\Users\\josef\\OneDrive\\Desktop\\Filler Task for TOT Study\\data/363695_state_naming_task_2025-04-11_14h31.46.913.csv'
