6.8984 	INFO 	Loaded monitor calibration from ['2025_04_09 10:33']
6.9141 	WARNING 	User requested fullscreen with size [1536  960], but screen is actually [1920, 1200]. Using actual size
7.3450 	EXP 	Created window1 = Window(allowGUI=False, allowStencil=False, autoLog=True, backendConf=UNKNOWN, backgroundFit=<method-wrapper '__getattribute__' of attributeSetter object at 0x0000017439FFF460>, backgroundImage=<method-wrapper '__getattribute__' of attributeSetter object at 0x0000017439FFF4C0>, bitsMode=UNKNOWN, blendMode='avg', bpc=(8, 8, 8), color=array([1., 1., 1.]), colorSpace='rgb', depthBits=8, fullscr=True, gamma=None, gammaErrorPolicy='raise', infoMsg=UNKNOWN, lms=UNKNOWN, monitor=<psychopy.monitors.calibTools.Monitor object at 0x0000017446CE1A50>, multiSample=False, name='window1', numSamples=2, pos=[0.0, 0.0], screen=0, size=array([1920, 1200]), stencilBits=0, stereo=False, title='PsychoPy', units='height', useFBO=True, useRetina=False, viewOri=0.0, viewPos=None, viewScale=None, waitBlanking=True, winType='pyglet')
7.3451 	EXP 	window1: backgroundImage = ''
7.3451 	EXP 	window1: backgroundFit = 'none'
7.4299 	EXP 	window1: Attempting to measure frame rate of screen (0) ...
7.4300 	EXP 	window1: recordFrameIntervals = False
7.6983 	EXP 	window1: recordFrameIntervals = True
7.8816 	EXP 	Screen (0) actual frame rate measured at 60.00Hz
7.8817 	EXP 	window1: recordFrameIntervals = False
11.3561 	INFO 	keyboard.Keyboard is using iohub backend.
11.3562 	INFO 	keyboard.Keyboard is using iohub backend.
11.3562 	INFO 	keyboard.Keyboard is using iohub backend.
11.3563 	EXP 	state_naming_task: status = STARTED
11.4597 	EXP 	Created task_instructions = TextStim(__class__=<class 'psychopy.visual.text.TextStim'>, alignHoriz=method-wrapper(...), alignText='center', alignVert=method-wrapper(...), anchorHoriz='center', anchorVert='center', antialias=True, autoDraw=False, autoLog=True, bold=False, color=array([-1., -1., -1.]), colorSpace='rgb', contrast=1.0, depth=0.0, draggable=False, flipHoriz=False, flipVert=False, font='Arial', fontFiles=[], height=0.05, italic=False, languageStyle='LTR', name='task_instructions', opacity=1, ori=0.0, pos=array([0., 0.]), rgb=UNKNOWN, text=str(...), units='height', win=Window(...), wrapWidth=1)
11.5578 	EXP 	Created image = ImageStim(__class__=<class 'psychopy.visual.image.ImageStim'>, anchor=('center', 'center'), autoLog=True, color=array([1., 1., 1.]), colorSpace='rgb', contrast=1.0, depth=0.0, draggable=False, flipHoriz=False, flipVert=False, image=str(...), interpolate=True, mask=None, maskParams=None, name='image', opacity=1, ori=0.0, pos=array([0., 0.]), size=array([0.5, 0.5]), texRes=128.0, units='height', win=Window(...))
11.5838 	EXP 	Created text = TextStim(__class__=<class 'psychopy.visual.text.TextStim'>, alignHoriz=method-wrapper(...), alignText='center', alignVert=method-wrapper(...), anchorHoriz='center', anchorVert='center', antialias=True, autoDraw=False, autoLog=True, bold=False, color=array([-1., -1., -1.]), colorSpace='rgb', contrast=1.0, depth=-2.0, draggable=False, flipHoriz=False, flipVert=False, font='Arial', fontFiles=[], height=0.05, italic=False, languageStyle='LTR', name='text', opacity=1, ori=0.0, pos=array([0., 0.]), rgb=UNKNOWN, text=str(...), units='height', win=Window(...), wrapWidth=1)
0.1562 	INFO 	Keyboard events cleared
0.1557 	EXP 	task_instructions: autoDraw = True
10.7145 	DATA 	Keypress: space
10.7223 	EXP 	task_instructions: autoDraw = False
11.2240 	INFO 	Keyboard events cleared
11.2235 	EXP 	image: autoDraw = True
11.2235 	EXP 	text: autoDraw = True
18.5271 	DATA 	Keypress: escape
18.7250 	EXP 	state_naming_task: status = STOPPED
18.7402 	EXP 	image: autoDraw = False
18.7402 	EXP 	text: autoDraw = False
18.7404 	EXP 	state_naming_task: status = STOPPED
18.7589 	INFO 	saved data to 'C:\\Users\\josef\\OneDrive\\Desktop\\Filler Task for TOT Study\\data/367521_state_naming_task_2025-04-11_10h57.06.941.csv'
18.7598 	INFO 	saved data to C:\Users\josef\OneDrive\Desktop\Filler Task for TOT Study\data/367521_state_naming_task_2025-04-11_10h57.06.941.psydat
