4.6334 	INFO 	Loaded monitor calibration from ['2025_04_09 10:33']
4.6434 	WARNING 	User requested fullscreen with size [1536  960], but screen is actually [1920, 1080]. Using actual size
4.9230 	EXP 	Created window1 = Window(allowGUI=False, allowStencil=True, autoLog=True, backendConf=UNKNOWN, backgroundFit=<method-wrapper '__getattribute__' of attributeSetter object at 0x00000185308ADE70>, backgroundImage=<method-wrapper '__getattribute__' of attributeSetter object at 0x00000185308ADED0>, bitsMode=UNKNOWN, blendMode='avg', bpc=(8, 8, 8), color=array([1., 1., 1.]), colorSpace='rgb', depthBits=8, fullscr=True, gamma=None, gammaErrorPolicy='raise', infoMsg=UNKNOWN, lms=UNKNOWN, monitor=<psychopy.monitors.calibTools.Monitor object at 0x0000018530992620>, multiSample=False, name='window1', numSamples=2, pos=[0.0, 0.0], screen=0, size=array([1920, 1080]), stencilBits=8, stereo=False, title='PsychoPy', units='height', useFBO=True, useRetina=False, viewOri=0.0, viewPos=None, viewScale=None, waitBlanking=True, winType='pyglet')
4.9230 	EXP 	window1: backgroundImage = ''
4.9230 	EXP 	window1: backgroundFit = 'none'
4.9731 	EXP 	window1: Attempting to measure frame rate of screen (0) ...
4.9732 	EXP 	window1: recordFrameIntervals = False
5.2101 	EXP 	window1: recordFrameIntervals = True
5.3948 	EXP 	Screen (0) actual frame rate measured at 59.68Hz
5.3949 	EXP 	window1: recordFrameIntervals = False
7.6839 	INFO 	keyboard.Keyboard is using iohub backend.
7.6840 	INFO 	keyboard.Keyboard is using iohub backend.
7.6840 	EXP 	state_naming_task: status = STARTED
7.7622 	EXP 	Created task_instructions = TextStim(__class__=<class 'psychopy.visual.text.TextStim'>, alignHoriz=method-wrapper(...), alignText='center', alignVert=method-wrapper(...), anchorHoriz='center', anchorVert='center', antialias=True, autoDraw=False, autoLog=True, bold=False, color=array([-1., -1., -1.]), colorSpace='rgb', contrast=1.0, depth=0.0, draggable=False, flipHoriz=False, flipVert=False, font='Arial', fontFiles=[], height=0.05, italic=False, languageStyle='LTR', name='task_instructions', opacity=1, ori=0.0, pos=array([0., 0.]), rgb=UNKNOWN, text=str(...), units='height', win=Window(...), wrapWidth=1)
7.7682 	EXP 	Created stimuli_prompt = TextStim(__class__=<class 'psychopy.visual.text.TextStim'>, alignHoriz=method-wrapper(...), alignText='center', alignVert=method-wrapper(...), anchorHoriz='center', anchorVert='center', antialias=True, autoDraw=False, autoLog=True, bold=False, color=array([-1., -1., -1.]), colorSpace='rgb', contrast=1.0, depth=0.0, draggable=False, flipHoriz=False, flipVert=False, font='Arial', fontFiles=[], height=0.05, italic=False, languageStyle='LTR', name='stimuli_prompt', opacity=1, ori=0.0, pos=array([0. , 0.4]), rgb=UNKNOWN, text='What is the name of this U.S. State?', units='height', win=Window(...), wrapWidth=1)
0.0025 	EXP 	textbox: autoLog = True
0.0198 	INFO 	Keyboard events cleared
0.0195 	EXP 	task_instructions: autoDraw = True
0.5811 	EXP 	Imported US States Stimuli/loop_us_state_trials.xlsx as conditions, 2 conditions, 2 params
0.5815 	EXP 	New trial (rep=0, index=0): <Trial 0 (0 in rep 0) data={'state_pic': '#VALUE!', 'correct_answer': 'Alabama', 'thisN': 0, 'thisTrialN': 0, 'thisRepN': 0}>
0.5828 	DATA 	Keypress: space
0.5928 	EXP 	task_instructions: autoDraw = False
1.0873 	EXP 	stimuli_prompt: autoDraw = True
1.0873 	EXP 	textbox: autoDraw = True
3.2585 	DATA 	Keypress: escape
3.3233 	EXP 	state_naming_task: status = STOPPED
3.3397 	EXP 	stimuli_prompt: autoDraw = False
3.3397 	EXP 	textbox: autoDraw = False
3.3397 	EXP 	state_naming_task: status = STOPPED
3.3422 	INFO 	saved data to 'C:\\Users\\josef\\OneDrive\\Desktop\\Filler Task for TOT Study\\data/382950_state_naming_task_2025-04-11_13h17.33.529.csv'
3.3429 	INFO 	saved data to C:\Users\josef\OneDrive\Desktop\Filler Task for TOT Study\data/382950_state_naming_task_2025-04-11_13h17.33.529.psydat
