5.7267 	INFO 	Loaded monitor calibration from ['2025_04_09 10:33']
5.7375 	WARNING 	User requested fullscreen with size [1536  960], but screen is actually [1920, 1200]. Using actual size
6.1843 	EXP 	Created window1 = Window(allowGUI=False, allowStencil=True, autoLog=True, backendConf=UNKNOWN, backgroundFit=<method-wrapper '__getattribute__' of attributeSetter object at 0x0000026F1274EAA0>, backgroundImage=<method-wrapper '__getattribute__' of attributeSetter object at 0x0000026F1274EA40>, bitsMode=UNKNOWN, blendMode='avg', bpc=(8, 8, 8), color=array([1., 1., 1.]), colorSpace='rgb', depthBits=8, fullscr=True, gamma=None, gammaErrorPolicy='raise', infoMsg=UNKNOWN, lms=UNKNOWN, monitor=<psychopy.monitors.calibTools.Monitor object at 0x0000026F128043A0>, multiSample=False, name='window1', numSamples=2, pos=[0.0, 0.0], screen=0, size=array([1920, 1200]), stencilBits=8, stereo=False, title='PsychoPy', units='height', useFBO=True, useRetina=False, viewOri=0.0, viewPos=None, viewScale=None, waitBlanking=True, winType='pyglet')
6.1844 	EXP 	window1: backgroundImage = ''
6.1844 	EXP 	window1: backgroundFit = 'none'
6.2604 	EXP 	window1: Attempting to measure frame rate of screen (0) ...
6.2604 	EXP 	window1: recordFrameIntervals = False
6.4936 	EXP 	window1: recordFrameIntervals = True
6.6776 	EXP 	Screen (0) actual frame rate measured at 60.00Hz
6.6776 	EXP 	window1: recordFrameIntervals = False
9.9081 	INFO 	keyboard.Keyboard is using iohub backend.
9.9081 	INFO 	keyboard.Keyboard is using iohub backend.
9.9082 	INFO 	keyboard.Keyboard is using iohub backend.
9.9082 	EXP 	state_naming_task: status = STARTED
10.0173 	EXP 	Created task_instructions = TextStim(__class__=<class 'psychopy.visual.text.TextStim'>, alignHoriz=method-wrapper(...), alignText='center', alignVert=method-wrapper(...), anchorHoriz='center', anchorVert='center', antialias=True, autoDraw=False, autoLog=True, bold=False, color=array([-1., -1., -1.]), colorSpace='rgb', contrast=1.0, depth=0.0, draggable=False, flipHoriz=False, flipVert=False, font='Arial', fontFiles=[], height=0.05, italic=False, languageStyle='LTR', name='task_instructions', opacity=1, ori=0.0, pos=array([0., 0.]), rgb=UNKNOWN, text=str(...), units='height', win=Window(...), wrapWidth=1)
10.0220 	EXP 	Created stimuli_prompt = TextStim(__class__=<class 'psychopy.visual.text.TextStim'>, alignHoriz=method-wrapper(...), alignText='center', alignVert=method-wrapper(...), anchorHoriz='center', anchorVert='center', antialias=True, autoDraw=False, autoLog=True, bold=False, color=array([-1., -1., -1.]), colorSpace='rgb', contrast=1.0, depth=0.0, draggable=False, flipHoriz=False, flipVert=False, font='Arial', fontFiles=[], height=0.05, italic=False, languageStyle='LTR', name='stimuli_prompt', opacity=1, ori=0.0, pos=array([0. , 0.4]), rgb=UNKNOWN, text='What is the name of this U.S. State?', units='height', win=Window(...), wrapWidth=1)
10.0269 	EXP 	Created state_pics = ImageStim(__class__=<class 'psychopy.visual.image.ImageStim'>, anchor=('center', 'center'), autoLog=True, color=array([1., 1., 1.]), colorSpace='rgb', contrast=1.0, depth=-1.0, draggable=True, flipHoriz=False, flipVert=False, image='default.png', interpolate=True, mask=None, maskParams=None, name='state_pics', opacity=1, ori=1.0, pos=array([0., 0.]), size=array([1. , 0.5]), texRes=128.0, units='height', win=Window(...))
10.0555 	EXP 	Created stimuli_prompt = TextStim(__class__=<class 'psychopy.visual.text.TextStim'>, alignHoriz=method-wrapper(...), alignText='center', alignVert=method-wrapper(...), anchorHoriz='center', anchorVert='center', antialias=True, autoDraw=False, autoLog=True, bold=False, color=array([-1., -1., -1.]), colorSpace='rgb', contrast=1.0, depth=0.0, draggable=False, flipHoriz=False, flipVert=False, font='Arial', fontFiles=[], height=0.05, italic=False, languageStyle='LTR', name='stimuli_prompt', opacity=1, ori=0.0, pos=array([0. , 0.4]), rgb=UNKNOWN, text='What is the name of this U.S. State?', units='height', win=Window(...), wrapWidth=1)
10.0597 	EXP 	Created state_pics = ImageStim(__class__=<class 'psychopy.visual.image.ImageStim'>, anchor=('center', 'center'), autoLog=True, color=array([1., 1., 1.]), colorSpace='rgb', contrast=1.0, depth=-1.0, draggable=True, flipHoriz=False, flipVert=False, image='default.png', interpolate=True, mask=None, maskParams=None, name='state_pics', opacity=1, ori=1.0, pos=array([0., 0.]), size=array([1. , 0.5]), texRes=128.0, units='height', win=Window(...))
10.0712 	EXP 	Created stimuli_prompt = TextStim(__class__=<class 'psychopy.visual.text.TextStim'>, alignHoriz=method-wrapper(...), alignText='center', alignVert=method-wrapper(...), anchorHoriz='center', anchorVert='center', antialias=True, autoDraw=False, autoLog=True, bold=False, color=array([-1., -1., -1.]), colorSpace='rgb', contrast=1.0, depth=0.0, draggable=False, flipHoriz=False, flipVert=False, font='Arial', fontFiles=[], height=0.05, italic=False, languageStyle='LTR', name='stimuli_prompt', opacity=1, ori=0.0, pos=array([0. , 0.4]), rgb=UNKNOWN, text='What is the name of this U.S. State?', units='height', win=Window(...), wrapWidth=1)
10.0751 	EXP 	Created state_pics = ImageStim(__class__=<class 'psychopy.visual.image.ImageStim'>, anchor=('center', 'center'), autoLog=True, color=array([1., 1., 1.]), colorSpace='rgb', contrast=1.0, depth=-1.0, draggable=True, flipHoriz=False, flipVert=False, image='default.png', interpolate=True, mask=None, maskParams=None, name='state_pics', opacity=1, ori=1.0, pos=array([0., 0.]), size=array([1. , 0.5]), texRes=128.0, units='height', win=Window(...))
10.0963 	EXP 	Created text = TextStim(__class__=<class 'psychopy.visual.text.TextStim'>, alignHoriz=method-wrapper(...), alignText='center', alignVert=method-wrapper(...), anchorHoriz='center', anchorVert='center', antialias=True, autoDraw=False, autoLog=True, bold=False, color=array([-1., -1., -1.]), colorSpace='rgb', contrast=1.0, depth=0.0, draggable=False, flipHoriz=False, flipVert=False, font='Arial', fontFiles=[], height=0.05, italic=False, languageStyle='LTR', name='text', opacity=1, ori=0.0, pos=array([0., 0.]), rgb=UNKNOWN, text=str(...), units='height', win=Window(...), wrapWidth=1)
0.0031 	EXP 	us_state_response: autoLog = True
0.0031 	EXP 	us_state_response: autoLog = True
0.0031 	EXP 	us_state_response: autoLog = True
0.0142 	INFO 	Keyboard events cleared
0.0139 	EXP 	task_instructions: autoDraw = True
0.9333 	EXP 	Imported states/loop_wider_states_trials.xlsx as conditions, 11 conditions, 2 params
0.9336 	EXP 	New trial (rep=0, index=0): <Trial 0 (0 in rep 0) data={'image_file': 'states/Virginia-Outline-Map.jpg', 'correct_answer': 'Virginia', 'thisN': 0, 'thisTrialN': 0, 'thisRepN': 0}>
0.9709 	DATA 	Keypress: space
0.9902 	EXP 	task_instructions: autoDraw = False
0.9902 	EXP 	state_pics: ori = 0.0
0.9902 	EXP 	state_pics: image = 'states/Virginia-Outline-Map.jpg'
1.4446 	EXP 	stimuli_prompt: autoDraw = True
1.4446 	EXP 	state_pics: autoDraw = True
1.4446 	EXP 	us_state_response: autoDraw = True
3.1548 	DATA 	Keypress: g
3.2733 	DATA 	Keypress: o
3.3899 	DATA 	Keypress: o
3.4615 	DATA 	Keypress: d
8.4381 	EXP 	New trial (rep=0, index=1): <Trial 1 (1 in rep 0) data={'image_file': 'states/Mississippi-Outline-Map.jpg', 'correct_answer': 'Mississippi', 'thisN': 1, 'thisTrialN': 1, 'thisRepN': 0}>
8.5107 	EXP 	stimuli_prompt: autoDraw = False
8.5107 	EXP 	state_pics: autoDraw = False
8.5107 	EXP 	us_state_response: autoDraw = False
8.5107 	EXP 	state_pics: ori = 0.0
8.5107 	EXP 	state_pics: image = 'states/Mississippi-Outline-Map.jpg'
8.9522 	EXP 	stimuli_prompt: autoDraw = True
8.9522 	EXP 	state_pics: autoDraw = True
8.9522 	EXP 	us_state_response: autoDraw = True
10.5779 	DATA 	Keypress: t
10.6913 	DATA 	Keypress: o
10.8535 	DATA 	Keypress: o
11.0416 	DATA 	Keypress: space
11.5959 	DATA 	Keypress: w
11.7350 	DATA 	Keypress: i
11.8280 	DATA 	Keypress: d
11.9665 	DATA 	Keypress: e
15.9484 	EXP 	New trial (rep=0, index=2): <Trial 2 (2 in rep 0) data={'image_file': 'states/Kentucky-Outline-Map.jpg', 'correct_answer': 'Kentucky', 'thisN': 2, 'thisTrialN': 2, 'thisRepN': 0}>
16.0019 	EXP 	stimuli_prompt: autoDraw = False
16.0019 	EXP 	state_pics: autoDraw = False
16.0019 	EXP 	us_state_response: autoDraw = False
16.0019 	EXP 	state_pics: ori = 0.0
16.0019 	EXP 	state_pics: image = 'states/Kentucky-Outline-Map.jpg'
16.4352 	EXP 	stimuli_prompt: autoDraw = True
16.4352 	EXP 	state_pics: autoDraw = True
16.4352 	EXP 	us_state_response: autoDraw = True
17.5909 	DATA 	Keypress: g
17.6811 	DATA 	Keypress: o
17.7964 	DATA 	Keypress: o
17.8915 	DATA 	Keypress: d
23.4270 	EXP 	New trial (rep=0, index=3): <Trial 3 (3 in rep 0) data={'image_file': 'states/Maryland-Outline-Map.jpg', 'correct_answer': 'Maryland', 'thisN': 3, 'thisTrialN': 3, 'thisRepN': 0}>
23.4942 	EXP 	stimuli_prompt: autoDraw = False
23.4942 	EXP 	state_pics: autoDraw = False
23.4942 	EXP 	us_state_response: autoDraw = False
23.4942 	EXP 	state_pics: ori = 0.0
23.4942 	EXP 	state_pics: image = 'states/Maryland-Outline-Map.jpg'
23.9433 	EXP 	stimuli_prompt: autoDraw = True
23.9433 	EXP 	state_pics: autoDraw = True
23.9433 	EXP 	us_state_response: autoDraw = True
26.1006 	DATA 	Keypress: g
26.1920 	DATA 	Keypress: o
26.3299 	DATA 	Keypress: o
26.3989 	DATA 	Keypress: d
30.9320 	EXP 	New trial (rep=0, index=4): <Trial 4 (4 in rep 0) data={'image_file': 'states/Tennessee-Outline-Map.jpg', 'correct_answer': 'Tennessee', 'thisN': 4, 'thisTrialN': 4, 'thisRepN': 0}>
31.0014 	EXP 	stimuli_prompt: autoDraw = False
31.0014 	EXP 	state_pics: autoDraw = False
31.0014 	EXP 	us_state_response: autoDraw = False
31.0014 	EXP 	state_pics: ori = 0.0
31.0014 	EXP 	state_pics: image = 'states/Tennessee-Outline-Map.jpg'
31.4494 	EXP 	stimuli_prompt: autoDraw = True
31.4494 	EXP 	state_pics: autoDraw = True
31.4494 	EXP 	us_state_response: autoDraw = True
32.9088 	DATA 	Keypress: g
32.9982 	DATA 	Keypress: o
33.1359 	DATA 	Keypress: o
33.2274 	DATA 	Keypress: d
38.4385 	EXP 	New trial (rep=0, index=5): <Trial 5 (5 in rep 0) data={'image_file': 'states/Alaska-Outline-Map.jpg', 'correct_answer': 'Alaska', 'thisN': 5, 'thisTrialN': 5, 'thisRepN': 0}>
38.4981 	EXP 	stimuli_prompt: autoDraw = False
38.4981 	EXP 	state_pics: autoDraw = False
38.4981 	EXP 	us_state_response: autoDraw = False
38.4981 	EXP 	state_pics: ori = 0.0
38.4981 	EXP 	state_pics: image = 'states/Alaska-Outline-Map.jpg'
38.9419 	EXP 	stimuli_prompt: autoDraw = True
38.9419 	EXP 	state_pics: autoDraw = True
38.9419 	EXP 	us_state_response: autoDraw = True
40.1193 	DATA 	Keypress: g
40.2538 	DATA 	Keypress: o
40.3670 	DATA 	Keypress: o
40.4573 	DATA 	Keypress: d
45.9323 	EXP 	New trial (rep=0, index=6): <Trial 6 (6 in rep 0) data={'image_file': 'states/Nebraska-Outline-Map.jpg', 'correct_answer': 'Nebraska', 'thisN': 6, 'thisTrialN': 6, 'thisRepN': 0}>
45.9857 	EXP 	stimuli_prompt: autoDraw = False
45.9857 	EXP 	state_pics: autoDraw = False
45.9857 	EXP 	us_state_response: autoDraw = False
45.9857 	EXP 	state_pics: ori = 0.0
45.9857 	EXP 	state_pics: image = 'states/Nebraska-Outline-Map.jpg'
46.4498 	EXP 	stimuli_prompt: autoDraw = True
46.4498 	EXP 	state_pics: autoDraw = True
46.4498 	EXP 	us_state_response: autoDraw = True
48.5592 	DATA 	Keypress: g
48.6482 	DATA 	Keypress: o
48.7605 	DATA 	Keypress: o
48.8740 	DATA 	Keypress: d
53.4322 	EXP 	New trial (rep=0, index=7): <Trial 7 (7 in rep 0) data={'image_file': 'states/Oklahoma-Outline-Map.jpg', 'correct_answer': 'Oklahoma', 'thisN': 7, 'thisTrialN': 7, 'thisRepN': 0}>
53.4977 	EXP 	stimuli_prompt: autoDraw = False
53.4977 	EXP 	state_pics: autoDraw = False
53.4977 	EXP 	us_state_response: autoDraw = False
53.4977 	EXP 	state_pics: ori = 0.0
53.4977 	EXP 	state_pics: image = 'states/Oklahoma-Outline-Map.jpg'
53.9353 	EXP 	stimuli_prompt: autoDraw = True
53.9353 	EXP 	state_pics: autoDraw = True
53.9353 	EXP 	us_state_response: autoDraw = True
55.1452 	DATA 	Keypress: g
55.2749 	DATA 	Keypress: o
55.3879 	DATA 	Keypress: o
55.4768 	DATA 	Keypress: d
60.9350 	EXP 	New trial (rep=0, index=8): <Trial 8 (8 in rep 0) data={'image_file': 'states/Ohio-Outline-Map.jpg', 'correct_answer': 'Ohio', 'thisN': 8, 'thisTrialN': 8, 'thisRepN': 0}>
61.0506 	EXP 	stimuli_prompt: autoDraw = False
61.0506 	EXP 	state_pics: autoDraw = False
61.0506 	EXP 	us_state_response: autoDraw = False
61.0506 	EXP 	state_pics: ori = 0.0
61.0506 	EXP 	state_pics: image = 'states/Ohio-Outline-Map.jpg'
61.4425 	EXP 	stimuli_prompt: autoDraw = True
61.4425 	EXP 	state_pics: autoDraw = True
61.4425 	EXP 	us_state_response: autoDraw = True
63.2037 	DATA 	Keypress: a
63.4038 	DATA 	Keypress: space
63.5355 	DATA 	Keypress: l
63.7145 	DATA 	Keypress: i
63.8037 	DATA 	Keypress: t
63.9378 	DATA 	Keypress: t
64.0047 	DATA 	Keypress: l
64.0939 	DATA 	Keypress: e
64.1606 	DATA 	Keypress: space
64.3156 	DATA 	Keypress: t
64.4271 	DATA 	Keypress: o
64.5602 	DATA 	Keypress: o
64.6499 	DATA 	Keypress: d
64.8952 	DATA 	Keypress: space
65.2505 	DATA 	Keypress: backspace
65.4082 	DATA 	Keypress: backspace
65.7849 	DATA 	Keypress: space
65.9176 	DATA 	Keypress: w
66.0061 	DATA 	Keypress: i
66.0072 	DATA 	Keypress: u
66.1202 	DATA 	Keypress: d
66.2300 	DATA 	Keypress: e
67.1640 	DATA 	Keypress: backspace
67.2979 	DATA 	Keypress: backspace
67.5418 	DATA 	Keypress: d
67.7869 	DATA 	Keypress: backspace
67.9426 	DATA 	Keypress: d
68.4305 	EXP 	New trial (rep=0, index=9): <Trial 9 (9 in rep 0) data={'image_file': 'states/South-Dakota-Outline-Map.jpg', 'correct_answer': 'South Dakota', 'thisN': 9, 'thisTrialN': 9, 'thisRepN': 0}>
68.4987 	EXP 	stimuli_prompt: autoDraw = False
68.4987 	EXP 	state_pics: autoDraw = False
68.4987 	EXP 	us_state_response: autoDraw = False
68.4987 	EXP 	state_pics: ori = 0.0
68.4987 	EXP 	state_pics: image = 'states/South-Dakota-Outline-Map.jpg'
68.9341 	EXP 	stimuli_prompt: autoDraw = True
68.9341 	EXP 	state_pics: autoDraw = True
68.9341 	EXP 	us_state_response: autoDraw = True
70.5364 	DATA 	Keypress: a
70.6480 	DATA 	Keypress: space
70.7804 	DATA 	Keypress: l
70.9133 	DATA 	Keypress: i
71.0026 	DATA 	Keypress: t
71.1348 	DATA 	Keypress: t
71.2017 	DATA 	Keypress: l
71.3134 	DATA 	Keypress: e
71.4236 	DATA 	Keypress: space
71.5805 	DATA 	Keypress: t
71.6899 	DATA 	Keypress: o
71.8241 	DATA 	Keypress: o
72.0006 	DATA 	Keypress: space
72.0252 	DATA 	Keypress: w
72.1560 	DATA 	Keypress: i
72.2444 	DATA 	Keypress: d
72.3774 	DATA 	Keypress: e
75.9283 	EXP 	New trial (rep=0, index=10): <Trial 10 (10 in rep 0) data={'image_file': 'states/North-Carolina-Outline-Map.jpg', 'correct_answer': 'North Carolina', 'thisN': 10, 'thisTrialN': 10, 'thisRepN': 0}>
75.9756 	EXP 	stimuli_prompt: autoDraw = False
75.9756 	EXP 	state_pics: autoDraw = False
75.9756 	EXP 	us_state_response: autoDraw = False
75.9756 	EXP 	state_pics: ori = 0.0
75.9756 	EXP 	state_pics: image = 'states/North-Carolina-Outline-Map.jpg'
76.4375 	EXP 	stimuli_prompt: autoDraw = True
76.4375 	EXP 	state_pics: autoDraw = True
76.4375 	EXP 	us_state_response: autoDraw = True
79.6173 	DATA 	Keypress: o
79.8371 	DATA 	Keypress: k
79.9478 	DATA 	Keypress: a
80.0790 	DATA 	Keypress: y
83.4454 	INFO 	Keyboard events cleared
83.4449 	EXP 	stimuli_prompt: autoDraw = False
83.4449 	EXP 	state_pics: autoDraw = False
83.4449 	EXP 	us_state_response: autoDraw = False
83.4449 	EXP 	stimuli_prompt: autoDraw = False
83.4449 	EXP 	state_pics: autoDraw = False
83.4449 	EXP 	us_state_response: autoDraw = False
83.4449 	EXP 	text: autoDraw = True
84.4577 	EXP 	text: autoDraw = False
84.6130 	DATA 	Keypress: escape
84.7445 	EXP 	state_naming_task: status = STOPPED
84.7660 	EXP 	state_naming_task: status = STOPPED
84.8088 	INFO 	saved data to 'C:\\Users\\josef\\OneDrive\\Desktop\\Filler Task for TOT Study\\data/402458_state_naming_task_2025-04-11_19h58.44.287.csv'
84.8104 	INFO 	saved data to C:\Users\josef\OneDrive\Desktop\Filler Task for TOT Study\data/402458_state_naming_task_2025-04-11_19h58.44.287.psydat
