8.5925 	INFO 	Loaded monitor calibration from ['2025_04_09 10:33']
8.6360 	WARNING 	User requested fullscreen with size [1536  960], but screen is actually [1920, 1200]. Using actual size
9.2621 	EXP 	Created window1 = Window(allowGUI=False, allowStencil=True, autoLog=True, backendConf=UNKNOWN, backgroundFit=<method-wrapper '__getattribute__' of attributeSetter object at 0x000001D21270CF40>, backgroundImage=<method-wrapper '__getattribute__' of attributeSetter object at 0x000001D21270CEE0>, bitsMode=UNKNOWN, blendMode='avg', bpc=(8, 8, 8), color=array([1., 1., 1.]), colorSpace='rgb', depthBits=8, fullscr=True, gamma=None, gammaErrorPolicy='raise', infoMsg=UNKNOWN, lms=UNKNOWN, monitor=<psychopy.monitors.calibTools.Monitor object at 0x000001D2127F2860>, multiSample=False, name='window1', numSamples=2, pos=[0.0, 0.0], screen=0, size=array([1920, 1200]), stencilBits=8, stereo=False, title='PsychoPy', units='height', useFBO=True, useRetina=False, viewOri=0.0, viewPos=None, viewScale=None, waitBlanking=True, winType='pyglet')
9.2622 	EXP 	window1: backgroundImage = ''
9.2622 	EXP 	window1: backgroundFit = 'none'
9.3637 	EXP 	window1: Attempting to measure frame rate of screen (0) ...
9.3638 	EXP 	window1: recordFrameIntervals = False
9.6008 	EXP 	window1: recordFrameIntervals = True
9.7845 	EXP 	Screen (0) actual frame rate measured at 60.09Hz
9.7846 	EXP 	window1: recordFrameIntervals = False
13.5415 	INFO 	keyboard.Keyboard is using iohub backend.
13.5416 	INFO 	keyboard.Keyboard is using iohub backend.
13.5416 	EXP 	state_naming_task: status = STARTED
13.7846 	EXP 	Created task_instructions = TextStim(__class__=<class 'psychopy.visual.text.TextStim'>, alignHoriz=method-wrapper(...), alignText='center', alignVert=method-wrapper(...), anchorHoriz='center', anchorVert='center', antialias=True, autoDraw=False, autoLog=True, bold=False, color=array([-1., -1., -1.]), colorSpace='rgb', contrast=1.0, depth=0.0, draggable=False, flipHoriz=False, flipVert=False, font='Arial', fontFiles=[], height=0.05, italic=False, languageStyle='LTR', name='task_instructions', opacity=1, ori=0.0, pos=array([0., 0.]), rgb=UNKNOWN, text=str(...), units='height', win=Window(...), wrapWidth=1)
13.8416 	EXP 	Created image = ImageStim(__class__=<class 'psychopy.visual.image.ImageStim'>, anchor=('center', 'center'), autoLog=True, color=array([1., 1., 1.]), colorSpace='rgb', contrast=1.0, depth=0.0, draggable=False, flipHoriz=False, flipVert=False, image=str(...), interpolate=True, mask=None, maskParams=None, name='image', opacity=1, ori=0.0, pos=array([0., 0.]), size=array([0.5, 0.5]), texRes=128.0, units='height', win=Window(...))
13.8531 	EXP 	Created stimuli_prompt = TextStim(__class__=<class 'psychopy.visual.text.TextStim'>, alignHoriz=method-wrapper(...), alignText='center', alignVert=method-wrapper(...), anchorHoriz='center', anchorVert='center', antialias=True, autoDraw=False, autoLog=True, bold=False, color=array([1., 1., 1.]), colorSpace='rgb', contrast=1.0, depth=-1.0, draggable=False, flipHoriz=False, flipVert=False, font='Arial', fontFiles=[], height=0.05, italic=False, languageStyle='LTR', name='stimuli_prompt', opacity=1, ori=0.0, pos=array([0., 0.]), rgb=UNKNOWN, text='What is the name of this U.S. State?', units='height', win=Window(...), wrapWidth=1)
0.0863 	EXP 	textbox: autoLog = True
0.1037 	INFO 	Keyboard events cleared
0.1033 	EXP 	task_instructions: autoDraw = True
14.7460 	DATA 	Keypress: space
14.7789 	EXP 	task_instructions: autoDraw = False
15.2616 	EXP 	image: autoDraw = True
15.2616 	EXP 	stimuli_prompt: autoDraw = True
15.2616 	EXP 	textbox: autoDraw = True
21.4338 	DATA 	Keypress: lshift
21.4339 	DATA 	Keypress: capslock
22.2364 	DATA 	Keypress: a
22.5511 	DATA 	Keypress: l
22.6674 	DATA 	Keypress: a
23.3505 	DATA 	Keypress: backspace
23.4509 	DATA 	Keypress: backspace
23.6010 	DATA 	Keypress: backspace
23.8343 	DATA 	Keypress: capslock
24.2018 	DATA 	Keypress: lshift
24.3682 	DATA 	Keypress: a
24.5685 	DATA 	Keypress: l
24.6684 	DATA 	Keypress: a
25.1183 	DATA 	Keypress: b
25.2685 	DATA 	Keypress: a
25.4014 	DATA 	Keypress: m
25.5021 	DATA 	Keypress: a
27.9688 	DATA 	Mouse: Left button down, pos=(1245,813)
28.0689 	DATA 	Mouse:  Left button up, pos=(1245,813)
30.2649 	EXP 	image: autoDraw = False
30.2649 	EXP 	stimuli_prompt: autoDraw = False
30.2649 	EXP 	textbox: autoDraw = False
30.2650 	EXP 	state_naming_task: status = STOPPED
30.2897 	INFO 	saved data to 'C:\\Users\\josef\\OneDrive\\Desktop\\Filler Task for TOT Study\\data/409074_state_naming_task_2025-04-11_11h51.48.554.csv'
30.2907 	INFO 	saved data to C:\Users\josef\OneDrive\Desktop\Filler Task for TOT Study\data/409074_state_naming_task_2025-04-11_11h51.48.554.psydat
