6.8929 	INFO 	Loaded monitor calibration from ['2025_04_09 10:33']
6.9085 	WARNING 	User requested fullscreen with size [1536  960], but screen is actually [1920, 1200]. Using actual size
7.3468 	EXP 	Created window1 = Window(allowGUI=False, allowStencil=True, autoLog=True, backendConf=UNKNOWN, backgroundFit=<method-wrapper '__getattribute__' of attributeSetter object at 0x00000254E2811F60>, backgroundImage=<method-wrapper '__getattribute__' of attributeSetter object at 0x00000254E2811FC0>, bitsMode=UNKNOWN, blendMode='avg', bpc=(8, 8, 8), color=array([1., 1., 1.]), colorSpace='rgb', depthBits=8, fullscr=True, gamma=None, gammaErrorPolicy='raise', infoMsg=UNKNOWN, lms=UNKNOWN, monitor=<psychopy.monitors.calibTools.Monitor object at 0x00000254E28F20E0>, multiSample=False, name='window1', numSamples=2, pos=[0.0, 0.0], screen=0, size=array([1920, 1200]), stencilBits=8, stereo=False, title='PsychoPy', units='height', useFBO=True, useRetina=False, viewOri=0.0, viewPos=None, viewScale=None, waitBlanking=True, winType='pyglet')
7.3468 	EXP 	window1: backgroundImage = ''
7.3468 	EXP 	window1: backgroundFit = 'none'
7.4261 	EXP 	window1: Attempting to measure frame rate of screen (0) ...
7.4262 	EXP 	window1: recordFrameIntervals = False
7.6599 	EXP 	window1: recordFrameIntervals = True
7.8438 	EXP 	Screen (0) actual frame rate measured at 59.84Hz
7.8439 	EXP 	window1: recordFrameIntervals = False
11.4798 	INFO 	keyboard.Keyboard is using iohub backend.
11.4799 	INFO 	keyboard.Keyboard is using iohub backend.
11.4799 	INFO 	keyboard.Keyboard is using iohub backend.
11.4799 	EXP 	state_naming_task: status = STARTED
11.5761 	EXP 	Created task_instructions = TextStim(__class__=<class 'psychopy.visual.text.TextStim'>, alignHoriz=method-wrapper(...), alignText='center', alignVert=method-wrapper(...), anchorHoriz='center', anchorVert='center', antialias=True, autoDraw=False, autoLog=True, bold=False, color=array([-1., -1., -1.]), colorSpace='rgb', contrast=1.0, depth=0.0, draggable=False, flipHoriz=False, flipVert=False, font='Arial', fontFiles=[], height=0.05, italic=False, languageStyle='LTR', name='task_instructions', opacity=1, ori=0.0, pos=array([0., 0.]), rgb=UNKNOWN, text=str(...), units='height', win=Window(...), wrapWidth=1)
11.6881 	EXP 	Created image = ImageStim(__class__=<class 'psychopy.visual.image.ImageStim'>, anchor=('center', 'center'), autoLog=True, color=array([1., 1., 1.]), colorSpace='rgb', contrast=1.0, depth=0.0, draggable=False, flipHoriz=False, flipVert=False, image=str(...), interpolate=True, mask=None, maskParams=None, name='image', opacity=1, ori=0.0, pos=array([0.  , 0.25]), size=array([0.5, 0.5]), texRes=128.0, units='height', win=Window(...))
0.0243 	EXP 	textbox: autoLog = True
0.0515 	INFO 	Keyboard events cleared
0.0511 	EXP 	task_instructions: autoDraw = True
2.0414 	DATA 	Keypress: space
2.0513 	EXP 	task_instructions: autoDraw = False
2.5522 	INFO 	Keyboard events cleared
2.5518 	EXP 	image: autoDraw = True
2.5518 	EXP 	textbox: autoDraw = True
15.4398 	DATA 	Keypress: escape
15.6208 	EXP 	state_naming_task: status = STOPPED
15.6349 	EXP 	image: autoDraw = False
15.6349 	EXP 	textbox: autoDraw = False
15.6350 	EXP 	state_naming_task: status = STOPPED
15.6608 	INFO 	saved data to 'C:\\Users\\josef\\OneDrive\\Desktop\\Filler Task for TOT Study\\data/427133_state_naming_task_2025-04-11_10h47.59.366.csv'
15.6620 	INFO 	saved data to C:\Users\josef\OneDrive\Desktop\Filler Task for TOT Study\data/427133_state_naming_task_2025-04-11_10h47.59.366.psydat
