6.3467 	INFO 	Loaded monitor calibration from ['2025_04_09 10:33']
6.3588 	WARNING 	User requested fullscreen with size [1536  960], but screen is actually [1920, 1200]. Using actual size
6.7836 	EXP 	Created window1 = Window(allowGUI=False, allowStencil=True, autoLog=True, backendConf=UNKNOWN, backgroundFit=<method-wrapper '__getattribute__' of attributeSetter object at 0x0000016FAB4A2680>, backgroundImage=<method-wrapper '__getattribute__' of attributeSetter object at 0x0000016FAB4A2800>, bitsMode=UNKNOWN, blendMode='avg', bpc=(8, 8, 8), color=array([1., 1., 1.]), colorSpace='rgb', depthBits=8, fullscr=True, gamma=None, gammaErrorPolicy='raise', infoMsg=UNKNOWN, lms=UNKNOWN, monitor=<psychopy.monitors.calibTools.Monitor object at 0x0000016FAB582020>, multiSample=False, name='window1', numSamples=2, pos=[0.0, 0.0], screen=0, size=array([1920, 1200]), stencilBits=8, stereo=False, title='PsychoPy', units='height', useFBO=True, useRetina=False, viewOri=0.0, viewPos=None, viewScale=None, waitBlanking=True, winType='pyglet')
6.7837 	EXP 	window1: backgroundImage = ''
6.7838 	EXP 	window1: backgroundFit = 'none'
6.8622 	EXP 	window1: Attempting to measure frame rate of screen (0) ...
6.8623 	EXP 	window1: recordFrameIntervals = False
7.1067 	EXP 	window1: recordFrameIntervals = True
7.2900 	EXP 	Screen (0) actual frame rate measured at 60.08Hz
7.2900 	EXP 	window1: recordFrameIntervals = False
10.7283 	INFO 	keyboard.Keyboard is using iohub backend.
10.7285 	INFO 	keyboard.Keyboard is using iohub backend.
10.7286 	INFO 	keyboard.Keyboard is using iohub backend.
10.7286 	EXP 	state_naming_task: status = STARTED
10.8302 	EXP 	Created task_instructions = TextStim(__class__=<class 'psychopy.visual.text.TextStim'>, alignHoriz=method-wrapper(...), alignText='center', alignVert=method-wrapper(...), anchorHoriz='center', anchorVert='center', antialias=True, autoDraw=False, autoLog=True, bold=False, color=array([-1., -1., -1.]), colorSpace='rgb', contrast=1.0, depth=0.0, draggable=False, flipHoriz=False, flipVert=False, font='Arial', fontFiles=[], height=0.05, italic=False, languageStyle='LTR', name='task_instructions', opacity=1, ori=0.0, pos=array([0., 0.]), rgb=UNKNOWN, text=str(...), units='height', win=Window(...), wrapWidth=1)
10.8769 	EXP 	Created image = ImageStim(__class__=<class 'psychopy.visual.image.ImageStim'>, anchor=('center', 'center'), autoLog=True, color=array([1., 1., 1.]), colorSpace='rgb', contrast=1.0, depth=0.0, draggable=False, flipHoriz=False, flipVert=False, image=str(...), interpolate=True, mask=None, maskParams=None, name='image', opacity=1, ori=0.0, pos=array([0., 0.]), size=array([0.5, 0.5]), texRes=128.0, units='height', win=Window(...))
0.0348 	DATA 	Mouse: Left button down, pos=(1796,45)
0.0355 	DATA 	Mouse:  Left button up, pos=(1919,195)
0.0415 	EXP 	textbox: autoLog = True
0.0465 	INFO 	Keyboard events cleared
0.0461 	EXP 	task_instructions: autoDraw = True
1.8310 	DATA 	Mouse: Left button down, pos=(1822,160)
2.0491 	DATA 	Mouse:  Left button up, pos=(1900,1)
8.0196 	DATA 	Keypress: escape
8.2309 	EXP 	state_naming_task: status = STOPPED
8.2456 	EXP 	task_instructions: autoDraw = False
8.2457 	EXP 	state_naming_task: status = STOPPED
8.2699 	INFO 	saved data to 'C:\\Users\\josef\\OneDrive\\Desktop\\Filler Task for TOT Study\\data/434010_state_naming_task_2025-04-11_10h50.15.859.csv'
8.2708 	INFO 	saved data to C:\Users\josef\OneDrive\Desktop\Filler Task for TOT Study\data/434010_state_naming_task_2025-04-11_10h50.15.859.psydat
