6.3418 	INFO 	Loaded monitor calibration from ['2025_04_09 10:33']
6.3535 	WARNING 	User requested fullscreen with size [1920 1080], but screen is actually [1920, 1200]. Using actual size
6.7886 	EXP 	Created window1 = Window(allowGUI=False, allowStencil=True, autoLog=True, backendConf=UNKNOWN, backgroundFit=<method-wrapper '__getattribute__' of attributeSetter object at 0x0000017DA49C1F60>, backgroundImage=<method-wrapper '__getattribute__' of attributeSetter object at 0x0000017DA49C1FC0>, bitsMode=UNKNOWN, blendMode='avg', bpc=(8, 8, 8), color=array([1., 1., 1.]), colorSpace='rgb', depthBits=8, fullscr=True, gamma=None, gammaErrorPolicy='raise', infoMsg=UNKNOWN, lms=UNKNOWN, monitor=<psychopy.monitors.calibTools.Monitor object at 0x0000017DA4AA1FF0>, multiSample=False, name='window1', numSamples=2, pos=[0.0, 0.0], screen=0, size=array([1920, 1200]), stencilBits=8, stereo=False, title='PsychoPy', units='height', useFBO=True, useRetina=False, viewOri=0.0, viewPos=None, viewScale=None, waitBlanking=True, winType='pyglet')
6.7887 	EXP 	window1: backgroundImage = ''
6.7887 	EXP 	window1: backgroundFit = 'none'
6.8677 	EXP 	window1: Attempting to measure frame rate of screen (0) ...
6.8678 	EXP 	window1: recordFrameIntervals = False
7.1097 	EXP 	window1: recordFrameIntervals = True
7.2931 	EXP 	Screen (0) actual frame rate measured at 60.02Hz
7.2932 	EXP 	window1: recordFrameIntervals = False
11.0312 	INFO 	keyboard.Keyboard is using iohub backend.
11.0313 	INFO 	keyboard.Keyboard is using iohub backend.
11.0314 	INFO 	keyboard.Keyboard is using iohub backend.
11.0314 	EXP 	state_naming_task: status = STARTED
11.1363 	EXP 	Created task_instructions = TextStim(__class__=<class 'psychopy.visual.text.TextStim'>, alignHoriz=method-wrapper(...), alignText='center', alignVert=method-wrapper(...), anchorHoriz='center', anchorVert='center', antialias=True, autoDraw=False, autoLog=True, bold=False, color=array([-1., -1., -1.]), colorSpace='rgb', contrast=1.0, depth=0.0, draggable=False, flipHoriz=False, flipVert=False, font='Arial', fontFiles=[], height=0.05, italic=False, languageStyle='LTR', name='task_instructions', opacity=1, ori=0.0, pos=array([0., 0.]), rgb=UNKNOWN, text=str(...), units='height', win=Window(...), wrapWidth=1)
11.2080 	EXP 	Created image = ImageStim(__class__=<class 'psychopy.visual.image.ImageStim'>, anchor=('center', 'center'), autoLog=True, color=array([1., 1., 1.]), colorSpace='rgb', contrast=1.0, depth=0.0, draggable=False, flipHoriz=False, flipVert=False, image=str(...), interpolate=True, mask=None, maskParams=None, name='image', opacity=1, ori=0.0, pos=array([0., 0.]), size=array([0.5, 0.5]), texRes=128.0, units='height', win=Window(...))
0.0063 	EXP 	textbox: autoLog = True
0.0232 	INFO 	Keyboard events cleared
0.0228 	EXP 	task_instructions: autoDraw = True
1.7324 	DATA 	Keypress: space
1.7415 	EXP 	task_instructions: autoDraw = False
2.2429 	INFO 	Keyboard events cleared
2.2422 	EXP 	image: autoDraw = True
2.2422 	EXP 	textbox: autoDraw = True
9.3140 	DATA 	Keypress: escape
9.4936 	EXP 	state_naming_task: status = STOPPED
9.5081 	EXP 	image: autoDraw = False
9.5081 	EXP 	textbox: autoDraw = False
9.5083 	EXP 	state_naming_task: status = STOPPED
9.5113 	INFO 	saved data to 'C:\\Users\\josef\\OneDrive\\Desktop\\Filler Task for TOT Study\\data/550726_state_naming_task_2025-04-11_10h42.41.816.csv'
9.5126 	INFO 	saved data to C:\Users\josef\OneDrive\Desktop\Filler Task for TOT Study\data/550726_state_naming_task_2025-04-11_10h42.41.816.psydat
