6.4097 	INFO 	Loaded monitor calibration from ['2025_04_09 10:33']
6.4227 	WARNING 	User requested fullscreen with size [1920 1080], but screen is actually [1920, 1200]. Using actual size
6.8657 	EXP 	Created window1 = Window(allowGUI=False, allowStencil=True, autoLog=True, backendConf=UNKNOWN, backgroundFit=<method-wrapper '__getattribute__' of attributeSetter object at 0x000001F6EAF7A590>, backgroundImage=<method-wrapper '__getattribute__' of attributeSetter object at 0x000001F6EAF7A530>, bitsMode=UNKNOWN, blendMode='avg', bpc=(8, 8, 8), color=array([1., 1., 1.]), colorSpace='rgb', depthBits=8, fullscr=True, gamma=None, gammaErrorPolicy='raise', infoMsg=UNKNOWN, lms=UNKNOWN, monitor=<psychopy.monitors.calibTools.Monitor object at 0x000001F6EB032020>, multiSample=False, name='window1', numSamples=2, pos=[0.0, 0.0], screen=0, size=array([1920, 1200]), stencilBits=8, stereo=False, title='PsychoPy', units='height', useFBO=True, useRetina=False, viewOri=0.0, viewPos=None, viewScale=None, waitBlanking=True, winType='pyglet')
6.8658 	EXP 	window1: backgroundImage = ''
6.8658 	EXP 	window1: backgroundFit = 'none'
6.9528 	EXP 	window1: Attempting to measure frame rate of screen (0) ...
6.9529 	EXP 	window1: recordFrameIntervals = False
7.1953 	EXP 	window1: recordFrameIntervals = True
7.3786 	EXP 	Screen (0) actual frame rate measured at 60.20Hz
7.3787 	EXP 	window1: recordFrameIntervals = False
10.8125 	INFO 	keyboard.Keyboard is using iohub backend.
10.8125 	INFO 	keyboard.Keyboard is using iohub backend.
10.8126 	INFO 	keyboard.Keyboard is using iohub backend.
10.8126 	EXP 	state_naming_task: status = STARTED
10.9105 	EXP 	Created task_instructions = TextStim(__class__=<class 'psychopy.visual.text.TextStim'>, alignHoriz=method-wrapper(...), alignText='center', alignVert=method-wrapper(...), anchorHoriz='center', anchorVert='center', antialias=True, autoDraw=False, autoLog=True, bold=False, color=array([-1., -1., -1.]), colorSpace='rgb', contrast=1.0, depth=0.0, draggable=False, flipHoriz=False, flipVert=False, font='Arial', fontFiles=[], height=0.05, italic=False, languageStyle='LTR', name='task_instructions', opacity=1, ori=0.0, pos=array([0., 0.]), rgb=UNKNOWN, text=str(...), units='height', win=Window(...), wrapWidth=1)
10.9599 	EXP 	Created image = ImageStim(__class__=<class 'psychopy.visual.image.ImageStim'>, anchor=('center', 'center'), autoLog=True, color=array([1., 1., 1.]), colorSpace='rgb', contrast=1.0, depth=0.0, draggable=False, flipHoriz=False, flipVert=False, image=str(...), interpolate=True, mask=None, maskParams=None, name='image', opacity=1, ori=0.0, pos=array([0.  , 0.25]), size=array([0.5, 0.5]), texRes=128.0, units='height', win=Window(...))
0.0064 	EXP 	textbox: autoLog = True
0.0109 	INFO 	Keyboard events cleared
0.0105 	EXP 	task_instructions: autoDraw = True
5.4154 	DATA 	Keypress: space
5.4242 	EXP 	task_instructions: autoDraw = False
5.9253 	INFO 	Keyboard events cleared
5.9249 	EXP 	image: autoDraw = True
5.9249 	EXP 	textbox: autoDraw = True
24.8133 	DATA 	Keypress: escape
24.9935 	EXP 	state_naming_task: status = STOPPED
25.0086 	EXP 	image: autoDraw = False
25.0086 	EXP 	textbox: autoDraw = False
25.0088 	EXP 	state_naming_task: status = STOPPED
25.0239 	INFO 	saved data to 'C:\\Users\\josef\\OneDrive\\Desktop\\Filler Task for TOT Study\\data/631145_state_naming_task_2025-04-11_10h44.11.305.csv'
25.0249 	INFO 	saved data to C:\Users\josef\OneDrive\Desktop\Filler Task for TOT Study\data/631145_state_naming_task_2025-04-11_10h44.11.305.psydat
