6.6427 	INFO 	Loaded monitor calibration from ['2025_04_09 10:33']
6.6606 	WARNING 	User requested fullscreen with size [1536  960], but screen is actually [1920, 1200]. Using actual size
7.0832 	EXP 	Created window1 = Window(allowGUI=False, allowStencil=True, autoLog=True, backendConf=UNKNOWN, backgroundFit=<method-wrapper '__getattribute__' of attributeSetter object at 0x000001D9CD683070>, backgroundImage=<method-wrapper '__getattribute__' of attributeSetter object at 0x000001D9CD6830D0>, bitsMode=UNKNOWN, blendMode='avg', bpc=(8, 8, 8), color=array([1., 1., 1.]), colorSpace='rgb', depthBits=8, fullscr=True, gamma=None, gammaErrorPolicy='raise', infoMsg=UNKNOWN, lms=UNKNOWN, monitor=<psychopy.monitors.calibTools.Monitor object at 0x000001D9CD7628C0>, multiSample=False, name='window1', numSamples=2, pos=[0.0, 0.0], screen=0, size=array([1920, 1200]), stencilBits=8, stereo=False, title='PsychoPy', units='height', useFBO=True, useRetina=False, viewOri=0.0, viewPos=None, viewScale=None, waitBlanking=True, winType='pyglet')
7.0833 	EXP 	window1: backgroundImage = ''
7.0834 	EXP 	window1: backgroundFit = 'none'
7.1569 	EXP 	window1: Attempting to measure frame rate of screen (0) ...
7.1569 	EXP 	window1: recordFrameIntervals = False
7.3968 	EXP 	window1: recordFrameIntervals = True
7.5816 	EXP 	Screen (0) actual frame rate measured at 59.62Hz
7.5817 	EXP 	window1: recordFrameIntervals = False
11.0054 	INFO 	keyboard.Keyboard is using iohub backend.
11.0055 	INFO 	keyboard.Keyboard is using iohub backend.
11.0055 	EXP 	state_naming_task: status = STARTED
11.1094 	EXP 	Created task_instructions = TextStim(__class__=<class 'psychopy.visual.text.TextStim'>, alignHoriz=method-wrapper(...), alignText='center', alignVert=method-wrapper(...), anchorHoriz='center', anchorVert='center', antialias=True, autoDraw=False, autoLog=True, bold=False, color=array([-1., -1., -1.]), colorSpace='rgb', contrast=1.0, depth=0.0, draggable=False, flipHoriz=False, flipVert=False, font='Arial', fontFiles=[], height=0.05, italic=False, languageStyle='LTR', name='task_instructions', opacity=1, ori=0.0, pos=array([0., 0.]), rgb=UNKNOWN, text=str(...), units='height', win=Window(...), wrapWidth=1)
11.1891 	EXP 	Created image = ImageStim(__class__=<class 'psychopy.visual.image.ImageStim'>, anchor=('center', 'center'), autoLog=True, color=array([1., 1., 1.]), colorSpace='rgb', contrast=1.0, depth=0.0, draggable=False, flipHoriz=False, flipVert=False, image=str(...), interpolate=True, mask=None, maskParams=None, name='image', opacity=1, ori=0.0, pos=array([0., 0.]), size=array([0.5, 0.5]), texRes=128.0, units='height', win=Window(...))
11.2000 	EXP 	Created stimuli_prompt = TextStim(__class__=<class 'psychopy.visual.text.TextStim'>, alignHoriz=method-wrapper(...), alignText='center', alignVert=method-wrapper(...), anchorHoriz='center', anchorVert='center', antialias=True, autoDraw=False, autoLog=True, bold=False, color=array([-1., -1., -1.]), colorSpace='rgb', contrast=1.0, depth=-1.0, draggable=False, flipHoriz=False, flipVert=False, font='Arial', fontFiles=[], height=0.05, italic=False, languageStyle='LTR', name='stimuli_prompt', opacity=1, ori=0.0, pos=array([0., 0.]), rgb=UNKNOWN, text='What is the name of this U.S. State?', units='height', win=Window(...), wrapWidth=1)
0.0390 	EXP 	textbox: autoLog = True
0.0484 	INFO 	Keyboard events cleared
0.0480 	EXP 	task_instructions: autoDraw = True
13.5053 	DATA 	Keypress: space
13.5163 	EXP 	task_instructions: autoDraw = False
14.0174 	EXP 	image: autoDraw = True
14.0174 	EXP 	stimuli_prompt: autoDraw = True
14.0174 	EXP 	textbox: autoDraw = True
16.6374 	DATA 	Keypress: escape
16.7355 	EXP 	state_naming_task: status = STOPPED
16.7507 	EXP 	image: autoDraw = False
16.7507 	EXP 	stimuli_prompt: autoDraw = False
16.7507 	EXP 	textbox: autoDraw = False
16.7508 	EXP 	state_naming_task: status = STOPPED
16.7756 	INFO 	saved data to 'C:\\Users\\josef\\OneDrive\\Desktop\\Filler Task for TOT Study\\data/639234_state_naming_task_2025-04-11_11h53.30.466.csv'
16.7765 	INFO 	saved data to C:\Users\josef\OneDrive\Desktop\Filler Task for TOT Study\data/639234_state_naming_task_2025-04-11_11h53.30.466.psydat
