5.8893 	INFO 	Loaded monitor calibration from ['2025_04_09 10:33']
5.9051 	WARNING 	User requested fullscreen with size [1536  960], but screen is actually [1920, 1200]. Using actual size
6.3598 	EXP 	Created window1 = Window(allowGUI=False, allowStencil=True, autoLog=True, backendConf=UNKNOWN, backgroundFit=<method-wrapper '__getattribute__' of attributeSetter object at 0x0000023A065BDB70>, backgroundImage=<method-wrapper '__getattribute__' of attributeSetter object at 0x0000023A065BE020>, bitsMode=UNKNOWN, blendMode='avg', bpc=(8, 8, 8), color=array([1., 1., 1.]), colorSpace='rgb', depthBits=8, fullscr=True, gamma=None, gammaErrorPolicy='raise', infoMsg=UNKNOWN, lms=UNKNOWN, monitor=<psychopy.monitors.calibTools.Monitor object at 0x0000023A13109BD0>, multiSample=False, name='window1', numSamples=2, pos=[0.0, 0.0], screen=0, size=array([1920, 1200]), stencilBits=8, stereo=False, title='PsychoPy', units='height', useFBO=True, useRetina=False, viewOri=0.0, viewPos=None, viewScale=None, waitBlanking=True, winType='pyglet')
6.3599 	EXP 	window1: backgroundImage = ''
6.3599 	EXP 	window1: backgroundFit = 'none'
6.4442 	EXP 	window1: Attempting to measure frame rate of screen (0) ...
6.4443 	EXP 	window1: recordFrameIntervals = False
6.6794 	EXP 	window1: recordFrameIntervals = True
6.8627 	EXP 	Screen (0) actual frame rate measured at 60.07Hz
6.8627 	EXP 	window1: recordFrameIntervals = False
10.1857 	INFO 	keyboard.Keyboard is using iohub backend.
10.1857 	INFO 	keyboard.Keyboard is using iohub backend.
10.1858 	INFO 	keyboard.Keyboard is using iohub backend.
10.1858 	EXP 	state_naming_task: status = STARTED
10.2923 	EXP 	Created task_instructions = TextStim(__class__=<class 'psychopy.visual.text.TextStim'>, alignHoriz=method-wrapper(...), alignText='center', alignVert=method-wrapper(...), anchorHoriz='center', anchorVert='center', antialias=True, autoDraw=False, autoLog=True, bold=False, color=array([-1., -1., -1.]), colorSpace='rgb', contrast=1.0, depth=0.0, draggable=False, flipHoriz=False, flipVert=False, font='Arial', fontFiles=[], height=0.05, italic=False, languageStyle='LTR', name='task_instructions', opacity=1, ori=0.0, pos=array([0., 0.]), rgb=UNKNOWN, text=str(...), units='height', win=Window(...), wrapWidth=1)
10.2967 	EXP 	Created stimuli_prompt = TextStim(__class__=<class 'psychopy.visual.text.TextStim'>, alignHoriz=method-wrapper(...), alignText='center', alignVert=method-wrapper(...), anchorHoriz='center', anchorVert='center', antialias=True, autoDraw=False, autoLog=True, bold=False, color=array([-1., -1., -1.]), colorSpace='rgb', contrast=1.0, depth=0.0, draggable=False, flipHoriz=False, flipVert=False, font='Arial', fontFiles=[], height=0.05, italic=False, languageStyle='LTR', name='stimuli_prompt', opacity=1, ori=0.0, pos=array([0. , 0.4]), rgb=UNKNOWN, text='What is the name of this U.S. State?', units='height', win=Window(...), wrapWidth=1)
10.3017 	EXP 	Created okay_state_pics = ImageStim(__class__=<class 'psychopy.visual.image.ImageStim'>, anchor=('center', 'center'), autoLog=True, color=array([1., 1., 1.]), colorSpace='rgb', contrast=1.0, depth=-1.0, draggable=True, flipHoriz=False, flipVert=False, image='default.png', interpolate=True, mask=None, maskParams=None, name='okay_state_pics', opacity=1, ori=1.0, pos=array([0., 0.]), size=array([0.6, 0.5]), texRes=128.0, units='height', win=Window(...))
10.3342 	EXP 	Created stimuli_prompt_2 = TextStim(__class__=<class 'psychopy.visual.text.TextStim'>, alignHoriz=method-wrapper(...), alignText='center', alignVert=method-wrapper(...), anchorHoriz='center', anchorVert='center', antialias=True, autoDraw=False, autoLog=True, bold=False, color=array([1., 1., 1.]), colorSpace='rgb', contrast=1.0, depth=0.0, draggable=False, flipHoriz=False, flipVert=False, font='Arial', fontFiles=[], height=0.05, italic=False, languageStyle='LTR', name='stimuli_prompt_2', opacity=1, ori=0.0, pos=array([0., 0.]), rgb=UNKNOWN, text='What is the name of this U.S. state?', units='height', win=Window(...), wrapWidth=1)
10.3382 	EXP 	Created wider_state_pics = ImageStim(__class__=<class 'psychopy.visual.image.ImageStim'>, anchor=('center', 'center'), autoLog=True, color=array([1., 1., 1.]), colorSpace='rgb', contrast=1.0, depth=-1.0, draggable=False, flipHoriz=False, flipVert=False, image='default.png', interpolate=True, mask=None, maskParams=None, name='wider_state_pics', opacity=1, ori=0.0, pos=array([0., 0.]), size=array([0.95, 0.5 ]), texRes=128.0, units='height', win=Window(...))
10.3518 	EXP 	Created stimuli_prompt_3 = TextStim(__class__=<class 'psychopy.visual.text.TextStim'>, alignHoriz=method-wrapper(...), alignText='center', alignVert=method-wrapper(...), anchorHoriz='center', anchorVert='center', antialias=True, autoDraw=False, autoLog=True, bold=False, color=array([1., 1., 1.]), colorSpace='rgb', contrast=1.0, depth=0.0, draggable=False, flipHoriz=False, flipVert=False, font='Arial', fontFiles=[], height=0.05, italic=False, languageStyle='LTR', name='stimuli_prompt_3', opacity=1, ori=0.0, pos=array([0., 0.]), rgb=UNKNOWN, text='What is the name of this U.S. state?', units='height', win=Window(...), wrapWidth=1)
10.3559 	EXP 	Created taller_state_pics = ImageStim(__class__=<class 'psychopy.visual.image.ImageStim'>, anchor=('center', 'center'), autoLog=True, color=array([1., 1., 1.]), colorSpace='rgb', contrast=1.0, depth=-1.0, draggable=False, flipHoriz=False, flipVert=False, image='default.png', interpolate=True, mask=None, maskParams=None, name='taller_state_pics', opacity=1, ori=0.0, pos=array([0., 0.]), size=array([0.5 , 0.65]), texRes=128.0, units='height', win=Window(...))
10.3780 	EXP 	Created task_instructions_2 = TextStim(__class__=<class 'psychopy.visual.text.TextStim'>, alignHoriz=method-wrapper(...), alignText='center', alignVert=method-wrapper(...), anchorHoriz='center', anchorVert='center', antialias=True, autoDraw=False, autoLog=True, bold=False, color=array([-1., -1., -1.]), colorSpace='rgb', contrast=1.0, depth=0.0, draggable=False, flipHoriz=False, flipVert=False, font='Arial', fontFiles=[], height=0.05, italic=False, languageStyle='LTR', name='task_instructions_2', opacity=1, ori=0.0, pos=array([0., 0.]), rgb=UNKNOWN, text=str(...), units='height', win=Window(...), wrapWidth=1)
10.3817 	EXP 	Created stimuli_prompt_4 = TextStim(__class__=<class 'psychopy.visual.text.TextStim'>, alignHoriz=method-wrapper(...), alignText='center', alignVert=method-wrapper(...), anchorHoriz='center', anchorVert='center', antialias=True, autoDraw=False, autoLog=True, bold=False, color=array([-1., -1., -1.]), colorSpace='rgb', contrast=1.0, depth=0.0, draggable=False, flipHoriz=False, flipVert=False, font='Arial', fontFiles=[], height=0.05, italic=False, languageStyle='LTR', name='stimuli_prompt_4', opacity=1, ori=0.0, pos=array([0. , 0.4]), rgb=UNKNOWN, text=str(...), units='height', win=Window(...), wrapWidth=1)
10.3945 	EXP 	Created okay_country_pics = ImageStim(__class__=<class 'psychopy.visual.image.ImageStim'>, anchor=('center', 'center'), autoLog=True, color=array([1., 1., 1.]), colorSpace='rgb', contrast=1.0, depth=-2.0, draggable=False, flipHoriz=False, flipVert=False, image='default.png', interpolate=True, mask=None, maskParams=None, name='okay_country_pics', opacity=1, ori=0.0, pos=array([0., 0.]), size=array([0.5, 0.7]), texRes=128.0, units='height', win=Window(...))
10.3980 	EXP 	Created text_2 = TextStim(__class__=<class 'psychopy.visual.text.TextStim'>, alignHoriz=method-wrapper(...), alignText='center', alignVert=method-wrapper(...), anchorHoriz='center', anchorVert='center', antialias=True, autoDraw=False, autoLog=True, bold=False, color=array([1., 1., 1.]), colorSpace='rgb', contrast=1.0, depth=0.0, draggable=False, flipHoriz=False, flipVert=False, font='Arial', fontFiles=[], height=0.05, italic=False, languageStyle='LTR', name='text_2', opacity=1, ori=0.0, pos=array([0. , 0.4]), rgb=UNKNOWN, text=str(...), units='height', win=Window(...), wrapWidth=1)
10.4194 	EXP 	Created tall_country_trials = ImageStim(__class__=<class 'psychopy.visual.image.ImageStim'>, anchor=('center', 'center'), autoLog=True, color=array([1., 1., 1.]), colorSpace='rgb', contrast=1.0, depth=-1.0, draggable=False, flipHoriz=False, flipVert=False, image='south_america/Chile-Country-Outline.jpg', interpolate=True, mask=None, maskParams=None, name='tall_country_trials', opacity=1, ori=0.0, pos=array([0., 0.]), size=array([0.7, 0.7]), texRes=128.0, units='height', win=Window(...))
10.4393 	EXP 	Created text = TextStim(__class__=<class 'psychopy.visual.text.TextStim'>, alignHoriz=method-wrapper(...), alignText='center', alignVert=method-wrapper(...), anchorHoriz='center', anchorVert='center', antialias=True, autoDraw=False, autoLog=True, bold=False, color=array([-1., -1., -1.]), colorSpace='rgb', contrast=1.0, depth=0.0, draggable=False, flipHoriz=False, flipVert=False, font='Arial', fontFiles=[], height=0.05, italic=False, languageStyle='LTR', name='text', opacity=1, ori=0.0, pos=array([0., 0.]), rgb=UNKNOWN, text=str(...), units='height', win=Window(...), wrapWidth=1)
0.0029 	EXP 	us_state_response: autoLog = True
0.0029 	EXP 	us_state_response_2: autoLog = True
0.0029 	EXP 	us_state_response_3: autoLog = True
0.0029 	EXP 	country_response: autoLog = True
0.0029 	EXP 	textbox: autoLog = True
0.0082 	INFO 	Keyboard events cleared
0.0079 	EXP 	task_instructions: autoDraw = True
0.6206 	DATA 	Keypress: space
0.6355 	INFO 	Keyboard events cleared
0.6351 	EXP 	task_instructions: autoDraw = False
0.6351 	EXP 	task_instructions_2: autoDraw = True
1.0278 	DATA 	Keypress: space
1.0482 	EXP 	task_instructions_2: autoDraw = False
1.5431 	EXP 	text_2: autoDraw = True
1.5431 	EXP 	tall_country_trials: autoDraw = True
1.5431 	EXP 	textbox: autoDraw = True
8.5508 	EXP 	text_2: autoDraw = False
8.5508 	EXP 	tall_country_trials: autoDraw = False
8.5508 	EXP 	textbox: autoDraw = False
8.5508 	EXP 	text: autoDraw = True
10.4229 	DATA 	Keypress: escape
10.6351 	EXP 	state_naming_task: status = STOPPED
10.6584 	EXP 	text: autoDraw = False
10.6585 	EXP 	state_naming_task: status = STOPPED
10.6614 	INFO 	saved data to 'C:\\Users\\josef\\OneDrive\\Desktop\\Filler Task for TOT Study\\data/642930_state_naming_task_2025-04-11_21h36.45.676.csv'
10.6624 	INFO 	saved data to C:\Users\josef\OneDrive\Desktop\Filler Task for TOT Study\data/642930_state_naming_task_2025-04-11_21h36.45.676.psydat
