6.2375 	INFO 	Loaded monitor calibration from ['2025_04_09 10:33']
6.2484 	WARNING 	User requested fullscreen with size [1536  960], but screen is actually [1920, 1200]. Using actual size
6.6719 	EXP 	Created window1 = Window(allowGUI=False, allowStencil=True, autoLog=True, backendConf=UNKNOWN, backgroundFit=<method-wrapper '__getattribute__' of attributeSetter object at 0x000001E220229B70>, backgroundImage=<method-wrapper '__getattribute__' of attributeSetter object at 0x000001E22022A020>, bitsMode=UNKNOWN, blendMode='avg', bpc=(8, 8, 8), color=array([1., 1., 1.]), colorSpace='rgb', depthBits=8, fullscr=True, gamma=None, gammaErrorPolicy='raise', infoMsg=UNKNOWN, lms=UNKNOWN, monitor=<psychopy.monitors.calibTools.Monitor object at 0x000001E22CE39BD0>, multiSample=False, name='window1', numSamples=2, pos=[0.0, 0.0], screen=0, size=array([1920, 1200]), stencilBits=8, stereo=False, title='PsychoPy', units='height', useFBO=True, useRetina=False, viewOri=0.0, viewPos=None, viewScale=None, waitBlanking=True, winType='pyglet')
6.6720 	EXP 	window1: backgroundImage = ''
6.6721 	EXP 	window1: backgroundFit = 'none'
6.7591 	EXP 	window1: Attempting to measure frame rate of screen (0) ...
6.7591 	EXP 	window1: recordFrameIntervals = False
6.9892 	EXP 	window1: recordFrameIntervals = True
7.1727 	EXP 	Screen (0) actual frame rate measured at 59.97Hz
7.1728 	EXP 	window1: recordFrameIntervals = False
10.4015 	INFO 	keyboard.Keyboard is using iohub backend.
10.4016 	INFO 	keyboard.Keyboard is using iohub backend.
10.4017 	INFO 	keyboard.Keyboard is using iohub backend.
10.4018 	EXP 	state_naming_task: status = STARTED
10.5051 	EXP 	Created task_instructions = TextStim(__class__=<class 'psychopy.visual.text.TextStim'>, alignHoriz=method-wrapper(...), alignText='center', alignVert=method-wrapper(...), anchorHoriz='center', anchorVert='center', antialias=True, autoDraw=False, autoLog=True, bold=False, color=array([-1., -1., -1.]), colorSpace='rgb', contrast=1.0, depth=0.0, draggable=False, flipHoriz=False, flipVert=False, font='Arial', fontFiles=[], height=0.05, italic=False, languageStyle='LTR', name='task_instructions', opacity=1, ori=0.0, pos=array([0., 0.]), rgb=UNKNOWN, text=str(...), units='height', win=Window(...), wrapWidth=1)
10.5097 	EXP 	Created stimuli_prompt = TextStim(__class__=<class 'psychopy.visual.text.TextStim'>, alignHoriz=method-wrapper(...), alignText='center', alignVert=method-wrapper(...), anchorHoriz='center', anchorVert='center', antialias=True, autoDraw=False, autoLog=True, bold=False, color=array([-1., -1., -1.]), colorSpace='rgb', contrast=1.0, depth=0.0, draggable=False, flipHoriz=False, flipVert=False, font='Arial', fontFiles=[], height=0.05, italic=False, languageStyle='LTR', name='stimuli_prompt', opacity=1, ori=0.0, pos=array([0. , 0.4]), rgb=UNKNOWN, text='What is the name of this U.S. State?', units='height', win=Window(...), wrapWidth=1)
10.5145 	EXP 	Created okay_state_pics = ImageStim(__class__=<class 'psychopy.visual.image.ImageStim'>, anchor=('center', 'center'), autoLog=True, color=array([1., 1., 1.]), colorSpace='rgb', contrast=1.0, depth=-1.0, draggable=True, flipHoriz=False, flipVert=False, image='default.png', interpolate=True, mask=None, maskParams=None, name='okay_state_pics', opacity=1, ori=1.0, pos=array([0., 0.]), size=array([0.6, 0.5]), texRes=128.0, units='height', win=Window(...))
10.5537 	EXP 	Created stimuli_prompt_2 = TextStim(__class__=<class 'psychopy.visual.text.TextStim'>, alignHoriz=method-wrapper(...), alignText='center', alignVert=method-wrapper(...), anchorHoriz='center', anchorVert='center', antialias=True, autoDraw=False, autoLog=True, bold=False, color=array([1., 1., 1.]), colorSpace='rgb', contrast=1.0, depth=0.0, draggable=False, flipHoriz=False, flipVert=False, font='Arial', fontFiles=[], height=0.05, italic=False, languageStyle='LTR', name='stimuli_prompt_2', opacity=1, ori=0.0, pos=array([0., 0.]), rgb=UNKNOWN, text='What is the name of this U.S. state?', units='height', win=Window(...), wrapWidth=1)
10.5577 	EXP 	Created wider_state_pics = ImageStim(__class__=<class 'psychopy.visual.image.ImageStim'>, anchor=('center', 'center'), autoLog=True, color=array([1., 1., 1.]), colorSpace='rgb', contrast=1.0, depth=-1.0, draggable=False, flipHoriz=False, flipVert=False, image='default.png', interpolate=True, mask=None, maskParams=None, name='wider_state_pics', opacity=1, ori=0.0, pos=array([0., 0.]), size=array([0.95, 0.5 ]), texRes=128.0, units='height', win=Window(...))
10.5705 	EXP 	Created stimuli_prompt_3 = TextStim(__class__=<class 'psychopy.visual.text.TextStim'>, alignHoriz=method-wrapper(...), alignText='center', alignVert=method-wrapper(...), anchorHoriz='center', anchorVert='center', antialias=True, autoDraw=False, autoLog=True, bold=False, color=array([1., 1., 1.]), colorSpace='rgb', contrast=1.0, depth=0.0, draggable=False, flipHoriz=False, flipVert=False, font='Arial', fontFiles=[], height=0.05, italic=False, languageStyle='LTR', name='stimuli_prompt_3', opacity=1, ori=0.0, pos=array([0., 0.]), rgb=UNKNOWN, text='What is the name of this U.S. state?', units='height', win=Window(...), wrapWidth=1)
10.5742 	EXP 	Created taller_state_pics = ImageStim(__class__=<class 'psychopy.visual.image.ImageStim'>, anchor=('center', 'center'), autoLog=True, color=array([1., 1., 1.]), colorSpace='rgb', contrast=1.0, depth=-1.0, draggable=False, flipHoriz=False, flipVert=False, image='default.png', interpolate=True, mask=None, maskParams=None, name='taller_state_pics', opacity=1, ori=0.0, pos=array([0., 0.]), size=array([0.5 , 0.65]), texRes=128.0, units='height', win=Window(...))
10.5973 	EXP 	Created task_instructions_2 = TextStim(__class__=<class 'psychopy.visual.text.TextStim'>, alignHoriz=method-wrapper(...), alignText='center', alignVert=method-wrapper(...), anchorHoriz='center', anchorVert='center', antialias=True, autoDraw=False, autoLog=True, bold=False, color=array([-1., -1., -1.]), colorSpace='rgb', contrast=1.0, depth=0.0, draggable=False, flipHoriz=False, flipVert=False, font='Arial', fontFiles=[], height=0.05, italic=False, languageStyle='LTR', name='task_instructions_2', opacity=1, ori=0.0, pos=array([0., 0.]), rgb=UNKNOWN, text=str(...), units='height', win=Window(...), wrapWidth=1)
10.6016 	EXP 	Created stimuli_prompt_4 = TextStim(__class__=<class 'psychopy.visual.text.TextStim'>, alignHoriz=method-wrapper(...), alignText='center', alignVert=method-wrapper(...), anchorHoriz='center', anchorVert='center', antialias=True, autoDraw=False, autoLog=True, bold=False, color=array([-1., -1., -1.]), colorSpace='rgb', contrast=1.0, depth=0.0, draggable=False, flipHoriz=False, flipVert=False, font='Arial', fontFiles=[], height=0.05, italic=False, languageStyle='LTR', name='stimuli_prompt_4', opacity=1, ori=0.0, pos=array([0. , 0.4]), rgb=UNKNOWN, text=str(...), units='height', win=Window(...), wrapWidth=1)
10.6142 	EXP 	Created okay_country_pics = ImageStim(__class__=<class 'psychopy.visual.image.ImageStim'>, anchor=('center', 'center'), autoLog=True, color=array([1., 1., 1.]), colorSpace='rgb', contrast=1.0, depth=-2.0, draggable=False, flipHoriz=False, flipVert=False, image='default.png', interpolate=True, mask=None, maskParams=None, name='okay_country_pics', opacity=1, ori=0.0, pos=array([0., 0.]), size=array([0.5, 0.7]), texRes=128.0, units='height', win=Window(...))
10.6178 	EXP 	Created text_2 = TextStim(__class__=<class 'psychopy.visual.text.TextStim'>, alignHoriz=method-wrapper(...), alignText='center', alignVert=method-wrapper(...), anchorHoriz='center', anchorVert='center', antialias=True, autoDraw=False, autoLog=True, bold=False, color=array([1., 1., 1.]), colorSpace='rgb', contrast=1.0, depth=0.0, draggable=False, flipHoriz=False, flipVert=False, font='Arial', fontFiles=[], height=0.05, italic=False, languageStyle='LTR', name='text_2', opacity=1, ori=0.0, pos=array([0. , 0.4]), rgb=UNKNOWN, text=str(...), units='height', win=Window(...), wrapWidth=1)
10.6381 	EXP 	Created tall_country_trials = ImageStim(__class__=<class 'psychopy.visual.image.ImageStim'>, anchor=('center', 'center'), autoLog=True, color=array([1., 1., 1.]), colorSpace='rgb', contrast=1.0, depth=-1.0, draggable=False, flipHoriz=False, flipVert=False, image='south_america/Chile-Country-Outline.jpg', interpolate=True, mask=None, maskParams=None, name='tall_country_trials', opacity=1, ori=0.0, pos=array([0., 0.]), size=array([0.7 , 0.15]), texRes=128.0, units='height', win=Window(...))
10.6601 	EXP 	Created text = TextStim(__class__=<class 'psychopy.visual.text.TextStim'>, alignHoriz=method-wrapper(...), alignText='center', alignVert=method-wrapper(...), anchorHoriz='center', anchorVert='center', antialias=True, autoDraw=False, autoLog=True, bold=False, color=array([-1., -1., -1.]), colorSpace='rgb', contrast=1.0, depth=0.0, draggable=False, flipHoriz=False, flipVert=False, font='Arial', fontFiles=[], height=0.05, italic=False, languageStyle='LTR', name='text', opacity=1, ori=0.0, pos=array([0., 0.]), rgb=UNKNOWN, text=str(...), units='height', win=Window(...), wrapWidth=1)
0.0034 	EXP 	us_state_response: autoLog = True
0.0034 	EXP 	us_state_response_2: autoLog = True
0.0034 	EXP 	us_state_response_3: autoLog = True
0.0034 	EXP 	country_response: autoLog = True
0.0034 	EXP 	textbox: autoLog = True
0.0207 	INFO 	Keyboard events cleared
0.0203 	EXP 	task_instructions: autoDraw = True
0.8424 	DATA 	Keypress: space
0.8588 	INFO 	Keyboard events cleared
0.8585 	EXP 	task_instructions: autoDraw = False
0.8585 	EXP 	task_instructions_2: autoDraw = True
1.2306 	DATA 	Keypress: space
1.2508 	EXP 	task_instructions_2: autoDraw = False
1.7451 	EXP 	text_2: autoDraw = True
1.7451 	EXP 	tall_country_trials: autoDraw = True
1.7451 	EXP 	textbox: autoDraw = True
8.7687 	EXP 	text_2: autoDraw = False
8.7687 	EXP 	tall_country_trials: autoDraw = False
8.7687 	EXP 	textbox: autoDraw = False
8.7687 	EXP 	text: autoDraw = True
9.7805 	DATA 	Keypress: escape
9.9446 	EXP 	state_naming_task: status = STOPPED
9.9670 	EXP 	text: autoDraw = False
9.9671 	EXP 	state_naming_task: status = STOPPED
9.9925 	INFO 	saved data to 'C:\\Users\\josef\\OneDrive\\Desktop\\Filler Task for TOT Study\\data/652934_state_naming_task_2025-04-11_21h31.51.169.csv'
9.9935 	INFO 	saved data to C:\Users\josef\OneDrive\Desktop\Filler Task for TOT Study\data/652934_state_naming_task_2025-04-11_21h31.51.169.psydat
