9.2876 	INFO 	Loaded monitor calibration from ['2025_04_09 10:33']
9.3114 	WARNING 	User requested fullscreen with size [1536  960], but screen is actually [1920, 1200]. Using actual size
11.6429 	EXP 	Created window1 = Window(allowGUI=False, allowStencil=False, autoLog=True, backendConf=UNKNOWN, backgroundFit=<method-wrapper '__getattribute__' of attributeSetter object at 0x0000020B2DFFB940>, backgroundImage=<method-wrapper '__getattribute__' of attributeSetter object at 0x0000020B2DFF90F0>, bitsMode=UNKNOWN, blendMode='avg', bpc=(8, 8, 8), color=array([1., 1., 1.]), colorSpace='rgb', depthBits=8, fullscr=True, gamma=None, gammaErrorPolicy='raise', infoMsg=UNKNOWN, lms=UNKNOWN, monitor=<psychopy.monitors.calibTools.Monitor object at 0x0000020B3AAC1AB0>, multiSample=False, name='window1', numSamples=2, pos=[0.0, 0.0], screen=0, size=array([1920, 1200]), stencilBits=0, stereo=False, title='PsychoPy', units='height', useFBO=True, useRetina=False, viewOri=0.0, viewPos=None, viewScale=None, waitBlanking=True, winType='pyglet')
11.6429 	EXP 	window1: backgroundImage = ''
11.6430 	EXP 	window1: backgroundFit = 'none'
11.7574 	EXP 	window1: Attempting to measure frame rate of screen (0) ...
11.7575 	EXP 	window1: recordFrameIntervals = False
12.0146 	EXP 	window1: recordFrameIntervals = True
12.1983 	EXP 	Screen (0) actual frame rate measured at 59.89Hz
12.1983 	EXP 	window1: recordFrameIntervals = False
16.8560 	INFO 	keyboard.Keyboard is using iohub backend.
16.8561 	INFO 	keyboard.Keyboard is using iohub backend.
16.8562 	INFO 	keyboard.Keyboard is using iohub backend.
16.8562 	EXP 	state_naming_task: status = STARTED
17.3301 	EXP 	Created task_instructions = TextStim(__class__=<class 'psychopy.visual.text.TextStim'>, alignHoriz=method-wrapper(...), alignText='center', alignVert=method-wrapper(...), anchorHoriz='center', anchorVert='center', antialias=True, autoDraw=False, autoLog=True, bold=False, color=array([-1., -1., -1.]), colorSpace='rgb', contrast=1.0, depth=0.0, draggable=False, flipHoriz=False, flipVert=False, font='Arial', fontFiles=[], height=0.05, italic=False, languageStyle='LTR', name='task_instructions', opacity=1, ori=0.0, pos=array([0., 0.]), rgb=UNKNOWN, text=str(...), units='height', win=Window(...), wrapWidth=1)
17.4458 	EXP 	Created image = ImageStim(__class__=<class 'psychopy.visual.image.ImageStim'>, anchor=('center', 'center'), autoLog=True, color=array([1., 1., 1.]), colorSpace='rgb', contrast=1.0, depth=0.0, draggable=False, flipHoriz=False, flipVert=False, image=str(...), interpolate=True, mask=None, maskParams=None, name='image', opacity=1, ori=0.0, pos=array([0., 0.]), size=array([0.5, 0.5]), texRes=128.0, units='height', win=Window(...))
17.4819 	EXP 	Created text = TextStim(__class__=<class 'psychopy.visual.text.TextStim'>, alignHoriz=method-wrapper(...), alignText='center', alignVert=method-wrapper(...), anchorHoriz='center', anchorVert='center', antialias=True, autoDraw=False, autoLog=True, bold=False, color=array([-1., -1., -1.]), colorSpace='rgb', contrast=1.0, depth=-2.0, draggable=False, flipHoriz=False, flipVert=False, font='Arial', fontFiles=[], height=0.05, italic=False, languageStyle='LTR', name='text', opacity=1, ori=0.0, pos=array([0. , 0.1]), rgb=UNKNOWN, text=str(...), units='height', win=Window(...), wrapWidth=1)
0.0452 	INFO 	Keyboard events cleared
0.0445 	EXP 	task_instructions: autoDraw = True
7.2164 	EXP 	state_naming_task: status = STOPPED
7.2394 	EXP 	task_instructions: autoDraw = False
7.2395 	EXP 	state_naming_task: status = STOPPED
7.2423 	INFO 	saved data to 'C:\\Users\\josef\\OneDrive\\Desktop\\Filler Task for TOT Study\\data/671273_state_naming_task_2025-04-11_11h21.32.703.csv'
7.2434 	INFO 	saved data to C:\Users\josef\OneDrive\Desktop\Filler Task for TOT Study\data/671273_state_naming_task_2025-04-11_11h21.32.703.psydat
