7.6735 	INFO 	Loaded monitor calibration from ['2025_04_09 10:33']
7.6891 	WARNING 	User requested fullscreen with size [1536  960], but screen is actually [1920, 1200]. Using actual size
8.1138 	EXP 	Created window1 = Window(allowGUI=False, allowStencil=True, autoLog=True, backendConf=UNKNOWN, backgroundFit=<method-wrapper '__getattribute__' of attributeSetter object at 0x0000020DC8ACCFA0>, backgroundImage=<method-wrapper '__getattribute__' of attributeSetter object at 0x0000020DC8ACCF40>, bitsMode=UNKNOWN, blendMode='avg', bpc=(8, 8, 8), color=array([1., 1., 1.]), colorSpace='rgb', depthBits=8, fullscr=True, gamma=None, gammaErrorPolicy='raise', infoMsg=UNKNOWN, lms=UNKNOWN, monitor=<psychopy.monitors.calibTools.Monitor object at 0x0000020DC8BB28C0>, multiSample=False, name='window1', numSamples=2, pos=[0.0, 0.0], screen=0, size=array([1920, 1200]), stencilBits=8, stereo=False, title='PsychoPy', units='height', useFBO=True, useRetina=False, viewOri=0.0, viewPos=None, viewScale=None, waitBlanking=True, winType='pyglet')
8.1139 	EXP 	window1: backgroundImage = ''
8.1139 	EXP 	window1: backgroundFit = 'none'
8.1921 	EXP 	window1: Attempting to measure frame rate of screen (0) ...
8.1922 	EXP 	window1: recordFrameIntervals = False
8.4269 	EXP 	window1: recordFrameIntervals = True
8.6130 	EXP 	Screen (0) actual frame rate measured at 59.16Hz
8.6131 	EXP 	window1: recordFrameIntervals = False
12.0423 	INFO 	keyboard.Keyboard is using iohub backend.
12.0423 	INFO 	keyboard.Keyboard is using iohub backend.
12.0423 	EXP 	state_naming_task: status = STARTED
12.1383 	EXP 	Created task_instructions = TextStim(__class__=<class 'psychopy.visual.text.TextStim'>, alignHoriz=method-wrapper(...), alignText='center', alignVert=method-wrapper(...), anchorHoriz='center', anchorVert='center', antialias=True, autoDraw=False, autoLog=True, bold=False, color=array([-1., -1., -1.]), colorSpace='rgb', contrast=1.0, depth=0.0, draggable=False, flipHoriz=False, flipVert=False, font='Arial', fontFiles=[], height=0.05, italic=False, languageStyle='LTR', name='task_instructions', opacity=1, ori=0.0, pos=array([0., 0.]), rgb=UNKNOWN, text=str(...), units='height', win=Window(...), wrapWidth=1)
12.2215 	EXP 	Created image = ImageStim(__class__=<class 'psychopy.visual.image.ImageStim'>, anchor=('center', 'center'), autoLog=True, color=array([1., 1., 1.]), colorSpace='rgb', contrast=1.0, depth=0.0, draggable=False, flipHoriz=False, flipVert=False, image=str(...), interpolate=True, mask=None, maskParams=None, name='image', opacity=1, ori=0.0, pos=array([0., 0.]), size=array([0.5, 0.5]), texRes=128.0, units='height', win=Window(...))
12.2320 	EXP 	Created stimuli_prompt = TextStim(__class__=<class 'psychopy.visual.text.TextStim'>, alignHoriz=method-wrapper(...), alignText='center', alignVert=method-wrapper(...), anchorHoriz='center', anchorVert='center', antialias=True, autoDraw=False, autoLog=True, bold=False, color=array([-1., -1., -1.]), colorSpace='rgb', contrast=1.0, depth=-1.0, draggable=False, flipHoriz=False, flipVert=False, font='Arial', fontFiles=[], height=0.05, italic=False, languageStyle='LTR', name='stimuli_prompt', opacity=1, ori=0.0, pos=array([0., 1.]), rgb=UNKNOWN, text='What is the name of this U.S. State?', units='height', win=Window(...), wrapWidth=1)
0.0555 	EXP 	textbox: autoLog = True
0.0661 	INFO 	Keyboard events cleared
0.0657 	EXP 	task_instructions: autoDraw = True
0.5554 	DATA 	Keypress: space
0.5996 	EXP 	task_instructions: autoDraw = False
1.0588 	EXP 	image: autoDraw = True
1.0588 	EXP 	stimuli_prompt: autoDraw = True
1.0588 	EXP 	textbox: autoDraw = True
2.9129 	DATA 	Keypress: escape
3.0624 	EXP 	state_naming_task: status = STOPPED
3.0776 	EXP 	image: autoDraw = False
3.0776 	EXP 	stimuli_prompt: autoDraw = False
3.0776 	EXP 	textbox: autoDraw = False
3.0777 	EXP 	state_naming_task: status = STOPPED
3.1022 	INFO 	saved data to 'C:\\Users\\josef\\OneDrive\\Desktop\\Filler Task for TOT Study\\data/703438_state_naming_task_2025-04-11_11h54.23.737.csv'
3.1031 	INFO 	saved data to C:\Users\josef\OneDrive\Desktop\Filler Task for TOT Study\data/703438_state_naming_task_2025-04-11_11h54.23.737.psydat
