6.2656 	INFO 	Loaded monitor calibration from ['2025_04_09 10:33']
6.2821 	WARNING 	User requested fullscreen with size [1536  960], but screen is actually [1920, 1200]. Using actual size
6.7007 	EXP 	Created window1 = Window(allowGUI=False, allowStencil=True, autoLog=True, backendConf=UNKNOWN, backgroundFit=<method-wrapper '__getattribute__' of attributeSetter object at 0x0000013BC63BD990>, backgroundImage=<method-wrapper '__getattribute__' of attributeSetter object at 0x0000013BC63BD810>, bitsMode=UNKNOWN, blendMode='avg', bpc=(8, 8, 8), color=array([1., 1., 1.]), colorSpace='rgb', depthBits=8, fullscr=True, gamma=None, gammaErrorPolicy='raise', infoMsg=UNKNOWN, lms=UNKNOWN, monitor=<psychopy.monitors.calibTools.Monitor object at 0x0000013BC64A2020>, multiSample=False, name='window1', numSamples=2, pos=[0.0, 0.0], screen=0, size=array([1920, 1200]), stencilBits=8, stereo=False, title='PsychoPy', units='height', useFBO=True, useRetina=False, viewOri=0.0, viewPos=None, viewScale=None, waitBlanking=True, winType='pyglet')
6.7008 	EXP 	window1: backgroundImage = ''
6.7008 	EXP 	window1: backgroundFit = 'none'
6.7817 	EXP 	window1: Attempting to measure frame rate of screen (0) ...
6.7817 	EXP 	window1: recordFrameIntervals = False
7.0234 	EXP 	window1: recordFrameIntervals = True
7.2082 	EXP 	Screen (0) actual frame rate measured at 59.71Hz
7.2083 	EXP 	window1: recordFrameIntervals = False
10.6448 	INFO 	keyboard.Keyboard is using iohub backend.
10.6448 	INFO 	keyboard.Keyboard is using iohub backend.
10.6449 	INFO 	keyboard.Keyboard is using iohub backend.
10.6449 	EXP 	state_naming_task: status = STARTED
10.7569 	EXP 	Created task_instructions = TextStim(__class__=<class 'psychopy.visual.text.TextStim'>, alignHoriz=method-wrapper(...), alignText='center', alignVert=method-wrapper(...), anchorHoriz='center', anchorVert='center', antialias=True, autoDraw=False, autoLog=True, bold=False, color=array([-1., -1., -1.]), colorSpace='rgb', contrast=1.0, depth=0.0, draggable=False, flipHoriz=False, flipVert=False, font='Arial', fontFiles=[], height=0.05, italic=False, languageStyle='LTR', name='task_instructions', opacity=1, ori=0.0, pos=array([0., 0.]), rgb=UNKNOWN, text=str(...), units='height', win=Window(...), wrapWidth=1)
10.8072 	EXP 	Created image = ImageStim(__class__=<class 'psychopy.visual.image.ImageStim'>, anchor=('center', 'center'), autoLog=True, color=array([1., 1., 1.]), colorSpace='rgb', contrast=1.0, depth=0.0, draggable=False, flipHoriz=False, flipVert=False, image=str(...), interpolate=True, mask=None, maskParams=None, name='image', opacity=1, ori=0.0, pos=array([0., 0.]), size=array([0.5, 0.5]), texRes=128.0, units='height', win=Window(...))
0.0073 	EXP 	textbox: autoLog = True
0.0186 	INFO 	Keyboard events cleared
0.0182 	EXP 	task_instructions: autoDraw = True
29.9597 	DATA 	Keypress: space
29.9688 	EXP 	task_instructions: autoDraw = False
30.4707 	INFO 	Keyboard events cleared
30.4701 	EXP 	image: autoDraw = True
30.4701 	EXP 	textbox: autoDraw = True
34.9202 	DATA 	Keypress: d
34.9353 	EXP 	image: autoDraw = False
34.9353 	EXP 	textbox: autoDraw = False
34.9354 	EXP 	state_naming_task: status = STOPPED
34.9605 	INFO 	saved data to 'C:\\Users\\josef\\OneDrive\\Desktop\\Filler Task for TOT Study\\data/755912_state_naming_task_2025-04-11_10h52.57.987.csv'
34.9614 	INFO 	saved data to C:\Users\josef\OneDrive\Desktop\Filler Task for TOT Study\data/755912_state_naming_task_2025-04-11_10h52.57.987.psydat
