7.5665 	INFO 	Loaded monitor calibration from ['2025_04_09 10:33']
7.5870 	WARNING 	User requested fullscreen with size [1536  960], but screen is actually [1920, 1200]. Using actual size
8.0493 	EXP 	Created window1 = Window(allowGUI=False, allowStencil=True, autoLog=True, backendConf=UNKNOWN, backgroundFit=<method-wrapper '__getattribute__' of attributeSetter object at 0x0000023E5F6FEFE0>, backgroundImage=<method-wrapper '__getattribute__' of attributeSetter object at 0x0000023E5F6FF1C0>, bitsMode=UNKNOWN, blendMode='avg', bpc=(8, 8, 8), color=array([1., 1., 1.]), colorSpace='rgb', depthBits=8, fullscr=True, gamma=None, gammaErrorPolicy='raise', infoMsg=UNKNOWN, lms=UNKNOWN, monitor=<psychopy.monitors.calibTools.Monitor object at 0x0000023E6C4F2860>, multiSample=False, name='window1', numSamples=2, pos=[0.0, 0.0], screen=0, size=array([1920, 1200]), stencilBits=8, stereo=False, title='PsychoPy', units='height', useFBO=True, useRetina=False, viewOri=0.0, viewPos=None, viewScale=None, waitBlanking=True, winType='pyglet')
8.0494 	EXP 	window1: backgroundImage = ''
8.0495 	EXP 	window1: backgroundFit = 'none'
8.1360 	EXP 	window1: Attempting to measure frame rate of screen (0) ...
8.1360 	EXP 	window1: recordFrameIntervals = False
8.3670 	EXP 	window1: recordFrameIntervals = True
8.5502 	EXP 	Screen (0) actual frame rate measured at 60.08Hz
8.5503 	EXP 	window1: recordFrameIntervals = False
11.9740 	INFO 	keyboard.Keyboard is using iohub backend.
11.9741 	INFO 	keyboard.Keyboard is using iohub backend.
11.9741 	EXP 	state_naming_task: status = STARTED
12.0729 	EXP 	Created task_instructions = TextStim(__class__=<class 'psychopy.visual.text.TextStim'>, alignHoriz=method-wrapper(...), alignText='center', alignVert=method-wrapper(...), anchorHoriz='center', anchorVert='center', antialias=True, autoDraw=False, autoLog=True, bold=False, color=array([-1., -1., -1.]), colorSpace='rgb', contrast=1.0, depth=0.0, draggable=False, flipHoriz=False, flipVert=False, font='Arial', fontFiles=[], height=0.05, italic=False, languageStyle='LTR', name='task_instructions', opacity=1, ori=0.0, pos=array([0., 0.]), rgb=UNKNOWN, text=str(...), units='height', win=Window(...), wrapWidth=1)
12.1516 	EXP 	Created image = ImageStim(__class__=<class 'psychopy.visual.image.ImageStim'>, anchor=('center', 'center'), autoLog=True, color=array([1., 1., 1.]), colorSpace='rgb', contrast=1.0, depth=0.0, draggable=False, flipHoriz=False, flipVert=False, image=str(...), interpolate=True, mask=None, maskParams=None, name='image', opacity=1, ori=0.0, pos=array([0., 0.]), size=array([0.5, 0.5]), texRes=128.0, units='height', win=Window(...))
12.1620 	EXP 	Created stimuli_prompt = TextStim(__class__=<class 'psychopy.visual.text.TextStim'>, alignHoriz=method-wrapper(...), alignText='center', alignVert=method-wrapper(...), anchorHoriz='center', anchorVert='center', antialias=True, autoDraw=False, autoLog=True, bold=False, color=array([-1., -1., -1.]), colorSpace='rgb', contrast=1.0, depth=-1.0, draggable=False, flipHoriz=False, flipVert=False, font='Arial', fontFiles=[], height=0.05, italic=False, languageStyle='LTR', name='stimuli_prompt', opacity=1, ori=0.0, pos=array([0.  , 0.25]), rgb=UNKNOWN, text='What is the name of this U.S. State?', units='height', win=Window(...), wrapWidth=1)
0.0187 	EXP 	textbox: autoLog = True
0.0340 	INFO 	Keyboard events cleared
0.0337 	EXP 	task_instructions: autoDraw = True
1.3910 	DATA 	Keypress: space
1.4006 	EXP 	task_instructions: autoDraw = False
1.9019 	EXP 	image: autoDraw = True
1.9019 	EXP 	stimuli_prompt: autoDraw = True
1.9019 	EXP 	textbox: autoDraw = True
3.9048 	DATA 	Keypress: escape
4.0865 	EXP 	state_naming_task: status = STOPPED
4.1013 	EXP 	image: autoDraw = False
4.1013 	EXP 	stimuli_prompt: autoDraw = False
4.1013 	EXP 	textbox: autoDraw = False
4.1015 	EXP 	state_naming_task: status = STOPPED
4.1261 	INFO 	saved data to 'C:\\Users\\josef\\OneDrive\\Desktop\\Filler Task for TOT Study\\data/813696_state_naming_task_2025-04-11_11h55.23.419.csv'
4.1270 	INFO 	saved data to C:\Users\josef\OneDrive\Desktop\Filler Task for TOT Study\data/813696_state_naming_task_2025-04-11_11h55.23.419.psydat
