6.2764 	INFO 	Loaded monitor calibration from ['2025_04_09 10:33']
6.2939 	WARNING 	User requested fullscreen with size [1920 1080], but screen is actually [1920, 1200]. Using actual size
6.8579 	EXP 	Created window1 = Window(allowGUI=False, allowStencil=True, autoLog=True, backendConf=UNKNOWN, backgroundFit=<method-wrapper '__getattribute__' of attributeSetter object at 0x00000144F2B41F60>, backgroundImage=<method-wrapper '__getattribute__' of attributeSetter object at 0x00000144F2B41FC0>, bitsMode=UNKNOWN, blendMode='avg', bpc=(8, 8, 8), color=array([1., 1., 1.]), colorSpace='rgb', depthBits=8, fullscr=True, gamma=None, gammaErrorPolicy='raise', infoMsg=UNKNOWN, lms=UNKNOWN, monitor=<psychopy.monitors.calibTools.Monitor object at 0x00000144F2C22080>, multiSample=False, name='window1', numSamples=2, pos=[0.0, 0.0], screen=0, size=array([1920, 1200]), stencilBits=8, stereo=False, title='PsychoPy', units='height', useFBO=True, useRetina=False, viewOri=0.0, viewPos=None, viewScale=None, waitBlanking=True, winType='pyglet')
6.8580 	EXP 	window1: backgroundImage = ''
6.8580 	EXP 	window1: backgroundFit = 'none'
6.9730 	EXP 	window1: Attempting to measure frame rate of screen (0) ...
6.9731 	EXP 	window1: recordFrameIntervals = False
7.2102 	EXP 	window1: recordFrameIntervals = True
7.3936 	EXP 	Screen (0) actual frame rate measured at 59.91Hz
7.3937 	EXP 	window1: recordFrameIntervals = False
10.9666 	INFO 	keyboard.Keyboard is using iohub backend.
10.9667 	INFO 	keyboard.Keyboard is using iohub backend.
10.9667 	INFO 	keyboard.Keyboard is using iohub backend.
10.9667 	EXP 	state_naming_task: status = STARTED
11.0801 	EXP 	Created task_instructions = TextStim(__class__=<class 'psychopy.visual.text.TextStim'>, alignHoriz=method-wrapper(...), alignText='center', alignVert=method-wrapper(...), anchorHoriz='center', anchorVert='center', antialias=True, autoDraw=False, autoLog=True, bold=False, color=array([-1., -1., -1.]), colorSpace='rgb', contrast=1.0, depth=0.0, draggable=False, flipHoriz=False, flipVert=False, font='Arial', fontFiles=[], height=0.05, italic=False, languageStyle='LTR', name='task_instructions', opacity=1, ori=0.0, pos=array([0., 0.]), rgb=UNKNOWN, text=str(...), units='height', win=Window(...), wrapWidth=1)
11.2234 	EXP 	Created image = ImageStim(__class__=<class 'psychopy.visual.image.ImageStim'>, anchor=('center', 'center'), autoLog=True, color=array([1., 1., 1.]), colorSpace='rgb', contrast=1.0, depth=0.0, draggable=False, flipHoriz=False, flipVert=False, image=str(...), interpolate=True, mask=None, maskParams=None, name='image', opacity=1, ori=0.0, pos=array([0., 0.]), size=array([0.5, 0.5]), texRes=128.0, units='height', win=Window(...))
0.0473 	EXP 	textbox: autoLog = True
0.0596 	INFO 	Keyboard events cleared
0.0591 	EXP 	task_instructions: autoDraw = True
1.1326 	DATA 	Keypress: space
1.1426 	EXP 	task_instructions: autoDraw = False
1.6442 	INFO 	Keyboard events cleared
1.6437 	EXP 	image: autoDraw = True
1.6437 	EXP 	textbox: autoDraw = True
5.5461 	DATA 	Keypress: escape
5.7456 	EXP 	state_naming_task: status = STOPPED
5.7597 	EXP 	image: autoDraw = False
5.7597 	EXP 	textbox: autoDraw = False
5.7598 	EXP 	state_naming_task: status = STOPPED
5.7845 	INFO 	saved data to 'C:\\Users\\josef\\OneDrive\\Desktop\\Filler Task for TOT Study\\data/836088_state_naming_task_2025-04-11_10h40.50.784.csv'
5.7854 	INFO 	saved data to C:\Users\josef\OneDrive\Desktop\Filler Task for TOT Study\data/836088_state_naming_task_2025-04-11_10h40.50.784.psydat
