5.2242 	INFO 	Loaded monitor calibration from ['2025_04_09 10:33']
5.6457 	EXP 	Created window1 = Window(allowGUI=False, allowStencil=True, autoLog=True, backendConf=UNKNOWN, backgroundFit=<method-wrapper '__getattribute__' of attributeSetter object at 0x0000012C7B353550>, backgroundImage=<method-wrapper '__getattribute__' of attributeSetter object at 0x0000012C7B3535B0>, bitsMode=UNKNOWN, blendMode='avg', bpc=(8, 8, 8), color=array([1., 1., 1.]), colorSpace='rgb', depthBits=8, fullscr=True, gamma=None, gammaErrorPolicy='raise', infoMsg=UNKNOWN, lms=UNKNOWN, monitor=<psychopy.monitors.calibTools.Monitor object at 0x0000012C7B410940>, multiSample=False, name='window1', numSamples=2, pos=[0.0, 0.0], screen=0, size=array([1920, 1080]), stencilBits=8, stereo=False, title='PsychoPy', units='height', useFBO=True, useRetina=False, viewOri=0.0, viewPos=None, viewScale=None, waitBlanking=True, winType='pyglet')
5.6458 	EXP 	window1: backgroundImage = ''
5.6458 	EXP 	window1: backgroundFit = 'none'
5.7386 	EXP 	window1: Attempting to measure frame rate of screen (0) ...
5.7387 	EXP 	window1: recordFrameIntervals = False
5.9833 	EXP 	window1: recordFrameIntervals = True
6.1668 	EXP 	Screen (0) actual frame rate measured at 60.00Hz
6.1668 	EXP 	window1: recordFrameIntervals = False
8.7809 	INFO 	keyboard.Keyboard is using iohub backend.
8.7810 	INFO 	keyboard.Keyboard is using iohub backend.
8.7810 	EXP 	state_naming_task: status = STARTED
8.8740 	EXP 	Created task_instructions = TextStim(__class__=<class 'psychopy.visual.text.TextStim'>, alignHoriz=method-wrapper(...), alignText='center', alignVert=method-wrapper(...), anchorHoriz='center', anchorVert='center', antialias=True, autoDraw=False, autoLog=True, bold=False, color=array([-1., -1., -1.]), colorSpace='rgb', contrast=1.0, depth=0.0, draggable=False, flipHoriz=False, flipVert=False, font='Arial', fontFiles=[], height=0.05, italic=False, languageStyle='LTR', name='task_instructions', opacity=1, ori=0.0, pos=array([0., 0.]), rgb=UNKNOWN, text=str(...), units='height', win=Window(...), wrapWidth=1)
8.9641 	EXP 	Created image = ImageStim(__class__=<class 'psychopy.visual.image.ImageStim'>, anchor=('center', 'center'), autoLog=True, color=array([1., 1., 1.]), colorSpace='rgb', contrast=1.0, depth=0.0, draggable=False, flipHoriz=False, flipVert=False, image=str(...), interpolate=True, mask=None, maskParams=None, name='image', opacity=1, ori=0.0, pos=array([0., 0.]), size=array([0.5, 0.5]), texRes=128.0, units='height', win=Window(...))
0.1044 	EXP 	textbox: autoLog = True
0.1201 	INFO 	Keyboard events cleared
0.1195 	EXP 	task_instructions: autoDraw = True
10.0516 	DATA 	Keypress: space
10.0634 	EXP 	task_instructions: autoDraw = False
10.5642 	EXP 	image: autoDraw = True
10.5642 	EXP 	textbox: autoDraw = True
15.7391 	DATA 	Mouse: Left button down, pos=(1887,447)
15.9061 	DATA 	Mouse:  Left button up, pos=(1887,447)
16.3087 	DATA 	Mouse: Left button down, pos=(1708,369)
16.4073 	DATA 	Mouse:  Left button up, pos=(1708,369)
17.2245 	DATA 	Keypress: s
17.3422 	DATA 	Keypress: h
17.4426 	DATA 	Keypress: s
17.5076 	DATA 	Keypress: d
18.2256 	DATA 	Keypress: escape
18.3417 	EXP 	state_naming_task: status = STOPPED
18.3555 	EXP 	image: autoDraw = False
18.3555 	EXP 	textbox: autoDraw = False
18.3556 	EXP 	state_naming_task: status = STOPPED
18.3584 	INFO 	saved data to 'C:\\Users\\josef\\OneDrive\\Desktop\\Filler Task for TOT Study\\data/862743_state_naming_task_2025-04-11_10h24.06.570.csv'
18.3591 	INFO 	saved data to C:\Users\josef\OneDrive\Desktop\Filler Task for TOT Study\data/862743_state_naming_task_2025-04-11_10h24.06.570.psydat
