8.5003 	INFO 	Loaded monitor calibration from ['2025_04_09 10:33']
8.5097 	WARNING 	User requested fullscreen with size [1536  960], but screen is actually [1920, 1200]. Using actual size
9.0493 	EXP 	Created window1 = Window(allowGUI=False, allowStencil=True, autoLog=True, backendConf=UNKNOWN, backgroundFit=<method-wrapper '__getattribute__' of attributeSetter object at 0x000001E419242530>, backgroundImage=<method-wrapper '__getattribute__' of attributeSetter object at 0x000001E419240730>, bitsMode=UNKNOWN, blendMode='avg', bpc=(8, 8, 8), color=array([1., 1., 1.]), colorSpace='rgb', depthBits=8, fullscr=True, gamma=None, gammaErrorPolicy='raise', infoMsg=UNKNOWN, lms=UNKNOWN, monitor=<psychopy.monitors.calibTools.Monitor object at 0x000001E41A0BB100>, multiSample=False, name='window1', numSamples=2, pos=[0.0, 0.0], screen=0, size=array([1920, 1200]), stencilBits=8, stereo=False, title='PsychoPy', units='height', useFBO=True, useRetina=False, viewOri=0.0, viewPos=None, viewScale=None, waitBlanking=True, winType='pyglet')
9.0494 	EXP 	window1: backgroundImage = ''
9.0494 	EXP 	window1: backgroundFit = 'none'
9.1295 	EXP 	window1: Attempting to measure frame rate of screen (0) ...
9.1296 	EXP 	window1: recordFrameIntervals = False
9.3625 	EXP 	window1: recordFrameIntervals = True
9.5458 	EXP 	Screen (0) actual frame rate measured at 60.14Hz
9.5458 	EXP 	window1: recordFrameIntervals = False
13.0899 	INFO 	keyboard.Keyboard is using iohub backend.
13.0899 	INFO 	keyboard.Keyboard is using iohub backend.
13.0900 	INFO 	keyboard.Keyboard is using iohub backend.
13.0900 	EXP 	state_naming_task: status = STARTED
13.2026 	EXP 	Created task_instructions = TextStim(__class__=<class 'psychopy.visual.text.TextStim'>, alignHoriz=method-wrapper(...), alignText='center', alignVert=method-wrapper(...), anchorHoriz='center', anchorVert='center', antialias=True, autoDraw=False, autoLog=True, bold=False, color=array([-1., -1., -1.]), colorSpace='rgb', contrast=1.0, depth=0.0, draggable=False, flipHoriz=False, flipVert=False, font='Arial', fontFiles=[], height=0.05, italic=False, languageStyle='LTR', name='task_instructions', opacity=1, ori=0.0, pos=array([0., 0.]), rgb=UNKNOWN, text=str(...), units='height', win=Window(...), wrapWidth=1)
13.2070 	EXP 	Created stimuli_prompt = TextStim(__class__=<class 'psychopy.visual.text.TextStim'>, alignHoriz=method-wrapper(...), alignText='center', alignVert=method-wrapper(...), anchorHoriz='center', anchorVert='center', antialias=True, autoDraw=False, autoLog=True, bold=False, color=array([-1., -1., -1.]), colorSpace='rgb', contrast=1.0, depth=0.0, draggable=False, flipHoriz=False, flipVert=False, font='Arial', fontFiles=[], height=0.05, italic=False, languageStyle='LTR', name='stimuli_prompt', opacity=1, ori=0.0, pos=array([0. , 0.4]), rgb=UNKNOWN, text='What is the name of this U.S. State?', units='height', win=Window(...), wrapWidth=1)
13.2119 	EXP 	Created okay_state_pics = ImageStim(__class__=<class 'psychopy.visual.image.ImageStim'>, anchor=('center', 'center'), autoLog=True, color=array([1., 1., 1.]), colorSpace='rgb', contrast=1.0, depth=-1.0, draggable=True, flipHoriz=False, flipVert=False, image='default.png', interpolate=True, mask=None, maskParams=None, name='okay_state_pics', opacity=1, ori=1.0, pos=array([0., 0.]), size=array([0.6, 0.5]), texRes=128.0, units='height', win=Window(...))
13.2415 	EXP 	Created stimuli_prompt_2 = TextStim(__class__=<class 'psychopy.visual.text.TextStim'>, alignHoriz=method-wrapper(...), alignText='center', alignVert=method-wrapper(...), anchorHoriz='center', anchorVert='center', antialias=True, autoDraw=False, autoLog=True, bold=False, color=array([1., 1., 1.]), colorSpace='rgb', contrast=1.0, depth=0.0, draggable=False, flipHoriz=False, flipVert=False, font='Arial', fontFiles=[], height=0.05, italic=False, languageStyle='LTR', name='stimuli_prompt_2', opacity=1, ori=0.0, pos=array([0., 0.]), rgb=UNKNOWN, text='What is the name of this U.S. state?', units='height', win=Window(...), wrapWidth=1)
13.2454 	EXP 	Created wider_state_pics = ImageStim(__class__=<class 'psychopy.visual.image.ImageStim'>, anchor=('center', 'center'), autoLog=True, color=array([1., 1., 1.]), colorSpace='rgb', contrast=1.0, depth=-1.0, draggable=False, flipHoriz=False, flipVert=False, image='default.png', interpolate=True, mask=None, maskParams=None, name='wider_state_pics', opacity=1, ori=0.0, pos=array([0., 0.]), size=array([0.95, 0.5 ]), texRes=128.0, units='height', win=Window(...))
13.2580 	EXP 	Created stimuli_prompt_3 = TextStim(__class__=<class 'psychopy.visual.text.TextStim'>, alignHoriz=method-wrapper(...), alignText='center', alignVert=method-wrapper(...), anchorHoriz='center', anchorVert='center', antialias=True, autoDraw=False, autoLog=True, bold=False, color=array([1., 1., 1.]), colorSpace='rgb', contrast=1.0, depth=0.0, draggable=False, flipHoriz=False, flipVert=False, font='Arial', fontFiles=[], height=0.05, italic=False, languageStyle='LTR', name='stimuli_prompt_3', opacity=1, ori=0.0, pos=array([0., 0.]), rgb=UNKNOWN, text='What is the name of this U.S. state?', units='height', win=Window(...), wrapWidth=1)
13.2620 	EXP 	Created taller_state_pics = ImageStim(__class__=<class 'psychopy.visual.image.ImageStim'>, anchor=('center', 'center'), autoLog=True, color=array([1., 1., 1.]), colorSpace='rgb', contrast=1.0, depth=-1.0, draggable=False, flipHoriz=False, flipVert=False, image='default.png', interpolate=True, mask=None, maskParams=None, name='taller_state_pics', opacity=1, ori=0.0, pos=array([0., 0.]), size=array([0.5 , 0.65]), texRes=128.0, units='height', win=Window(...))
13.2825 	EXP 	Created task_instructions_2 = TextStim(__class__=<class 'psychopy.visual.text.TextStim'>, alignHoriz=method-wrapper(...), alignText='center', alignVert=method-wrapper(...), anchorHoriz='center', anchorVert='center', antialias=True, autoDraw=False, autoLog=True, bold=False, color=array([-1., -1., -1.]), colorSpace='rgb', contrast=1.0, depth=0.0, draggable=False, flipHoriz=False, flipVert=False, font='Arial', fontFiles=[], height=0.05, italic=False, languageStyle='LTR', name='task_instructions_2', opacity=1, ori=0.0, pos=array([0., 0.]), rgb=UNKNOWN, text=str(...), units='height', win=Window(...), wrapWidth=1)
13.2860 	EXP 	Created stimuli_prompt_4 = TextStim(__class__=<class 'psychopy.visual.text.TextStim'>, alignHoriz=method-wrapper(...), alignText='center', alignVert=method-wrapper(...), anchorHoriz='center', anchorVert='center', antialias=True, autoDraw=False, autoLog=True, bold=False, color=array([1., 1., 1.]), colorSpace='rgb', contrast=1.0, depth=0.0, draggable=False, flipHoriz=False, flipVert=False, font='Arial', fontFiles=[], height=0.05, italic=False, languageStyle='LTR', name='stimuli_prompt_4', opacity=1, ori=0.0, pos=array([0., 0.]), rgb=UNKNOWN, text=str(...), units='height', win=Window(...), wrapWidth=1)
13.2900 	EXP 	Created okay_country_pics = ImageStim(__class__=<class 'psychopy.visual.image.ImageStim'>, anchor=('center', 'center'), autoLog=True, color=array([1., 1., 1.]), colorSpace='rgb', contrast=1.0, depth=-1.0, draggable=False, flipHoriz=False, flipVert=False, image='default.png', interpolate=True, mask=None, maskParams=None, name='okay_country_pics', opacity=1, ori=0.0, pos=array([0., 0.]), size=array([0.5, 0.5]), texRes=128.0, units='height', win=Window(...))
13.3088 	EXP 	Created text = TextStim(__class__=<class 'psychopy.visual.text.TextStim'>, alignHoriz=method-wrapper(...), alignText='center', alignVert=method-wrapper(...), anchorHoriz='center', anchorVert='center', antialias=True, autoDraw=False, autoLog=True, bold=False, color=array([1., 1., 1.]), colorSpace='rgb', contrast=1.0, depth=0.0, draggable=False, flipHoriz=False, flipVert=False, font='Arial', fontFiles=[], height=0.05, italic=False, languageStyle='LTR', name='text', opacity=1, ori=0.0, pos=array([0., 0.]), rgb=UNKNOWN, text=str(...), units='height', win=Window(...), wrapWidth=1)
0.0032 	EXP 	us_state_response: autoLog = True
0.0032 	EXP 	us_state_response_2: autoLog = True
0.0032 	EXP 	us_state_response_3: autoLog = True
0.0032 	EXP 	country_response: autoLog = True
0.0206 	INFO 	Keyboard events cleared
0.0201 	EXP 	task_instructions: autoDraw = True
0.7912 	DATA 	Keypress: space
0.8086 	INFO 	Keyboard events cleared
0.8081 	EXP 	task_instructions: autoDraw = False
0.8081 	EXP 	task_instructions_2: autoDraw = True
2.2157 	DATA 	Keypress: return
5.4830 	DATA 	Keypress: return
5.7904 	DATA 	Keypress: return
5.9822 	DATA 	Keypress: return
6.3149 	DATA 	Keypress: escape
6.5048 	EXP 	state_naming_task: status = STOPPED
6.5276 	EXP 	task_instructions_2: autoDraw = False
6.5278 	EXP 	state_naming_task: status = STOPPED
6.5522 	INFO 	saved data to 'C:\\Users\\josef\\OneDrive\\Desktop\\Filler Task for TOT Study\\data/869028_state_naming_task_2025-04-11_21h04.23.123.csv'
6.5532 	INFO 	saved data to C:\Users\josef\OneDrive\Desktop\Filler Task for TOT Study\data/869028_state_naming_task_2025-04-11_21h04.23.123.psydat
