11.0447 	INFO 	Loaded monitor calibration from ['2025_04_09 10:33']
11.0653 	WARNING 	User requested fullscreen with size [1920 1080], but screen is actually [1920, 1200]. Using actual size
11.4816 	EXP 	Created window1 = Window(allowGUI=False, allowStencil=True, autoLog=True, backendConf=UNKNOWN, backgroundFit=<method-wrapper '__getattribute__' of attributeSetter object at 0x00000224E49B1F60>, backgroundImage=<method-wrapper '__getattribute__' of attributeSetter object at 0x00000224E49B1FC0>, bitsMode=UNKNOWN, blendMode='avg', bpc=(8, 8, 8), color=array([1., 1., 1.]), colorSpace='rgb', depthBits=8, fullscr=True, gamma=None, gammaErrorPolicy='raise', infoMsg=UNKNOWN, lms=UNKNOWN, monitor=<psychopy.monitors.calibTools.Monitor object at 0x00000224E4A92080>, multiSample=False, name='window1', numSamples=2, pos=[0.0, 0.0], screen=0, size=array([1920, 1200]), stencilBits=8, stereo=False, title='PsychoPy', units='height', useFBO=True, useRetina=False, viewOri=0.0, viewPos=None, viewScale=None, waitBlanking=True, winType='pyglet')
11.4817 	EXP 	window1: backgroundImage = ''
11.4817 	EXP 	window1: backgroundFit = 'none'
11.5692 	EXP 	window1: Attempting to measure frame rate of screen (0) ...
11.5693 	EXP 	window1: recordFrameIntervals = False
11.8130 	EXP 	window1: recordFrameIntervals = True
11.9966 	EXP 	Screen (0) actual frame rate measured at 59.97Hz
11.9967 	EXP 	window1: recordFrameIntervals = False
15.5510 	INFO 	keyboard.Keyboard is using iohub backend.
15.5510 	INFO 	keyboard.Keyboard is using iohub backend.
15.5511 	INFO 	keyboard.Keyboard is using iohub backend.
15.5511 	EXP 	state_naming_task: status = STARTED
15.6582 	EXP 	Created task_instructions = TextStim(__class__=<class 'psychopy.visual.text.TextStim'>, alignHoriz=method-wrapper(...), alignText='center', alignVert=method-wrapper(...), anchorHoriz='center', anchorVert='center', antialias=True, autoDraw=False, autoLog=True, bold=False, color=array([-1., -1., -1.]), colorSpace='rgb', contrast=1.0, depth=0.0, draggable=False, flipHoriz=False, flipVert=False, font='Arial', fontFiles=[], height=0.05, italic=False, languageStyle='LTR', name='task_instructions', opacity=1, ori=0.0, pos=array([0., 0.]), rgb=UNKNOWN, text=str(...), units='height', win=Window(...), wrapWidth=1)
15.7258 	EXP 	Created image = ImageStim(__class__=<class 'psychopy.visual.image.ImageStim'>, anchor=('center', 'center'), autoLog=True, color=array([1., 1., 1.]), colorSpace='rgb', contrast=1.0, depth=0.0, draggable=False, flipHoriz=False, flipVert=False, image=str(...), interpolate=True, mask=None, maskParams=None, name='image', opacity=1, ori=0.0, pos=array([0., 0.]), size=array([0.5, 0.5]), texRes=128.0, units='height', win=Window(...))
0.0077 	EXP 	textbox: autoLog = True
0.0122 	INFO 	Keyboard events cleared
0.0116 	EXP 	task_instructions: autoDraw = True
1.4162 	DATA 	Keypress: space
1.4265 	EXP 	task_instructions: autoDraw = False
1.9271 	INFO 	Keyboard events cleared
1.9266 	EXP 	image: autoDraw = True
1.9266 	EXP 	textbox: autoDraw = True
7.8299 	DATA 	Keypress: escape
7.9954 	EXP 	state_naming_task: status = STOPPED
8.0097 	EXP 	image: autoDraw = False
8.0097 	EXP 	textbox: autoDraw = False
8.0099 	EXP 	state_naming_task: status = STOPPED
8.0339 	INFO 	saved data to 'C:\\Users\\josef\\OneDrive\\Desktop\\Filler Task for TOT Study\\data/874079_state_naming_task_2025-04-11_10h43.13.332.csv'
8.0351 	INFO 	saved data to C:\Users\josef\OneDrive\Desktop\Filler Task for TOT Study\data/874079_state_naming_task_2025-04-11_10h43.13.332.psydat
