24.0717 	INFO 	Loaded monitor calibration from ['2025_04_09 10:33']
24.0981 	WARNING 	User requested fullscreen with size [1536  960], but screen is actually [1920, 1080]. Using actual size
25.0618 	EXP 	Created window1 = Window(allowGUI=False, allowStencil=True, autoLog=True, backendConf=UNKNOWN, backgroundFit=<method-wrapper '__getattribute__' of attributeSetter object at 0x0000018A9290EE60>, backgroundImage=<method-wrapper '__getattribute__' of attributeSetter object at 0x0000018A9290EE00>, bitsMode=UNKNOWN, blendMode='avg', bpc=(8, 8, 8), color=array([1., 1., 1.]), colorSpace='rgb', depthBits=8, fullscr=True, gamma=None, gammaErrorPolicy='raise', infoMsg=UNKNOWN, lms=UNKNOWN, monitor=<psychopy.monitors.calibTools.Monitor object at 0x0000018A929C3A60>, multiSample=False, name='window1', numSamples=2, pos=[0.0, 0.0], screen=0, size=array([1920, 1080]), stencilBits=8, stereo=False, title='PsychoPy', units='height', useFBO=True, useRetina=False, viewOri=0.0, viewPos=None, viewScale=None, waitBlanking=True, winType='pyglet')
25.0618 	EXP 	window1: backgroundImage = ''
25.0618 	EXP 	window1: backgroundFit = 'none'
25.1165 	EXP 	window1: Attempting to measure frame rate of screen (0) ...
25.1166 	EXP 	window1: recordFrameIntervals = False
25.3541 	EXP 	window1: recordFrameIntervals = True
25.5397 	EXP 	Screen (0) actual frame rate measured at 59.20Hz
25.5397 	EXP 	window1: recordFrameIntervals = False
28.7837 	INFO 	keyboard.Keyboard is using iohub backend.
28.7838 	INFO 	keyboard.Keyboard is using iohub backend.
28.7838 	EXP 	state_naming_task: status = STARTED
29.0995 	EXP 	Created task_instructions = TextStim(__class__=<class 'psychopy.visual.text.TextStim'>, alignHoriz=method-wrapper(...), alignText='center', alignVert=method-wrapper(...), anchorHoriz='center', anchorVert='center', antialias=True, autoDraw=False, autoLog=True, bold=False, color=array([-1., -1., -1.]), colorSpace='rgb', contrast=1.0, depth=0.0, draggable=False, flipHoriz=False, flipVert=False, font='Arial', fontFiles=[], height=0.05, italic=False, languageStyle='LTR', name='task_instructions', opacity=1, ori=0.0, pos=array([0., 0.]), rgb=UNKNOWN, text=str(...), units='height', win=Window(...), wrapWidth=1)
29.1443 	EXP 	Created image = ImageStim(__class__=<class 'psychopy.visual.image.ImageStim'>, anchor=('center', 'center'), autoLog=True, color=array([1., 1., 1.]), colorSpace='rgb', contrast=1.0, depth=0.0, draggable=False, flipHoriz=False, flipVert=False, image=str(...), interpolate=True, mask=None, maskParams=None, name='image', opacity=1, ori=0.0, pos=array([0., 0.]), size=array([0.5, 0.5]), texRes=128.0, units='height', win=Window(...))
29.1522 	EXP 	Created stimuli_prompt = TextStim(__class__=<class 'psychopy.visual.text.TextStim'>, alignHoriz=method-wrapper(...), alignText='center', alignVert=method-wrapper(...), anchorHoriz='center', anchorVert='center', antialias=True, autoDraw=False, autoLog=True, bold=False, color=array([-1., -1., -1.]), colorSpace='rgb', contrast=1.0, depth=-1.0, draggable=False, flipHoriz=False, flipVert=False, font='Arial', fontFiles=[], height=0.05, italic=False, languageStyle='LTR', name='stimuli_prompt', opacity=1, ori=0.0, pos=array([0. , 0.4]), rgb=UNKNOWN, text='What is the name of this U.S. State?', units='height', win=Window(...), wrapWidth=1)
0.0500 	EXP 	textbox: autoLog = True
0.0636 	INFO 	Keyboard events cleared
0.0630 	EXP 	task_instructions: autoDraw = True
23.1394 	EXP 	Imported US States Stimuli/loop_us_state_trials.xlsx as conditions, 2 conditions, 2 params
23.1407 	EXP 	New trial (rep=0, index=0): <Trial 0 (0 in rep 0) data={'state_pic': '#VALUE!', 'correct_answer': 'Alabama', 'thisN': 0, 'thisTrialN': 0, 'thisRepN': 0}>
23.1422 	DATA 	Keypress: space
23.1521 	EXP 	task_instructions: autoDraw = False
23.6396 	EXP 	image: autoDraw = True
23.6396 	EXP 	stimuli_prompt: autoDraw = True
23.6396 	EXP 	textbox: autoDraw = True
25.6446 	DATA 	Keypress: lshift
25.8443 	DATA 	Keypress: a
26.0784 	DATA 	Keypress: l
26.1780 	DATA 	Keypress: a
26.4948 	DATA 	Keypress: b
26.7288 	DATA 	Keypress: a
26.8629 	DATA 	Keypress: m
27.0288 	DATA 	Keypress: a
31.1323 	EXP 	New trial (rep=0, index=1): <Trial 1 (1 in rep 0) data={'state_pic': '#VALUE!', 'correct_answer': 'Wyoming', 'thisN': 1, 'thisTrialN': 1, 'thisRepN': 0}>
31.1481 	EXP 	image: autoDraw = False
31.1481 	EXP 	stimuli_prompt: autoDraw = False
31.1481 	EXP 	textbox: autoDraw = False
31.1481 	EXP 	image: autoDraw = False
31.1481 	EXP 	stimuli_prompt: autoDraw = False
31.1481 	EXP 	textbox: autoDraw = False
31.6489 	EXP 	image: autoDraw = True
31.6489 	EXP 	stimuli_prompt: autoDraw = True
31.6489 	EXP 	textbox: autoDraw = True
34.0884 	DATA 	Keypress: lshift
34.3221 	DATA 	Keypress: a
34.6046 	DATA 	Keypress: a
35.2556 	DATA 	Keypress: backspace
36.1897 	DATA 	Keypress: l
36.4403 	DATA 	Keypress: a
36.7240 	DATA 	Keypress: b
37.4582 	DATA 	Keypress: a
37.5753 	DATA 	Keypress: m
37.6748 	DATA 	Keypress: a
39.1412 	EXP 	New trial (rep=1, index=0): <Trial 2 (0 in rep 1) data={'state_pic': '#VALUE!', 'correct_answer': 'Alabama', 'thisN': 2, 'thisTrialN': 0, 'thisRepN': 1}>
39.1575 	EXP 	image: autoDraw = False
39.1575 	EXP 	stimuli_prompt: autoDraw = False
39.1575 	EXP 	textbox: autoDraw = False
39.6417 	EXP 	image: autoDraw = True
39.6417 	EXP 	stimuli_prompt: autoDraw = True
39.6417 	EXP 	textbox: autoDraw = True
47.1339 	EXP 	New trial (rep=1, index=1): <Trial 3 (1 in rep 1) data={'state_pic': '#VALUE!', 'correct_answer': 'Wyoming', 'thisN': 3, 'thisTrialN': 1, 'thisRepN': 1}>
47.1502 	EXP 	image: autoDraw = False
47.1502 	EXP 	stimuli_prompt: autoDraw = False
47.1502 	EXP 	textbox: autoDraw = False
47.6344 	EXP 	image: autoDraw = True
47.6344 	EXP 	stimuli_prompt: autoDraw = True
47.6344 	EXP 	textbox: autoDraw = True
54.7629 	DATA 	Keypress: escape
54.9096 	EXP 	state_naming_task: status = STOPPED
54.9259 	EXP 	image: autoDraw = False
54.9259 	EXP 	stimuli_prompt: autoDraw = False
54.9259 	EXP 	textbox: autoDraw = False
54.9259 	EXP 	state_naming_task: status = STOPPED
54.9293 	INFO 	saved data to 'C:\\Users\\josef\\OneDrive\\Desktop\\Filler Task for TOT Study\\data/906133_state_naming_task_2025-04-11_13h15.43.881.csv'
54.9308 	INFO 	saved data to C:\Users\josef\OneDrive\Desktop\Filler Task for TOT Study\data/906133_state_naming_task_2025-04-11_13h15.43.881.psydat
