5.7696 	INFO 	Loaded monitor calibration from ['2025_04_09 10:33']
5.7815 	WARNING 	User requested fullscreen with size [1536  960], but screen is actually [1920, 1200]. Using actual size
6.2336 	EXP 	Created window1 = Window(allowGUI=False, allowStencil=True, autoLog=True, backendConf=UNKNOWN, backgroundFit=<method-wrapper '__getattribute__' of attributeSetter object at 0x0000028F0423C1C0>, backgroundImage=<method-wrapper '__getattribute__' of attributeSetter object at 0x0000028F0423C160>, bitsMode=UNKNOWN, blendMode='avg', bpc=(8, 8, 8), color=array([1., 1., 1.]), colorSpace='rgb', depthBits=8, fullscr=True, gamma=None, gammaErrorPolicy='raise', infoMsg=UNKNOWN, lms=UNKNOWN, monitor=<psychopy.monitors.calibTools.Monitor object at 0x0000028F042FE6B0>, multiSample=False, name='window1', numSamples=2, pos=[0.0, 0.0], screen=0, size=array([1920, 1200]), stencilBits=8, stereo=False, title='PsychoPy', units='height', useFBO=True, useRetina=False, viewOri=0.0, viewPos=None, viewScale=None, waitBlanking=True, winType='pyglet')
6.2337 	EXP 	window1: backgroundImage = ''
6.2337 	EXP 	window1: backgroundFit = 'none'
6.3066 	EXP 	window1: Attempting to measure frame rate of screen (0) ...
6.3066 	EXP 	window1: recordFrameIntervals = False
6.5451 	EXP 	window1: recordFrameIntervals = True
6.7283 	EXP 	Screen (0) actual frame rate measured at 59.97Hz
6.7284 	EXP 	window1: recordFrameIntervals = False
10.0616 	INFO 	keyboard.Keyboard is using iohub backend.
10.0617 	INFO 	keyboard.Keyboard is using iohub backend.
10.0617 	INFO 	keyboard.Keyboard is using iohub backend.
10.0618 	EXP 	state_naming_task: status = STARTED
10.1724 	EXP 	Created task_instructions = TextStim(__class__=<class 'psychopy.visual.text.TextStim'>, alignHoriz=method-wrapper(...), alignText='center', alignVert=method-wrapper(...), anchorHoriz='center', anchorVert='center', antialias=True, autoDraw=False, autoLog=True, bold=False, color=array([-1., -1., -1.]), colorSpace='rgb', contrast=1.0, depth=0.0, draggable=False, flipHoriz=False, flipVert=False, font='Arial', fontFiles=[], height=0.05, italic=False, languageStyle='LTR', name='task_instructions', opacity=1, ori=0.0, pos=array([0., 0.]), rgb=UNKNOWN, text=str(...), units='height', win=Window(...), wrapWidth=1)
10.1773 	EXP 	Created stimuli_prompt = TextStim(__class__=<class 'psychopy.visual.text.TextStim'>, alignHoriz=method-wrapper(...), alignText='center', alignVert=method-wrapper(...), anchorHoriz='center', anchorVert='center', antialias=True, autoDraw=False, autoLog=True, bold=False, color=array([-1., -1., -1.]), colorSpace='rgb', contrast=1.0, depth=0.0, draggable=False, flipHoriz=False, flipVert=False, font='Arial', fontFiles=[], height=0.05, italic=False, languageStyle='LTR', name='stimuli_prompt', opacity=1, ori=0.0, pos=array([0. , 0.4]), rgb=UNKNOWN, text='What is the name of this U.S. State?', units='height', win=Window(...), wrapWidth=1)
10.1821 	EXP 	Created state_pics = ImageStim(__class__=<class 'psychopy.visual.image.ImageStim'>, anchor=('center', 'center'), autoLog=True, color=array([1., 1., 1.]), colorSpace='rgb', contrast=1.0, depth=-1.0, draggable=True, flipHoriz=False, flipVert=False, image='default.png', interpolate=True, mask=None, maskParams=None, name='state_pics', opacity=1, ori=1.0, pos=array([0., 0.]), size=array([0.5, 0.5]), texRes=128.0, units='height', win=Window(...))
10.2212 	EXP 	Created stimuli_prompt = TextStim(__class__=<class 'psychopy.visual.text.TextStim'>, alignHoriz=method-wrapper(...), alignText='center', alignVert=method-wrapper(...), anchorHoriz='center', anchorVert='center', antialias=True, autoDraw=False, autoLog=True, bold=False, color=array([-1., -1., -1.]), colorSpace='rgb', contrast=1.0, depth=0.0, draggable=False, flipHoriz=False, flipVert=False, font='Arial', fontFiles=[], height=0.05, italic=False, languageStyle='LTR', name='stimuli_prompt', opacity=1, ori=0.0, pos=array([0. , 0.4]), rgb=UNKNOWN, text='What is the name of this U.S. State?', units='height', win=Window(...), wrapWidth=1)
10.2257 	EXP 	Created state_pics = ImageStim(__class__=<class 'psychopy.visual.image.ImageStim'>, anchor=('center', 'center'), autoLog=True, color=array([1., 1., 1.]), colorSpace='rgb', contrast=1.0, depth=-1.0, draggable=True, flipHoriz=False, flipVert=False, image='default.png', interpolate=True, mask=None, maskParams=None, name='state_pics', opacity=1, ori=1.0, pos=array([0., 0.]), size=array([0.5, 0.5]), texRes=128.0, units='height', win=Window(...))
10.2390 	EXP 	Created stimuli_prompt = TextStim(__class__=<class 'psychopy.visual.text.TextStim'>, alignHoriz=method-wrapper(...), alignText='center', alignVert=method-wrapper(...), anchorHoriz='center', anchorVert='center', antialias=True, autoDraw=False, autoLog=True, bold=False, color=array([-1., -1., -1.]), colorSpace='rgb', contrast=1.0, depth=0.0, draggable=False, flipHoriz=False, flipVert=False, font='Arial', fontFiles=[], height=0.05, italic=False, languageStyle='LTR', name='stimuli_prompt', opacity=1, ori=0.0, pos=array([0. , 0.4]), rgb=UNKNOWN, text='What is the name of this U.S. State?', units='height', win=Window(...), wrapWidth=1)
10.2435 	EXP 	Created state_pics = ImageStim(__class__=<class 'psychopy.visual.image.ImageStim'>, anchor=('center', 'center'), autoLog=True, color=array([1., 1., 1.]), colorSpace='rgb', contrast=1.0, depth=-1.0, draggable=True, flipHoriz=False, flipVert=False, image='default.png', interpolate=True, mask=None, maskParams=None, name='state_pics', opacity=1, ori=1.0, pos=array([0., 0.]), size=array([0.5, 0.5]), texRes=128.0, units='height', win=Window(...))
10.2705 	EXP 	Created text = TextStim(__class__=<class 'psychopy.visual.text.TextStim'>, alignHoriz=method-wrapper(...), alignText='center', alignVert=method-wrapper(...), anchorHoriz='center', anchorVert='center', antialias=True, autoDraw=False, autoLog=True, bold=False, color=array([-1., -1., -1.]), colorSpace='rgb', contrast=1.0, depth=0.0, draggable=False, flipHoriz=False, flipVert=False, font='Arial', fontFiles=[], height=0.05, italic=False, languageStyle='LTR', name='text', opacity=1, ori=0.0, pos=array([0., 0.]), rgb=UNKNOWN, text=str(...), units='height', win=Window(...), wrapWidth=1)
0.0031 	EXP 	us_state_response: autoLog = True
0.0031 	EXP 	us_state_response: autoLog = True
0.0031 	EXP 	us_state_response: autoLog = True
0.0163 	INFO 	Keyboard events cleared
0.0159 	EXP 	task_instructions: autoDraw = True
21.1545 	EXP 	Imported states/loop_okay_states_trials.xlsx as conditions, 34 conditions, 2 params
21.1553 	EXP 	New trial (rep=0, index=0): <Trial 0 (0 in rep 0) data={'image_file': 'states/Florida-Outline-Map.jpg', 'correct_answer': 'Florida', 'thisN': 0, 'thisTrialN': 0, 'thisRepN': 0}>
21.2435 	DATA 	Keypress: space
21.2801 	EXP 	task_instructions: autoDraw = False
21.2801 	EXP 	state_pics: ori = 0.0
21.2801 	EXP 	state_pics: image = 'states/Florida-Outline-Map.jpg'
21.6440 	EXP 	stimuli_prompt: autoDraw = True
21.6440 	EXP 	state_pics: autoDraw = True
21.6440 	EXP 	us_state_response: autoDraw = True
23.7463 	DATA 	Keypress: lshift
24.6836 	DATA 	Keypress: f
24.8796 	DATA 	Keypress: l
25.0486 	DATA 	Keypress: o
25.1131 	DATA 	Keypress: r
25.2293 	DATA 	Keypress: i
25.3115 	DATA 	Keypress: d
25.4450 	DATA 	Keypress: a
28.6312 	EXP 	New trial (rep=0, index=1): <Trial 1 (1 in rep 0) data={'image_file': 'states/Utah-Outline-Map.jpg', 'correct_answer': 'Utah', 'thisN': 1, 'thisTrialN': 1, 'thisRepN': 0}>
28.7488 	EXP 	stimuli_prompt: autoDraw = False
28.7488 	EXP 	state_pics: autoDraw = False
28.7488 	EXP 	us_state_response: autoDraw = False
28.7488 	EXP 	stimuli_prompt: autoDraw = False
28.7488 	EXP 	state_pics: autoDraw = False
28.7488 	EXP 	us_state_response: autoDraw = False
28.7488 	EXP 	state_pics: ori = 0.0
28.7488 	EXP 	state_pics: image = 'states/Utah-Outline-Map.jpg'
29.1469 	EXP 	stimuli_prompt: autoDraw = True
29.1469 	EXP 	state_pics: autoDraw = True
29.1469 	EXP 	us_state_response: autoDraw = True
34.4663 	DATA 	Keypress: escape
34.6320 	EXP 	state_naming_task: status = STOPPED
34.6464 	EXP 	stimuli_prompt: autoDraw = False
34.6464 	EXP 	state_pics: autoDraw = False
34.6464 	EXP 	us_state_response: autoDraw = False
34.6466 	EXP 	state_naming_task: status = STOPPED
34.6499 	INFO 	saved data to 'C:\\Users\\josef\\OneDrive\\Desktop\\Filler Task for TOT Study\\data/931539_state_naming_task_2025-04-11_19h50.45.119.csv'
34.6514 	INFO 	saved data to C:\Users\josef\OneDrive\Desktop\Filler Task for TOT Study\data/931539_state_naming_task_2025-04-11_19h50.45.119.psydat
