6.6923 	DEBUG 	Fullscreen settings ignored as running in pilot mode.
6.6936 	INFO 	Loaded monitor calibration from ['2025_04_09 10:33']
7.1099 	EXP 	Created window1 = Window(allowGUI=False, allowStencil=True, autoLog=True, backendConf=UNKNOWN, backgroundFit=<method-wrapper '__getattribute__' of attributeSetter object at 0x00000259D9FDC190>, backgroundImage=<method-wrapper '__getattribute__' of attributeSetter object at 0x00000259D9FDC130>, bitsMode=UNKNOWN, blendMode='avg', bpc=(8, 8, 8), color=array([1., 1., 1.]), colorSpace='rgb', depthBits=8, fullscr=False, gamma=None, gammaErrorPolicy='raise', infoMsg=UNKNOWN, lms=UNKNOWN, monitor=<psychopy.monitors.calibTools.Monitor object at 0x00000259DA09E6B0>, multiSample=False, name='window1', numSamples=2, pos=[560.0, 300.0], screen=0, size=array([800, 600]), stencilBits=8, stereo=False, title='PsychoPy', units='height', useFBO=True, useRetina=False, viewOri=0.0, viewPos=None, viewScale=None, waitBlanking=True, winType='pyglet')
7.1100 	EXP 	window1: backgroundImage = ''
7.1100 	EXP 	window1: backgroundFit = 'none'
7.1215 	DEBUG 	TextBox2 loaded 1 chars with 0 blanks and 1 valid
7.1225 	DEBUG 	TextBox2 loaded 1 chars with 0 blanks and 1 valid
7.1237 	DEBUG 	TextBox2 loaded 1 chars with 0 blanks and 1 valid
7.1246 	DEBUG 	TextBox2 loaded 1 chars with 0 blanks and 1 valid
7.1253 	DEBUG 	TextBox2 loaded 1 chars with 0 blanks and 1 valid
7.1259 	DEBUG 	TextBox2 loaded 1 chars with 0 blanks and 1 valid
7.1271 	DEBUG 	TextBox2 loaded 1 chars with 0 blanks and 1 valid
7.1280 	DEBUG 	TextBox2 loaded 1 chars with 0 blanks and 1 valid
7.1290 	DEBUG 	TextBox2 loaded 1 chars with 0 blanks and 1 valid
7.1294 	DEBUG 	TextBox2 loaded 1 chars with 0 blanks and 1 valid
7.1299 	DEBUG 	TextBox2 loaded 1 chars with 0 blanks and 1 valid
7.1304 	DEBUG 	TextBox2 loaded 1 chars with 0 blanks and 1 valid
7.1313 	DEBUG 	TextBox2 loaded 1 chars with 0 blanks and 1 valid
7.1322 	DEBUG 	TextBox2 loaded 1 chars with 0 blanks and 1 valid
7.1332 	DEBUG 	TextBox2 loaded 1 chars with 0 blanks and 1 valid
7.1344 	DEBUG 	TextBox2 loaded 1 chars with 0 blanks and 1 valid
7.1349 	DEBUG 	TextBox2 loaded 1 chars with 0 blanks and 1 valid
7.1359 	DEBUG 	TextBox2 loaded 1 chars with 0 blanks and 1 valid
7.1371 	DEBUG 	TextBox2 loaded 1 chars with 0 blanks and 1 valid
7.1376 	DEBUG 	TextBox2 loaded 1 chars with 0 blanks and 1 valid
7.1380 	DEBUG 	Uploading Texture Font fontname to graphics card
7.1398 	DEBUG 	Upload of Texture Font fontname complete
7.1476 	DEBUG 	TextBox2 loaded 1 chars with 0 blanks and 1 valid
7.1489 	DEBUG 	TextBox2 loaded 1 chars with 0 blanks and 1 valid
7.1500 	DEBUG 	TextBox2 loaded 1 chars with 0 blanks and 1 valid
7.1503 	DEBUG 	Uploading Texture Font fontname to graphics card
7.1514 	DEBUG 	Upload of Texture Font fontname complete
7.1539 	EXP 	window1: Attempting to measure frame rate of screen (0) ...
7.1539 	EXP 	window1: recordFrameIntervals = False
7.3313 	EXP 	window1: recordFrameIntervals = True
7.5993 	EXP 	Screen (0) actual frame rate measured at 59.63Hz
7.5993 	EXP 	window1: recordFrameIntervals = False
7.6057 	DEBUG 	TextBox2 loaded 1 chars with 0 blanks and 1 valid
7.6064 	DEBUG 	TextBox2 loaded 1 chars with 0 blanks and 1 valid
7.6074 	DEBUG 	TextBox2 loaded 1 chars with 0 blanks and 1 valid
7.6087 	DEBUG 	TextBox2 loaded 1 chars with 0 blanks and 1 valid
7.6099 	DEBUG 	TextBox2 loaded 1 chars with 0 blanks and 1 valid
7.6111 	DEBUG 	TextBox2 loaded 1 chars with 0 blanks and 1 valid
7.6119 	DEBUG 	TextBox2 loaded 1 chars with 0 blanks and 1 valid
7.6129 	DEBUG 	TextBox2 loaded 1 chars with 0 blanks and 1 valid
7.6138 	DEBUG 	TextBox2 loaded 1 chars with 0 blanks and 1 valid
7.6149 	DEBUG 	TextBox2 loaded 1 chars with 0 blanks and 1 valid
7.6165 	DEBUG 	TextBox2 loaded 1 chars with 0 blanks and 1 valid
7.6175 	DEBUG 	TextBox2 loaded 1 chars with 0 blanks and 1 valid
7.6178 	DEBUG 	Uploading Texture Font fontname to graphics card
7.6189 	DEBUG 	Upload of Texture Font fontname complete
7.6353 	WARNING 	launchHubServer: If using the iohub mouse or eyetracker devices, fullScr should be True.
11.0603 	INFO 	keyboard.Keyboard is using iohub backend.
11.0603 	INFO 	keyboard.Keyboard is using iohub backend.
11.0604 	INFO 	keyboard.Keyboard is using iohub backend.
11.0604 	EXP 	state_naming_task: status = STARTED
11.1714 	EXP 	Created task_instructions = TextStim(__class__=<class 'psychopy.visual.text.TextStim'>, alignHoriz=method-wrapper(...), alignText='center', alignVert=method-wrapper(...), anchorHoriz='center', anchorVert='center', antialias=True, autoDraw=False, autoLog=True, bold=False, color=array([-1., -1., -1.]), colorSpace='rgb', contrast=1.0, depth=0.0, draggable=False, flipHoriz=False, flipVert=False, font='Arial', fontFiles=[], height=0.05, italic=False, languageStyle='LTR', name='task_instructions', opacity=1, ori=0.0, pos=array([0., 0.]), rgb=UNKNOWN, text=str(...), units='height', win=Window(...), wrapWidth=1)
11.1772 	EXP 	Created stimuli_prompt = TextStim(__class__=<class 'psychopy.visual.text.TextStim'>, alignHoriz=method-wrapper(...), alignText='center', alignVert=method-wrapper(...), anchorHoriz='center', anchorVert='center', antialias=True, autoDraw=False, autoLog=True, bold=False, color=array([-1., -1., -1.]), colorSpace='rgb', contrast=1.0, depth=0.0, draggable=False, flipHoriz=False, flipVert=False, font='Arial', fontFiles=[], height=0.05, italic=False, languageStyle='LTR', name='stimuli_prompt', opacity=1, ori=0.0, pos=array([0. , 0.4]), rgb=UNKNOWN, text='What is the name of this U.S. State?', units='height', win=Window(...), wrapWidth=1)
11.1816 	EXP 	Created state_pics = ImageStim(__class__=<class 'psychopy.visual.image.ImageStim'>, anchor=('center', 'center'), autoLog=True, color=array([1., 1., 1.]), colorSpace='rgb', contrast=1.0, depth=-1.0, draggable=True, flipHoriz=False, flipVert=False, image='default.png', interpolate=True, mask=None, maskParams=None, name='state_pics', opacity=1, ori=1.0, pos=array([0., 0.]), size=array([0.5, 0.5]), texRes=128.0, units='height', win=Window(...))
11.1911 	DEBUG 	TextBox2 loaded 1 chars with 0 blanks and 1 valid
11.1929 	DEBUG 	TextBox2 loaded 1 chars with 0 blanks and 1 valid
11.1947 	DEBUG 	TextBox2 loaded 1 chars with 0 blanks and 1 valid
11.1962 	DEBUG 	TextBox2 loaded 1 chars with 0 blanks and 1 valid
11.1975 	DEBUG 	TextBox2 loaded 1 chars with 0 blanks and 1 valid
11.1986 	DEBUG 	TextBox2 loaded 1 chars with 0 blanks and 1 valid
11.2003 	DEBUG 	TextBox2 loaded 1 chars with 0 blanks and 1 valid
11.2017 	DEBUG 	TextBox2 loaded 1 chars with 0 blanks and 1 valid
11.2028 	DEBUG 	TextBox2 loaded 1 chars with 0 blanks and 1 valid
11.2031 	DEBUG 	Uploading Texture Font fontname to graphics card
11.2040 	DEBUG 	Upload of Texture Font fontname complete
11.2087 	EXP 	Created stimuli_prompt = TextStim(__class__=<class 'psychopy.visual.text.TextStim'>, alignHoriz=method-wrapper(...), alignText='center', alignVert=method-wrapper(...), anchorHoriz='center', anchorVert='center', antialias=True, autoDraw=False, autoLog=True, bold=False, color=array([-1., -1., -1.]), colorSpace='rgb', contrast=1.0, depth=0.0, draggable=False, flipHoriz=False, flipVert=False, font='Arial', fontFiles=[], height=0.05, italic=False, languageStyle='LTR', name='stimuli_prompt', opacity=1, ori=0.0, pos=array([0. , 0.4]), rgb=UNKNOWN, text='What is the name of this U.S. State?', units='height', win=Window(...), wrapWidth=1)
11.2126 	EXP 	Created state_pics = ImageStim(__class__=<class 'psychopy.visual.image.ImageStim'>, anchor=('center', 'center'), autoLog=True, color=array([1., 1., 1.]), colorSpace='rgb', contrast=1.0, depth=-1.0, draggable=True, flipHoriz=False, flipVert=False, image='default.png', interpolate=True, mask=None, maskParams=None, name='state_pics', opacity=1, ori=1.0, pos=array([0., 0.]), size=array([0.5, 0.5]), texRes=128.0, units='height', win=Window(...))
11.2261 	EXP 	Created stimuli_prompt = TextStim(__class__=<class 'psychopy.visual.text.TextStim'>, alignHoriz=method-wrapper(...), alignText='center', alignVert=method-wrapper(...), anchorHoriz='center', anchorVert='center', antialias=True, autoDraw=False, autoLog=True, bold=False, color=array([-1., -1., -1.]), colorSpace='rgb', contrast=1.0, depth=0.0, draggable=False, flipHoriz=False, flipVert=False, font='Arial', fontFiles=[], height=0.05, italic=False, languageStyle='LTR', name='stimuli_prompt', opacity=1, ori=0.0, pos=array([0. , 0.4]), rgb=UNKNOWN, text='What is the name of this U.S. State?', units='height', win=Window(...), wrapWidth=1)
11.2306 	EXP 	Created state_pics = ImageStim(__class__=<class 'psychopy.visual.image.ImageStim'>, anchor=('center', 'center'), autoLog=True, color=array([1., 1., 1.]), colorSpace='rgb', contrast=1.0, depth=-1.0, draggable=True, flipHoriz=False, flipVert=False, image='default.png', interpolate=True, mask=None, maskParams=None, name='state_pics', opacity=1, ori=1.0, pos=array([0., 0.]), size=array([0.5, 0.5]), texRes=128.0, units='height', win=Window(...))
11.2505 	EXP 	Created text = TextStim(__class__=<class 'psychopy.visual.text.TextStim'>, alignHoriz=method-wrapper(...), alignText='center', alignVert=method-wrapper(...), anchorHoriz='center', anchorVert='center', antialias=True, autoDraw=False, autoLog=True, bold=False, color=array([-1., -1., -1.]), colorSpace='rgb', contrast=1.0, depth=0.0, draggable=False, flipHoriz=False, flipVert=False, font='Arial', fontFiles=[], height=0.05, italic=False, languageStyle='LTR', name='text', opacity=1, ori=0.0, pos=array([0., 0.]), rgb=UNKNOWN, text=str(...), units='height', win=Window(...), wrapWidth=1)
0.0119 	EXP 	us_state_response: autoLog = True
0.0119 	EXP 	us_state_response: autoLog = True
0.0119 	EXP 	us_state_response: autoLog = True
0.0297 	INFO 	Keyboard events cleared
0.0293 	EXP 	task_instructions: autoDraw = True
2.8208 	DATA 	Keypress: escape
2.9832 	EXP 	state_naming_task: status = STOPPED
2.9963 	EXP 	task_instructions: autoDraw = False
2.9986 	EXP 	state_naming_task: status = STOPPED
3.0275 	INFO 	saved data to 'C:\\Users\\josef\\OneDrive\\Desktop\\Filler Task for TOT Study\\data/963992_state_naming_task_2025-04-11_19h50.25.519.csv'
3.0283 	INFO 	saved data to C:\Users\josef\OneDrive\Desktop\Filler Task for TOT Study\data/963992_state_naming_task_2025-04-11_19h50.25.519.psydat
3.3005 	DEBUG 	Saving data for state_naming_task ExperimentHandler
