6.9837 	INFO 	Loaded monitor calibration from ['2025_04_09 10:33']
7.0101 	WARNING 	User requested fullscreen with size [1536  960], but screen is actually [1920, 1200]. Using actual size
7.6371 	EXP 	Created window1 = Window(allowGUI=False, allowStencil=True, autoLog=True, backendConf=UNKNOWN, backgroundFit=<method-wrapper '__getattribute__' of attributeSetter object at 0x000001BCAF592710>, backgroundImage=<method-wrapper '__getattribute__' of attributeSetter object at 0x000001BCAF592890>, bitsMode=UNKNOWN, blendMode='avg', bpc=(8, 8, 8), color=array([1., 1., 1.]), colorSpace='rgb', depthBits=8, fullscr=True, gamma=None, gammaErrorPolicy='raise', infoMsg=UNKNOWN, lms=UNKNOWN, monitor=<psychopy.monitors.calibTools.Monitor object at 0x000001BCAF671F90>, multiSample=False, name='window1', numSamples=2, pos=[0.0, 0.0], screen=0, size=array([1920, 1200]), stencilBits=8, stereo=False, title='PsychoPy', units='height', useFBO=True, useRetina=False, viewOri=0.0, viewPos=None, viewScale=None, waitBlanking=True, winType='pyglet')
7.6373 	EXP 	window1: backgroundImage = ''
7.6373 	EXP 	window1: backgroundFit = 'none'
7.7597 	EXP 	window1: Attempting to measure frame rate of screen (0) ...
7.7598 	EXP 	window1: recordFrameIntervals = False
8.0654 	EXP 	window1: recordFrameIntervals = True
8.2480 	EXP 	Screen (0) actual frame rate measured at 60.48Hz
8.2480 	EXP 	window1: recordFrameIntervals = False
11.5913 	INFO 	keyboard.Keyboard is using iohub backend.
11.5913 	INFO 	keyboard.Keyboard is using iohub backend.
11.5914 	INFO 	keyboard.Keyboard is using iohub backend.
11.5914 	EXP 	state_naming_task: status = STARTED
11.6977 	EXP 	Created task_instructions = TextStim(__class__=<class 'psychopy.visual.text.TextStim'>, alignHoriz=method-wrapper(...), alignText='center', alignVert=method-wrapper(...), anchorHoriz='center', anchorVert='center', antialias=True, autoDraw=False, autoLog=True, bold=False, color=array([-1., -1., -1.]), colorSpace='rgb', contrast=1.0, depth=0.0, draggable=False, flipHoriz=False, flipVert=False, font='Arial', fontFiles=[], height=0.05, italic=False, languageStyle='LTR', name='task_instructions', opacity=1, ori=0.0, pos=array([0., 0.]), rgb=UNKNOWN, text=str(...), units='height', win=Window(...), wrapWidth=1)
11.8032 	EXP 	Created image = ImageStim(__class__=<class 'psychopy.visual.image.ImageStim'>, anchor=('center', 'center'), autoLog=True, color=array([1., 1., 1.]), colorSpace='rgb', contrast=1.0, depth=0.0, draggable=False, flipHoriz=False, flipVert=False, image=str(...), interpolate=True, mask=None, maskParams=None, name='image', opacity=1, ori=0.0, pos=array([0., 0.]), size=array([0.5, 0.5]), texRes=128.0, units='height', win=Window(...))
0.0129 	EXP 	textbox: autoLog = True
0.0401 	INFO 	Keyboard events cleared
0.0396 	EXP 	task_instructions: autoDraw = True
3.7473 	DATA 	Keypress: space
3.7562 	EXP 	task_instructions: autoDraw = False
4.2575 	INFO 	Keyboard events cleared
4.2571 	EXP 	image: autoDraw = True
4.2571 	EXP 	textbox: autoDraw = True
10.9956 	DATA 	Keypress: escape
11.1442 	EXP 	state_naming_task: status = STOPPED
11.1571 	EXP 	image: autoDraw = False
11.1571 	EXP 	textbox: autoDraw = False
11.1573 	EXP 	state_naming_task: status = STOPPED
11.1834 	INFO 	saved data to 'C:\\Users\\josef\\OneDrive\\Desktop\\Filler Task for TOT Study\\data/980406_state_naming_task_2025-04-11_10h51.18.379.csv'
11.1847 	INFO 	saved data to C:\Users\josef\OneDrive\Desktop\Filler Task for TOT Study\data/980406_state_naming_task_2025-04-11_10h51.18.379.psydat
